Archive member included to satisfy reference by file (symbol)

E:/Program Files/SEGGER/SEGGER Embedded Studio for ARM 5.70a/lib/libm_v7em_fpv4_sp_d16_hard_t_le_eabi.a(libm_asm.o)
                              Output/nrf52832_xxaa/Obj/tag/rTDoA_est.o (__aeabi_dadd)
E:/Program Files/SEGGER/SEGGER Embedded Studio for ARM 5.70a/lib/libm_v7em_fpv4_sp_d16_hard_t_le_eabi.a(libm2.o)
                              Output/nrf52832_xxaa/Obj/tag/rTDoA_est.o (pow)
E:/Program Files/SEGGER/SEGGER Embedded Studio for ARM 5.70a/lib/libc_v7em_fpv4_sp_d16_hard_t_le_eabi.a(libc_asm.o)
                              Output/nrf52832_xxaa/Obj/tag/bsp.o (__aeabi_uldivmod)
E:/Program Files/SEGGER/SEGGER Embedded Studio for ARM 5.70a/lib/libc_v7em_fpv4_sp_d16_hard_t_le_eabi.a(libc2.o)
                              E:/Program Files/SEGGER/SEGGER Embedded Studio for ARM 5.70a/lib/libm_v7em_fpv4_sp_d16_hard_t_le_eabi.a(libm2.o) (__aeabi_errno_addr)
E:/Program Files/SEGGER/SEGGER Embedded Studio for ARM 5.70a/lib/libc_v7em_fpv4_sp_d16_hard_t_le_eabi.a(libc2_asm.o)
                              Output/nrf52832_xxaa/Obj/tag/nrf_memobj.o (memcpy)
E:/Program Files/SEGGER/SEGGER Embedded Studio for ARM 5.70a/lib/libc_v7em_fpv4_sp_d16_hard_t_le_eabi.a(libvfprintf.o)
                              (__vfprintf_short_float_long)
E:/Program Files/SEGGER/SEGGER Embedded Studio for ARM 5.70a/lib/libc_v7em_fpv4_sp_d16_hard_t_le_eabi.a(libvfscanf.o)
                              (__vfscanf_int)
E:/Program Files/SEGGER/SEGGER Embedded Studio for ARM 5.70a/lib/libdebugio_v7em_fpv4_sp_d16_hard_t_le_eabi.a(libdebugio.o)
                              Output/nrf52832_xxaa/Obj/tag/thumb_crt0.o (debug_fopen)
E:/Program Files/SEGGER/SEGGER Embedded Studio for ARM 5.70a/lib/libdebugio_v7em_fpv4_sp_d16_hard_t_le_eabi.a(do_nv_debug_operation.o)
                              E:/Program Files/SEGGER/SEGGER Embedded Studio for ARM 5.70a/lib/libdebugio_v7em_fpv4_sp_d16_hard_t_le_eabi.a(libdebugio.o) (__do_nvdebug_operation)
E:/Program Files/SEGGER/SEGGER Embedded Studio for ARM 5.70a/lib/libdebugio_v7em_fpv4_sp_d16_hard_t_le_eabi.a(mempoll_debug_operations.o)
                              (__do_debug_operation_mempoll)

Discarded input sections

 .text          0x0000000000000000        0x0 Output/nrf52832_xxaa/Obj/tag/thumb_crt0.o
 .data          0x0000000000000000        0x0 Output/nrf52832_xxaa/Obj/tag/thumb_crt0.o
 .bss           0x0000000000000000        0x0 Output/nrf52832_xxaa/Obj/tag/thumb_crt0.o
 .text.__heap_lock
                0x0000000000000000        0x2 Output/nrf52832_xxaa/Obj/tag/thumb_crt0.o
 .text.__heap_unlock
                0x0000000000000000        0x2 Output/nrf52832_xxaa/Obj/tag/thumb_crt0.o
 .text.__scanf_lock
                0x0000000000000000        0x2 Output/nrf52832_xxaa/Obj/tag/thumb_crt0.o
 .text.__scanf_unlock
                0x0000000000000000        0x2 Output/nrf52832_xxaa/Obj/tag/thumb_crt0.o
 .text.__debug_io_lock
                0x0000000000000000        0x2 Output/nrf52832_xxaa/Obj/tag/thumb_crt0.o
 .text.__debug_io_unlock
                0x0000000000000000        0x2 Output/nrf52832_xxaa/Obj/tag/thumb_crt0.o
 .text.abort    0x0000000000000000        0x2 Output/nrf52832_xxaa/Obj/tag/thumb_crt0.o
 .text.__assert
                0x0000000000000000        0x2 Output/nrf52832_xxaa/Obj/tag/thumb_crt0.o
 .text.__aeabi_assert
                0x0000000000000000        0x2 Output/nrf52832_xxaa/Obj/tag/thumb_crt0.o
 .text.__cxa_pure_virtual
                0x0000000000000000        0x2 Output/nrf52832_xxaa/Obj/tag/thumb_crt0.o
 .text.__cxa_guard_acquire
                0x0000000000000000       0x10 Output/nrf52832_xxaa/Obj/tag/thumb_crt0.o
 .text.__cxa_guard_release
                0x0000000000000000        0x6 Output/nrf52832_xxaa/Obj/tag/thumb_crt0.o
 .text.__cxa_guard_abort
                0x0000000000000000        0x2 Output/nrf52832_xxaa/Obj/tag/thumb_crt0.o
 .text.__sync_synchronize
                0x0000000000000000        0x2 Output/nrf52832_xxaa/Obj/tag/thumb_crt0.o
 .text.__open   0x0000000000000000        0x4 Output/nrf52832_xxaa/Obj/tag/thumb_crt0.o
 .text.__close  0x0000000000000000        0x4 Output/nrf52832_xxaa/Obj/tag/thumb_crt0.o
 .text.__write  0x0000000000000000        0xa Output/nrf52832_xxaa/Obj/tag/thumb_crt0.o
 .text.__read   0x0000000000000000        0xa Output/nrf52832_xxaa/Obj/tag/thumb_crt0.o
 .text.__seek   0x0000000000000000       0x1a Output/nrf52832_xxaa/Obj/tag/thumb_crt0.o
 .bss.__user_locale_name_buffer
                0x0000000000000000        0x4 Output/nrf52832_xxaa/Obj/tag/thumb_crt0.o
 .stack         0x0000000000000000        0x0 Output/nrf52832_xxaa/Obj/tag/thumb_crt0.o
 .stack_process
                0x0000000000000000        0x0 Output/nrf52832_xxaa/Obj/tag/thumb_crt0.o
 .heap          0x0000000000000000        0x0 Output/nrf52832_xxaa/Obj/tag/thumb_crt0.o
 .text          0x0000000000000000        0x0 Output/nrf52832_xxaa/Obj/tag/ses_nrf52_startup.o
[...]
Memory Configuration

Name             Origin             Length             Attributes
UNPLACED_SECTIONS 0x0000000100000000 0x0000000000000000 xw
RAM              0x0000000020000000 0x0000000000010000 xw
FLASH            0x0000000000000000 0x0000000000080000 xw
*default*        0x0000000000000000 0xffffffffffffffff

Linker script and memory map

                0x0000000000000000                __do_debug_operation = __do_debug_operation_mempoll
                0x000000000002dbe0                __vfprintf = __vfprintf_short_float_long
                0x0000000000000000                __vfscanf = __vfscanf_int
                0x0000000020000000                __RAM_segment_start__ = 0x20000000
                0x0000000020010000                __RAM_segment_end__ = 0x20010000
                0x0000000000010000                __RAM_segment_size__ = 0x10000
                0x0000000000000000                __FLASH_segment_start__ = 0x0
                0x0000000000080000                __FLASH_segment_end__ = 0x80000
                0x0000000000080000                __FLASH_segment_size__ = 0x80000
                0x0000000000000400                __HEAPSIZE__ = 0x400
                0x0000000000000000                __STACKSIZE_PROCESS__ = 0x0
                0x0000000000000800                __STACKSIZE__ = 0x800
                0x0000000020000000                __reserved_ram_load_start__ = 0x20000000

.reserved_ram   0x0000000020000000     0x2000
                0x0000000020000000                __reserved_ram_start__ = .
 *(.reserved_ram .reserved_ram.*)
                0x0000000020002000                . = MAX (((__reserved_ram_start__ + 0x20002000) - 0x20000000), .)
 *fill*         0x0000000020000000     0x2000 
                0x0000000020002000                __reserved_ram_end__ = (__reserved_ram_start__ + SIZEOF (.reserved_ram))
                0x0000000000002000                __reserved_ram_size__ = SIZEOF (.reserved_ram)
                0x0000000020002000                __reserved_ram_load_end__ = __reserved_ram_end__
                0x0000000000000001                . = ASSERT (((__reserved_ram_start__ == __reserved_ram_end__) || ((__reserved_ram_end__ - __RAM_segment_start__) <= __RAM_segment_size__)), error: .reserved_ram is too large to fit in RAM memory segment)
                0x0000000020002000                __vectors_ram_load_start__ = 0x20002000

.vectors_ram    0x0000000020002000        0x0
                0x0000000020002000                __vectors_ram_start__ = .
                0x0000000020002000                __app_ram_start__ = __vectors_ram_start__
 *(.vectors_ram .vectors_ram.*)
                0x0000000020002000                __vectors_ram_end__ = (__vectors_ram_start__ + SIZEOF (.vectors_ram))
                0x0000000000000000                __vectors_ram_size__ = SIZEOF (.vectors_ram)
                0x0000000020002000                __vectors_ram_load_end__ = __vectors_ram_end__
                0x0000000000000001                . = ASSERT (((__vectors_ram_start__ == __vectors_ram_end__) || ((__vectors_ram_end__ - __RAM_segment_start__) <= __RAM_segment_size__)), error: .vectors_ram is too large to fit in RAM memory segment)
                0x0000000000000001                . = ASSERT ((__reserved_ram_end__ <= __vectors_ram_start__), error: section .reserved_ram overlaps absolute placed section .vectors_ram)
                0x0000000020002000                __nrf_sections_run_load_start__ = ALIGN (__vectors_ram_end__, 0x4)

.nrf_sections_run
                0x0000000020002000        0x0
                0x0000000020002000                __nrf_sections_run_start__ = .
                0x0000000020002000                __start_nrf_sections_run = __nrf_sections_run_start__
 *(.nrf_sections_run .nrf_sections_run.*)
                0x0000000020002000                __nrf_sections_run_end__ = (__nrf_sections_run_start__ + SIZEOF (.nrf_sections_run))
                0x0000000000000000                __nrf_sections_run_size__ = SIZEOF (.nrf_sections_run)
                0x0000000020002000                __nrf_sections_run_load_end__ = __nrf_sections_run_end__
                0x0000000000000001                . = ASSERT (((__nrf_sections_run_start__ == __nrf_sections_run_end__) || ((__nrf_sections_run_end__ - __RAM_segment_start__) <= __RAM_segment_size__)), error: .nrf_sections_run is too large to fit in RAM memory segment)
                0x0000000000000000                __reserved_flash_load_start__ = 0x0

.reserved_flash
                0x0000000000000000    0x23000
                0x0000000000000000                __reserved_flash_start__ = .
 *(.reserved_flash .reserved_flash.*)
                0x0000000000023000                . = MAX (((__reserved_flash_start__ + 0x23000) - 0x0), .)
 *fill*         0x0000000000000000    0x23000 
                0x0000000000023000                __reserved_flash_end__ = (__reserved_flash_start__ + SIZEOF (.reserved_flash))
                0x0000000000023000                __reserved_flash_size__ = SIZEOF (.reserved_flash)
                0x0000000000023000                __reserved_flash_load_end__ = __reserved_flash_end__
                0x0000000000000001                . = ASSERT (((__reserved_flash_start__ == __reserved_flash_end__) || ((__reserved_flash_end__ - __FLASH_segment_start__) <= __FLASH_segment_size__)), error: .reserved_flash is too large to fit in FLASH memory segment)
                0x0000000000023000                __vectors_load_start__ = 0x23000

.vectors        0x0000000000023000       0xd8
                0x0000000000023000                __vectors_start__ = .
 *(.vectors .vectors.*)
 .vectors       0x0000000000023000       0xd8 Output/nrf52832_xxaa/Obj/tag/ses_nrf52_startup.o
                0x0000000000023000                _vectors
                0x00000000000230d8                __vectors_end__ = (__vectors_start__ + SIZEOF (.vectors))
                0x00000000000000d8                __vectors_size__ = SIZEOF (.vectors)
                0x00000000000230d8                __vectors_load_end__ = __vectors_end__
                0x0000000000000001                . = ASSERT (((__vectors_start__ == __vectors_end__) || ((__vectors_end__ - __FLASH_segment_start__) <= __FLASH_segment_size__)), error: .vectors is too large to fit in FLASH memory segment)
                0x0000000000000001                . = ASSERT ((__reserved_flash_end__ <= __vectors_start__), error: section .reserved_flash overlaps absolute placed section .vectors)
                0x00000000000230d8                __init_load_start__ = ALIGN (__vectors_end__, 0x4)

.init           0x00000000000230d8      0x1d8
                0x00000000000230d8                __init_start__ = .
 *(.init .init.*)
 .init          0x00000000000230d8      0x16c Output/nrf52832_xxaa/Obj/tag/thumb_crt0.o
                0x00000000000230d8                _start
                0x0000000000023194                exit
 .init          0x0000000000023244       0x6c Output/nrf52832_xxaa/Obj/tag/ses_nrf52_startup.o
                0x0000000000023244                NMI_Handler
                0x0000000000023248                MemoryManagement_Handler
                0x000000000002324a                BusFault_Handler
                0x000000000002324c                UsageFault_Handler
                0x0000000000023250                DebugMon_Handler
                0x0000000000023254                SysTick_Handler
                0x0000000000023258                RADIO_IRQHandler
                0x0000000000023260                NFCT_IRQHandler
                0x0000000000023264                SAADC_IRQHandler
                0x0000000000023266                TIMER0_IRQHandler
                0x0000000000023268                TIMER1_IRQHandler
                0x000000000002326a                TIMER2_IRQHandler
                0x000000000002326c                RTC0_IRQHandler
                0x000000000002326e                TEMP_IRQHandler
                0x0000000000023270                RNG_IRQHandler
                0x0000000000023272                ECB_IRQHandler
                0x0000000000023274                CCM_AAR_IRQHandler
                0x0000000000023276                WDT_IRQHandler
                0x000000000002327a                QDEC_IRQHandler
                0x000000000002327c                COMP_LPCOMP_IRQHandler
                0x000000000002327e                SWI0_EGU0_IRQHandler
                0x0000000000023280                SWI1_EGU1_IRQHandler
                0x0000000000023284                SWI3_EGU3_IRQHandler
                0x0000000000023286                SWI4_EGU4_IRQHandler
                0x0000000000023288                SWI5_EGU5_IRQHandler
                0x000000000002328a                TIMER3_IRQHandler
                0x000000000002328c                TIMER4_IRQHandler
                0x000000000002328e                PWM0_IRQHandler
                0x0000000000023290                PDM_IRQHandler
                0x0000000000023292                MWU_IRQHandler
                0x0000000000023294                PWM1_IRQHandler
                0x0000000000023296                PWM2_IRQHandler
                0x0000000000023298                SPIM2_SPIS2_SPI2_IRQHandler
                0x000000000002329a                RTC2_IRQHandler
                0x000000000002329c                I2S_IRQHandler
                0x000000000002329e                reset_handler
                0x00000000000232b0                __init_end__ = (__init_start__ + SIZEOF (.init))
                0x00000000000001d8                __init_size__ = SIZEOF (.init)
                0x00000000000232b0                __init_load_end__ = __init_end__
                0x0000000000000001                . = ASSERT (((__init_start__ == __init_end__) || ((__init_end__ - __FLASH_segment_start__) <= __FLASH_segment_size__)), error: .init is too large to fit in FLASH memory segment)
                0x00000000000232b0                __init_rodata_load_start__ = ALIGN (__init_end__, 0x4)

.init_rodata    0x00000000000232b0        0x0
                0x00000000000232b0                __init_rodata_start__ = .
 *(.init_rodata .init_rodata.*)
                0x00000000000232b0                __init_rodata_end__ = (__init_rodata_start__ + SIZEOF (.init_rodata))
                0x0000000000000000                __init_rodata_size__ = SIZEOF (.init_rodata)
                0x00000000000232b0                __init_rodata_load_end__ = __init_rodata_end__
                0x0000000000000001                . = ASSERT (((__init_rodata_start__ == __init_rodata_end__) || ((__init_rodata_end__ - __FLASH_segment_start__) <= __FLASH_segment_size__)), error: .init_rodata is too large to fit in FLASH memory segment)
                0x00000000000232b0                __text_load_start__ = ALIGN (__init_rodata_end__, 0x4)

.text           0x00000000000232b0     0xb798
                0x00000000000232b0                __text_start__ = .
 *(.text .text.* .glue_7t .glue_7 .gnu.linkonce.t.* .gcc_except_table .ARM.extab* .gnu.linkonce.armextab.*)
 .glue_7        0x00000000000232b0        0x0 linker stubs
 .glue_7t       0x00000000000232b0        0x0 linker stubs
 .text.__aeabi_read_tp
                0x00000000000232b0        0x8 Output/nrf52832_xxaa/Obj/tag/thumb_crt0.o
                0x00000000000232b0                __aeabi_read_tp
 .text.__printf_lock
                0x00000000000232b8        0x2 Output/nrf52832_xxaa/Obj/tag/thumb_crt0.o
                0x00000000000232b8                __printf_lock
 .text.__printf_unlock
                0x00000000000232ba        0x2 Output/nrf52832_xxaa/Obj/tag/thumb_crt0.o
                0x00000000000232ba                __printf_unlock
 .text.NVIC_SystemReset
                0x00000000000232bc       0x2c Output/nrf52832_xxaa/Obj/tag/system_nrf52.o
 .text.SystemCoreClockUpdate
                0x00000000000232e8       0x14 Output/nrf52832_xxaa/Obj/tag/system_nrf52.o
                0x00000000000232e8                SystemCoreClockUpdate
 .text.SystemInit
                0x00000000000232fc      0x2c0 Output/nrf52832_xxaa/Obj/tag/system_nrf52.o
                0x00000000000232fc                SystemInit
 .text.errata_12
                0x00000000000235bc       0x58 Output/nrf52832_xxaa/Obj/tag/system_nrf52.o
 .text.errata_16
                0x0000000000023614       0x38 Output/nrf52832_xxaa/Obj/tag/system_nrf52.o
 .text.errata_31
                0x000000000002364c       0x58 Output/nrf52832_xxaa/Obj/tag/system_nrf52.o
 .text.errata_32
                0x00000000000236a4       0x38 Output/nrf52832_xxaa/Obj/tag/system_nrf52.o
 .text.errata_36
                0x00000000000236dc       0x58 Output/nrf52832_xxaa/Obj/tag/system_nrf52.o
 .text.errata_37
                0x0000000000023734       0x38 Output/nrf52832_xxaa/Obj/tag/system_nrf52.o
 .text.errata_57
                0x000000000002376c       0x38 Output/nrf52832_xxaa/Obj/tag/system_nrf52.o
 .text.errata_66
                0x00000000000237a4       0x38 Output/nrf52832_xxaa/Obj/tag/system_nrf52.o
 .text.errata_108
                0x00000000000237dc       0x58 Output/nrf52832_xxaa/Obj/tag/system_nrf52.o
 .text.errata_136
                0x0000000000023834       0x58 Output/nrf52832_xxaa/Obj/tag/system_nrf52.o
 .text.nrf_gpio_pin_port_decode
                0x000000000002388c        0xe Output/nrf52832_xxaa/Obj/tag/main.o
 .text.nrf_gpio_cfg
                0x000000000002389a       0x62 Output/nrf52832_xxaa/Obj/tag/main.o
 .text.nrf_gpio_cfg_input
                0x00000000000238fc       0x2a Output/nrf52832_xxaa/Obj/tag/main.o
 .text.mainTask
                0x0000000000023926        0x8 Output/nrf52832_xxaa/Obj/tag/main.o
                0x0000000000023926                mainTask
 *fill*         0x000000000002392e        0x2 
 .text.uwb_recv_setup
                0x0000000000023930       0x44 Output/nrf52832_xxaa/Obj/tag/main.o
                0x0000000000023930                uwb_recv_setup
 .text.acc_twi_setup
                0x0000000000023974       0x3c Output/nrf52832_xxaa/Obj/tag/main.o
                0x0000000000023974                acc_twi_setup
 .text.main     0x00000000000239b0       0x60 Output/nrf52832_xxaa/Obj/tag/main.o
                0x00000000000239b0                main
 .text.HardFault_Handler
                0x0000000000023a10       0x30 Output/nrf52832_xxaa/Obj/tag/main.o
                0x0000000000023a10                HardFault_Handler
 .text.nrf_gpio_pin_port_decode
                0x0000000000023a40        0xe Output/nrf52832_xxaa/Obj/tag/boards.o
 .text.nrf_gpio_cfg
                0x0000000000023a4e       0x62 Output/nrf52832_xxaa/Obj/tag/boards.o
 .text.nrf_gpio_cfg_output
                0x0000000000023ab0       0x22 Output/nrf52832_xxaa/Obj/tag/boards.o
 .text.nrf_gpio_pin_set
                0x0000000000023ad2       0x28 Output/nrf52832_xxaa/Obj/tag/boards.o
 .text.nrf_gpio_pin_clear
                0x0000000000023afa       0x28 Output/nrf52832_xxaa/Obj/tag/boards.o
 .text.nrf_gpio_pin_write
                0x0000000000023b22       0x24 Output/nrf52832_xxaa/Obj/tag/boards.o
 .text.nrf_gpio_port_out_set
                0x0000000000023b46       0x14 Output/nrf52832_xxaa/Obj/tag/boards.o
 .text.nrf_gpio_port_out_clear
                0x0000000000023b5a       0x14 Output/nrf52832_xxaa/Obj/tag/boards.o
 *fill*         0x0000000000023b6e        0x2 
 .text.bsp_board_led_on
                0x0000000000023b70       0x24 Output/nrf52832_xxaa/Obj/tag/boards.o
                0x0000000000023b70                bsp_board_led_on
 .text.bsp_board_led_off
                0x0000000000023b94       0x24 Output/nrf52832_xxaa/Obj/tag/boards.o
                0x0000000000023b94                bsp_board_led_off
 .text.bsp_board_leds_off
                0x0000000000023bb8       0x26 Output/nrf52832_xxaa/Obj/tag/boards.o
                0x0000000000023bb8                bsp_board_leds_off
 *fill*         0x0000000000023bde        0x2 
 .text.bsp_board_leds_init
                0x0000000000023be0       0x34 Output/nrf52832_xxaa/Obj/tag/boards.o
                0x0000000000023be0                bsp_board_leds_init
 .text.NVIC_EnableIRQ
                0x0000000000023c14       0x2c Output/nrf52832_xxaa/Obj/tag/nrf_drv_common.o
 .text.NVIC_ClearPendingIRQ
                0x0000000000023c40       0x30 Output/nrf52832_xxaa/Obj/tag/nrf_drv_common.o
 .text.NVIC_SetPriority
                0x0000000000023c70       0x50 Output/nrf52832_xxaa/Obj/tag/nrf_drv_common.o
 .text.nrf_drv_common_irq_enable
                0x0000000000023cc0       0x3e Output/nrf52832_xxaa/Obj/tag/nrf_drv_common.o
                0x0000000000023cc0                nrf_drv_common_irq_enable
 .text.nrf_gpiote_event_is_set
                0x0000000000023cfe       0x2a Output/nrf52832_xxaa/Obj/tag/nrf_drv_gpiote.o
 .text.nrf_gpiote_event_clear
                0x0000000000023d28       0x36 Output/nrf52832_xxaa/Obj/tag/nrf_drv_gpiote.o
 .text.nrf_gpiote_event_addr_get
                0x0000000000023d5e       0x1a Output/nrf52832_xxaa/Obj/tag/nrf_drv_gpiote.o
 .text.nrf_gpiote_int_enable
                0x0000000000023d78       0x18 Output/nrf52832_xxaa/Obj/tag/nrf_drv_gpiote.o
 .text.nrf_gpiote_int_is_enabled
                0x0000000000023d90       0x18 Output/nrf52832_xxaa/Obj/tag/nrf_drv_gpiote.o
 .text.nrf_gpiote_event_enable
                0x0000000000023da8       0x2c Output/nrf52832_xxaa/Obj/tag/nrf_drv_gpiote.o
 .text.nrf_gpiote_event_configure
                0x0000000000023dd4       0x64 Output/nrf52832_xxaa/Obj/tag/nrf_drv_gpiote.o
 .text.nrf_gpiote_event_pin_get
                0x0000000000023e38       0x20 Output/nrf52832_xxaa/Obj/tag/nrf_drv_gpiote.o
 .text.nrf_gpiote_event_polarity_get
                0x0000000000023e58       0x24 Output/nrf52832_xxaa/Obj/tag/nrf_drv_gpiote.o
 .text.nrf_gpio_pin_port_decode
                0x0000000000023e7c        0xe Output/nrf52832_xxaa/Obj/tag/nrf_drv_gpiote.o
 .text.nrf_gpio_cfg
                0x0000000000023e8a       0x62 Output/nrf52832_xxaa/Obj/tag/nrf_drv_gpiote.o
 .text.nrf_gpio_cfg_input
                0x0000000000023eec       0x2a Output/nrf52832_xxaa/Obj/tag/nrf_drv_gpiote.o
 .text.nrf_gpio_cfg_watcher
                0x0000000000023f16       0x38 Output/nrf52832_xxaa/Obj/tag/nrf_drv_gpiote.o
 .text.nrf_gpio_cfg_sense_set
                0x0000000000023f4e       0x5c Output/nrf52832_xxaa/Obj/tag/nrf_drv_gpiote.o
 .text.nrf_gpio_pin_read
                0x0000000000023faa       0x2a Output/nrf52832_xxaa/Obj/tag/nrf_drv_gpiote.o
 .text.nrf_gpio_pin_sense_get
                0x0000000000023fd4       0x2c Output/nrf52832_xxaa/Obj/tag/nrf_drv_gpiote.o
 .text.nrf_gpio_port_in_read
                0x0000000000024000       0x10 Output/nrf52832_xxaa/Obj/tag/nrf_drv_gpiote.o
 .text.nrf_gpio_ports_read
                0x0000000000024010       0x50 Output/nrf52832_xxaa/Obj/tag/nrf_drv_gpiote.o
 .text.nrf_bitmask_bit_is_set
                0x0000000000024060       0x30 Output/nrf52832_xxaa/Obj/tag/nrf_drv_gpiote.o
 .text.nrf_bitmask_bit_set
                0x0000000000024090       0x40 Output/nrf52832_xxaa/Obj/tag/nrf_drv_gpiote.o
 .text.pin_in_use_by_te
                0x00000000000240d0       0x3c Output/nrf52832_xxaa/Obj/tag/nrf_drv_gpiote.o
 .text.pin_in_use_by_port
                0x000000000002410c       0x24 Output/nrf52832_xxaa/Obj/tag/nrf_drv_gpiote.o
 .text.pin_in_use_by_gpiote
                0x0000000000024130       0x24 Output/nrf52832_xxaa/Obj/tag/nrf_drv_gpiote.o
 .text.pin_in_use_by_te_set
                0x0000000000024154       0x50 Output/nrf52832_xxaa/Obj/tag/nrf_drv_gpiote.o
 .text.pin_in_use_clear
                0x00000000000241a4       0x1c Output/nrf52832_xxaa/Obj/tag/nrf_drv_gpiote.o
 .text.channel_port_get
                0x00000000000241c0       0x1c Output/nrf52832_xxaa/Obj/tag/nrf_drv_gpiote.o
 .text.channel_handler_get
                0x00000000000241dc       0x18 Output/nrf52832_xxaa/Obj/tag/nrf_drv_gpiote.o
 .text.channel_port_alloc
                0x00000000000241f4       0x7c Output/nrf52832_xxaa/Obj/tag/nrf_drv_gpiote.o
 .text.channel_free
                0x0000000000024270       0x38 Output/nrf52832_xxaa/Obj/tag/nrf_drv_gpiote.o
 .text.nrf_drv_gpiote_init
                0x00000000000242a8       0x90 Output/nrf52832_xxaa/Obj/tag/nrf_drv_gpiote.o
                0x00000000000242a8                nrf_drv_gpiote_init
 .text.nrf_drv_gpiote_is_init
                0x0000000000024338       0x18 Output/nrf52832_xxaa/Obj/tag/nrf_drv_gpiote.o
                0x0000000000024338                nrf_drv_gpiote_is_init
 .text.nrf_drv_gpiote_in_init
                0x0000000000024350       0xb4 Output/nrf52832_xxaa/Obj/tag/nrf_drv_gpiote.o
                0x0000000000024350                nrf_drv_gpiote_in_init
 .text.nrf_drv_gpiote_in_event_enable
                0x0000000000024404       0xe8 Output/nrf52832_xxaa/Obj/tag/nrf_drv_gpiote.o
                0x0000000000024404                nrf_drv_gpiote_in_event_enable
 .text.GPIOTE_IRQHandler
                0x00000000000244ec      0x2e0 Output/nrf52832_xxaa/Obj/tag/nrf_drv_gpiote.o
                0x00000000000244ec                GPIOTE_IRQHandler
 .text.NVIC_DisableIRQ
                0x00000000000247cc       0x30 Output/nrf52832_xxaa/Obj/tag/nrf_drv_spi.o
 .text.nrf_spi_event_clear
                0x00000000000247fc       0x2a Output/nrf52832_xxaa/Obj/tag/nrf_drv_spi.o
 .text.nrf_spi_event_check
                0x0000000000024826       0x24 Output/nrf52832_xxaa/Obj/tag/nrf_drv_spi.o
 .text.nrf_spi_int_enable
                0x000000000002484a       0x14 Output/nrf52832_xxaa/Obj/tag/nrf_drv_spi.o
 .text.nrf_spi_int_disable
                0x000000000002485e       0x14 Output/nrf52832_xxaa/Obj/tag/nrf_drv_spi.o
 .text.nrf_spi_enable
                0x0000000000024872       0x12 Output/nrf52832_xxaa/Obj/tag/nrf_drv_spi.o
 .text.nrf_spi_disable
                0x0000000000024884       0x12 Output/nrf52832_xxaa/Obj/tag/nrf_drv_spi.o
 .text.nrf_spi_pins_set
                0x0000000000024896       0x28 Output/nrf52832_xxaa/Obj/tag/nrf_drv_spi.o
 .text.nrf_spi_txd_set
                0x00000000000248be       0x1a Output/nrf52832_xxaa/Obj/tag/nrf_drv_spi.o
 .text.nrf_spi_rxd_get
                0x00000000000248d8       0x12 Output/nrf52832_xxaa/Obj/tag/nrf_drv_spi.o
 .text.nrf_spi_frequency_set
                0x00000000000248ea       0x14 Output/nrf52832_xxaa/Obj/tag/nrf_drv_spi.o
 .text.nrf_spi_configure
                0x00000000000248fe       0x64 Output/nrf52832_xxaa/Obj/tag/nrf_drv_spi.o
 .text.nrf_drv_common_irq_disable
                0x0000000000024962       0x1c Output/nrf52832_xxaa/Obj/tag/nrf_drv_spi.o
 .text.nrf_gpio_pin_port_decode
                0x000000000002497e        0xe Output/nrf52832_xxaa/Obj/tag/nrf_drv_spi.o
 .text.nrf_gpio_cfg
                0x000000000002498c       0x62 Output/nrf52832_xxaa/Obj/tag/nrf_drv_spi.o
 .text.nrf_gpio_cfg_output
                0x00000000000249ee       0x22 Output/nrf52832_xxaa/Obj/tag/nrf_drv_spi.o
 .text.nrf_gpio_cfg_input
                0x0000000000024a10       0x2a Output/nrf52832_xxaa/Obj/tag/nrf_drv_spi.o
 .text.nrf_gpio_pin_set
                0x0000000000024a3a       0x28 Output/nrf52832_xxaa/Obj/tag/nrf_drv_spi.o
 .text.nrf_gpio_pin_clear
                0x0000000000024a62       0x28 Output/nrf52832_xxaa/Obj/tag/nrf_drv_spi.o
 .text.nrf_gpio_port_out_set
                0x0000000000024a8a       0x14 Output/nrf52832_xxaa/Obj/tag/nrf_drv_spi.o
 .text.nrf_gpio_port_out_clear
                0x0000000000024a9e       0x14 Output/nrf52832_xxaa/Obj/tag/nrf_drv_spi.o
 *fill*         0x0000000000024ab2        0x2 
 .text.nrf_drv_spi_init
                0x0000000000024ab4      0x188 Output/nrf52832_xxaa/Obj/tag/nrf_drv_spi.o
                0x0000000000024ab4                nrf_drv_spi_init
 .text.nrf_drv_spi_uninit
                0x0000000000024c3c       0x60 Output/nrf52832_xxaa/Obj/tag/nrf_drv_spi.o
                0x0000000000024c3c                nrf_drv_spi_uninit
 .text.nrf_drv_spi_transfer
                0x0000000000024c9c       0x3e Output/nrf52832_xxaa/Obj/tag/nrf_drv_spi.o
                0x0000000000024c9c                nrf_drv_spi_transfer
 .text.finish_transfer
                0x0000000000024cda       0x3e Output/nrf52832_xxaa/Obj/tag/nrf_drv_spi.o
 .text.transfer_byte
                0x0000000000024d18      0x108 Output/nrf52832_xxaa/Obj/tag/nrf_drv_spi.o
 .text.spi_xfer
                0x0000000000024e20       0xca Output/nrf52832_xxaa/Obj/tag/nrf_drv_spi.o
 *fill*         0x0000000000024eea        0x2 
 .text.nrf_drv_spi_xfer
                0x0000000000024eec       0xc4 Output/nrf52832_xxaa/Obj/tag/nrf_drv_spi.o
                0x0000000000024eec                nrf_drv_spi_xfer
 .text.irq_handler_spi
                0x0000000000024fb0       0x34 Output/nrf52832_xxaa/Obj/tag/nrf_drv_spi.o
 .text.SPIM1_SPIS1_TWIM1_TWIS1_SPI1_TWI1_IRQHandler
                0x0000000000024fe4       0x20 Output/nrf52832_xxaa/Obj/tag/nrf_drv_spi.o
                0x0000000000024fe4                SPIM1_SPIS1_TWIM1_TWIS1_SPI1_TWI1_IRQHandler
 .text.nrf_uart_event_clear
                0x0000000000025004       0x2a Output/nrf52832_xxaa/Obj/tag/nrf_drv_uart.o
 .text.nrf_uart_event_check
                0x000000000002502e       0x24 Output/nrf52832_xxaa/Obj/tag/nrf_drv_uart.o
 .text.nrf_uart_int_enable
                0x0000000000025052       0x14 Output/nrf52832_xxaa/Obj/tag/nrf_drv_uart.o
 .text.nrf_uart_int_enable_check
                0x0000000000025066       0x20 Output/nrf52832_xxaa/Obj/tag/nrf_drv_uart.o
 .text.nrf_uart_int_disable
                0x0000000000025086       0x14 Output/nrf52832_xxaa/Obj/tag/nrf_drv_uart.o
 .text.nrf_uart_errorsrc_get_and_clear
                0x000000000002509a       0x1c Output/nrf52832_xxaa/Obj/tag/nrf_drv_uart.o
 .text.nrf_uart_enable
                0x00000000000250b6       0x12 Output/nrf52832_xxaa/Obj/tag/nrf_drv_uart.o
 .text.nrf_uart_txrx_pins_set
                0x00000000000250c8       0x1e Output/nrf52832_xxaa/Obj/tag/nrf_drv_uart.o
 .text.nrf_uart_hwfc_pins_set
                0x00000000000250e6       0x1e Output/nrf52832_xxaa/Obj/tag/nrf_drv_uart.o
 .text.nrf_uart_rxd_get
                0x0000000000025104       0x12 Output/nrf52832_xxaa/Obj/tag/nrf_drv_uart.o
 .text.nrf_uart_txd_set
                0x0000000000025116       0x1a Output/nrf52832_xxaa/Obj/tag/nrf_drv_uart.o
 .text.nrf_uart_task_trigger
                0x0000000000025130       0x1c Output/nrf52832_xxaa/Obj/tag/nrf_drv_uart.o
 .text.nrf_uart_configure
                0x000000000002514c       0x2a Output/nrf52832_xxaa/Obj/tag/nrf_drv_uart.o
 .text.nrf_uart_baudrate_set
                0x0000000000025176       0x14 Output/nrf52832_xxaa/Obj/tag/nrf_drv_uart.o
 .text.nrf_uarte_event_clear
                0x000000000002518a       0x2a Output/nrf52832_xxaa/Obj/tag/nrf_drv_uart.o
 .text.nrf_uarte_event_check
                0x00000000000251b4       0x24 Output/nrf52832_xxaa/Obj/tag/nrf_drv_uart.o
 .text.nrf_uarte_shorts_enable
                0x00000000000251d8       0x1c Output/nrf52832_xxaa/Obj/tag/nrf_drv_uart.o
 .text.nrf_uarte_shorts_disable
                0x00000000000251f4       0x1e Output/nrf52832_xxaa/Obj/tag/nrf_drv_uart.o
 .text.nrf_uarte_int_enable
                0x0000000000025212       0x14 Output/nrf52832_xxaa/Obj/tag/nrf_drv_uart.o
 .text.nrf_uarte_int_disable
                0x0000000000025226       0x14 Output/nrf52832_xxaa/Obj/tag/nrf_drv_uart.o
 .text.nrf_uarte_errorsrc_get_and_clear
                0x000000000002523a       0x1c Output/nrf52832_xxaa/Obj/tag/nrf_drv_uart.o
 .text.nrf_uarte_enable
                0x0000000000025256       0x12 Output/nrf52832_xxaa/Obj/tag/nrf_drv_uart.o
 .text.nrf_uarte_txrx_pins_set
                0x0000000000025268       0x1e Output/nrf52832_xxaa/Obj/tag/nrf_drv_uart.o
 .text.nrf_uarte_hwfc_pins_set
                0x0000000000025286       0x1e Output/nrf52832_xxaa/Obj/tag/nrf_drv_uart.o
 .text.nrf_uarte_task_trigger
                0x00000000000252a4       0x1c Output/nrf52832_xxaa/Obj/tag/nrf_drv_uart.o
 .text.nrf_uarte_configure
                0x00000000000252c0       0x2a Output/nrf52832_xxaa/Obj/tag/nrf_drv_uart.o
 .text.nrf_uarte_baudrate_set
                0x00000000000252ea       0x14 Output/nrf52832_xxaa/Obj/tag/nrf_drv_uart.o
 .text.nrf_uarte_tx_buffer_set
                0x00000000000252fe       0x24 Output/nrf52832_xxaa/Obj/tag/nrf_drv_uart.o
 .text.nrf_uarte_tx_amount_get
                0x0000000000025322       0x10 Output/nrf52832_xxaa/Obj/tag/nrf_drv_uart.o
 .text.nrf_uarte_rx_buffer_set
                0x0000000000025332       0x24 Output/nrf52832_xxaa/Obj/tag/nrf_drv_uart.o
 .text.nrf_uarte_rx_amount_get
                0x0000000000025356       0x10 Output/nrf52832_xxaa/Obj/tag/nrf_drv_uart.o
 .text.nrf_drv_get_IRQn
                0x0000000000025366       0x16 Output/nrf52832_xxaa/Obj/tag/nrf_drv_uart.o
 .text.nrf_drv_is_in_RAM
                0x000000000002537c       0x1c Output/nrf52832_xxaa/Obj/tag/nrf_drv_uart.o
 .text.nrf_gpio_pin_port_decode
                0x0000000000025398        0xe Output/nrf52832_xxaa/Obj/tag/nrf_drv_uart.o
 .text.nrf_gpio_cfg
                0x00000000000253a6       0x62 Output/nrf52832_xxaa/Obj/tag/nrf_drv_uart.o
 .text.nrf_gpio_cfg_output
                0x0000000000025408       0x22 Output/nrf52832_xxaa/Obj/tag/nrf_drv_uart.o
 .text.nrf_gpio_cfg_input
                0x000000000002542a       0x2a Output/nrf52832_xxaa/Obj/tag/nrf_drv_uart.o
 .text.nrf_gpio_pin_set
                0x0000000000025454       0x28 Output/nrf52832_xxaa/Obj/tag/nrf_drv_uart.o
 .text.nrf_gpio_port_out_set
                0x000000000002547c       0x14 Output/nrf52832_xxaa/Obj/tag/nrf_drv_uart.o
 .text.apply_config
                0x0000000000025490      0x160 Output/nrf52832_xxaa/Obj/tag/nrf_drv_uart.o
 .text.interrupts_enable
                0x00000000000255f0       0xd4 Output/nrf52832_xxaa/Obj/tag/nrf_drv_uart.o
 .text.uart_enable
                0x00000000000256c4       0x3c Output/nrf52832_xxaa/Obj/tag/nrf_drv_uart.o
 .text.nrf_drv_uart_init
                0x0000000000025700       0x90 Output/nrf52832_xxaa/Obj/tag/nrf_drv_uart.o
                0x0000000000025700                nrf_drv_uart_init
 .text.tx_byte  0x0000000000025790       0x46 Output/nrf52832_xxaa/Obj/tag/nrf_drv_uart.o
 *fill*         0x00000000000257d6        0x2 
 .text.nrf_drv_uart_tx_for_uart
                0x00000000000257d8       0xe4 Output/nrf52832_xxaa/Obj/tag/nrf_drv_uart.o
 .text.nrf_drv_uart_tx_for_uarte
                0x00000000000258bc       0xbc Output/nrf52832_xxaa/Obj/tag/nrf_drv_uart.o
 .text.nrf_drv_uart_tx
                0x0000000000025978       0xa0 Output/nrf52832_xxaa/Obj/tag/nrf_drv_uart.o
                0x0000000000025978                nrf_drv_uart_tx
 .text.nrf_drv_uart_tx_in_progress
                0x0000000000025a18       0x28 Output/nrf52832_xxaa/Obj/tag/nrf_drv_uart.o
                0x0000000000025a18                nrf_drv_uart_tx_in_progress
 .text.rx_enable
                0x0000000000025a40       0x36 Output/nrf52832_xxaa/Obj/tag/nrf_drv_uart.o
 .text.rx_byte  0x0000000000025a76       0x54 Output/nrf52832_xxaa/Obj/tag/nrf_drv_uart.o
 *fill*         0x0000000000025aca        0x2 
 .text.nrf_drv_uart_rx_for_uart
                0x0000000000025acc      0x158 Output/nrf52832_xxaa/Obj/tag/nrf_drv_uart.o
 .text.nrf_drv_uart_rx_for_uarte
                0x0000000000025c24      0x130 Output/nrf52832_xxaa/Obj/tag/nrf_drv_uart.o
 .text.nrf_drv_uart_rx
                0x0000000000025d54      0x158 Output/nrf52832_xxaa/Obj/tag/nrf_drv_uart.o
                0x0000000000025d54                nrf_drv_uart_rx
 .text.nrf_drv_uart_rx_enable
                0x0000000000025eac       0x54 Output/nrf52832_xxaa/Obj/tag/nrf_drv_uart.o
                0x0000000000025eac                nrf_drv_uart_rx_enable
 .text.rx_done_event
                0x0000000000025f00       0x36 Output/nrf52832_xxaa/Obj/tag/nrf_drv_uart.o
 .text.tx_done_event
                0x0000000000025f36       0x3c Output/nrf52832_xxaa/Obj/tag/nrf_drv_uart.o
 .text.uart_irq_handler
                0x0000000000025f72      0x1d4 Output/nrf52832_xxaa/Obj/tag/nrf_drv_uart.o
 .text.uarte_irq_handler
                0x0000000000026146      0x160 Output/nrf52832_xxaa/Obj/tag/nrf_drv_uart.o
 *fill*         0x00000000000262a6        0x2 
 .text.UARTE0_UART0_IRQHandler
                0x00000000000262a8       0x28 Output/nrf52832_xxaa/Obj/tag/nrf_drv_uart.o
                0x00000000000262a8                UARTE0_UART0_IRQHandler
 .text.NVIC_DisableIRQ
                0x00000000000262d0       0x30 Output/nrf52832_xxaa/Obj/tag/nrf_drv_clock.o
 .text.nrf_clock_int_enable
                0x0000000000026300       0x14 Output/nrf52832_xxaa/Obj/tag/nrf_drv_clock.o
 .text.nrf_clock_int_disable
                0x0000000000026314       0x14 Output/nrf52832_xxaa/Obj/tag/nrf_drv_clock.o
 .text.nrf_clock_task_trigger
                0x0000000000026328       0x1a Output/nrf52832_xxaa/Obj/tag/nrf_drv_clock.o
 .text.nrf_clock_event_clear
                0x0000000000026342       0x28 Output/nrf52832_xxaa/Obj/tag/nrf_drv_clock.o
 .text.nrf_clock_event_check
                0x000000000002636a       0x22 Output/nrf52832_xxaa/Obj/tag/nrf_drv_clock.o
 .text.nrf_clock_lf_src_set
                0x000000000002638c       0x1e Output/nrf52832_xxaa/Obj/tag/nrf_drv_clock.o
 .text.nrf_clock_lf_is_running
                0x00000000000263aa       0x1c Output/nrf52832_xxaa/Obj/tag/nrf_drv_clock.o
 *fill*         0x00000000000263c6        0x2 
 .text.nrf_drv_common_irq_enable_check
                0x00000000000263c8       0x38 Output/nrf52832_xxaa/Obj/tag/nrf_drv_clock.o
 .text.nrf_drv_common_power_clock_irq_init
                0x0000000000026400       0x20 Output/nrf52832_xxaa/Obj/tag/nrf_drv_clock.o
 .text.lfclk_start
                0x0000000000026420       0x1a Output/nrf52832_xxaa/Obj/tag/nrf_drv_clock.o
 *fill*         0x000000000002643a        0x2 
 .text.lfclk_stop
                0x000000000002643c       0x24 Output/nrf52832_xxaa/Obj/tag/nrf_drv_clock.o
 .text.nrf_drv_clock_init
                0x0000000000026460       0x5c Output/nrf52832_xxaa/Obj/tag/nrf_drv_clock.o
                0x0000000000026460                nrf_drv_clock_init
 .text.item_enqueue
                0x00000000000264bc       0x38 Output/nrf52832_xxaa/Obj/tag/nrf_drv_clock.o
 .text.item_dequeue
                0x00000000000264f4       0x20 Output/nrf52832_xxaa/Obj/tag/nrf_drv_clock.o
 .text.nrf_drv_clock_lfclk_request
                0x0000000000026514       0x94 Output/nrf52832_xxaa/Obj/tag/nrf_drv_clock.o
                0x0000000000026514                nrf_drv_clock_lfclk_request
 .text.nrf_drv_clock_lfclk_release
                0x00000000000265a8       0x40 Output/nrf52832_xxaa/Obj/tag/nrf_drv_clock.o
                0x00000000000265a8                nrf_drv_clock_lfclk_release
 .text.clock_clk_started_notify
                0x00000000000265e8       0x4c Output/nrf52832_xxaa/Obj/tag/nrf_drv_clock.o
 .text.POWER_CLOCK_IRQHandler
                0x0000000000026634       0x5c Output/nrf52832_xxaa/Obj/tag/nrf_drv_clock.o
                0x0000000000026634                POWER_CLOCK_IRQHandler
 .text.soc_evt_handler
                0x0000000000026690       0x1c Output/nrf52832_xxaa/Obj/tag/nrf_drv_clock.o
 .text.sd_state_evt_handler
                0x00000000000266ac       0x84 Output/nrf52832_xxaa/Obj/tag/nrf_drv_clock.o
 .text.nrf_twi_task_trigger
                0x0000000000026730       0x1c Output/nrf52832_xxaa/Obj/tag/nrf_drv_twi.o
 .text.nrf_twi_event_clear
                0x000000000002674c       0x2a Output/nrf52832_xxaa/Obj/tag/nrf_drv_twi.o
 .text.nrf_twi_event_check
                0x0000000000026776       0x24 Output/nrf52832_xxaa/Obj/tag/nrf_drv_twi.o
 .text.nrf_twi_int_enable
                0x000000000002679a       0x14 Output/nrf52832_xxaa/Obj/tag/nrf_drv_twi.o
 .text.nrf_twi_int_disable
                0x00000000000267ae       0x14 Output/nrf52832_xxaa/Obj/tag/nrf_drv_twi.o
 .text.nrf_twi_enable
                0x00000000000267c2       0x12 Output/nrf52832_xxaa/Obj/tag/nrf_drv_twi.o
 .text.nrf_twi_disable
                0x00000000000267d4       0x12 Output/nrf52832_xxaa/Obj/tag/nrf_drv_twi.o
 .text.nrf_twi_pins_set
                0x00000000000267e6       0x1e Output/nrf52832_xxaa/Obj/tag/nrf_drv_twi.o
 .text.nrf_twi_frequency_set
                0x0000000000026804       0x14 Output/nrf52832_xxaa/Obj/tag/nrf_drv_twi.o
 .text.nrf_twi_errorsrc_get_and_clear
                0x0000000000026818       0x1c Output/nrf52832_xxaa/Obj/tag/nrf_drv_twi.o
 .text.nrf_twi_address_set
                0x0000000000026834       0x1a Output/nrf52832_xxaa/Obj/tag/nrf_drv_twi.o
 .text.nrf_twi_rxd_get
                0x000000000002684e       0x12 Output/nrf52832_xxaa/Obj/tag/nrf_drv_twi.o
 .text.nrf_twi_txd_set
                0x0000000000026860       0x1a Output/nrf52832_xxaa/Obj/tag/nrf_drv_twi.o
 .text.nrf_twi_shorts_set
                0x000000000002687a       0x14 Output/nrf52832_xxaa/Obj/tag/nrf_drv_twi.o
 .text.nrf_drv_get_IRQn
                0x000000000002688e       0x16 Output/nrf52832_xxaa/Obj/tag/nrf_drv_twi.o
 .text.nrf_gpio_pin_port_decode
                0x00000000000268a4        0xe Output/nrf52832_xxaa/Obj/tag/nrf_drv_twi.o
 .text.nrf_gpio_pin_set
                0x00000000000268b2       0x28 Output/nrf52832_xxaa/Obj/tag/nrf_drv_twi.o
 .text.nrf_gpio_pin_clear
                0x00000000000268da       0x28 Output/nrf52832_xxaa/Obj/tag/nrf_drv_twi.o
 .text.nrf_gpio_pin_read
                0x0000000000026902       0x2a Output/nrf52832_xxaa/Obj/tag/nrf_drv_twi.o
 .text.nrf_gpio_port_in_read
                0x000000000002692c       0x10 Output/nrf52832_xxaa/Obj/tag/nrf_drv_twi.o
 .text.nrf_gpio_port_out_set
                0x000000000002693c       0x14 Output/nrf52832_xxaa/Obj/tag/nrf_drv_twi.o
 .text.nrf_gpio_port_out_clear
                0x0000000000026950       0x14 Output/nrf52832_xxaa/Obj/tag/nrf_drv_twi.o
 .text.nrf_delay_us
                0x0000000000026964       0xa0 Output/nrf52832_xxaa/Obj/tag/nrf_drv_twi.o
 .text.twi_process_error
                0x0000000000026a04       0x40 Output/nrf52832_xxaa/Obj/tag/nrf_drv_twi.o
 .text.twi_clear_bus
                0x0000000000026a44       0xde Output/nrf52832_xxaa/Obj/tag/nrf_drv_twi.o
 *fill*         0x0000000000026b22        0x2 
 .text.nrf_drv_twi_init
                0x0000000000026b24       0xf4 Output/nrf52832_xxaa/Obj/tag/nrf_drv_twi.o
                0x0000000000026b24                nrf_drv_twi_init
 .text.nrf_drv_twi_enable
                0x0000000000026c18       0x3c Output/nrf52832_xxaa/Obj/tag/nrf_drv_twi.o
                0x0000000000026c18                nrf_drv_twi_enable
 .text.twi_send_byte
                0x0000000000026c54       0x64 Output/nrf52832_xxaa/Obj/tag/nrf_drv_twi.o
 .text.twi_receive_byte
                0x0000000000026cb8       0x72 Output/nrf52832_xxaa/Obj/tag/nrf_drv_twi.o
 .text.twi_transfer
                0x0000000000026d2a      0x172 Output/nrf52832_xxaa/Obj/tag/nrf_drv_twi.o
 .text.twi_tx_start_transfer
                0x0000000000026e9c      0x112 Output/nrf52832_xxaa/Obj/tag/nrf_drv_twi.o
 .text.twi_rx_start_transfer
                0x0000000000026fae      0x108 Output/nrf52832_xxaa/Obj/tag/nrf_drv_twi.o
 .text.twi_xfer
                0x00000000000270b6      0x110 Output/nrf52832_xxaa/Obj/tag/nrf_drv_twi.o
 *fill*         0x00000000000271c6        0x2 
 .text.nrf_drv_twi_xfer
                0x00000000000271c8       0x54 Output/nrf52832_xxaa/Obj/tag/nrf_drv_twi.o
                0x00000000000271c8                nrf_drv_twi_xfer
 .text.nrf_drv_twi_tx
                0x000000000002721c       0x56 Output/nrf52832_xxaa/Obj/tag/nrf_drv_twi.o
                0x000000000002721c                nrf_drv_twi_tx
 .text.nrf_drv_twi_rx
                0x0000000000027272       0x50 Output/nrf52832_xxaa/Obj/tag/nrf_drv_twi.o
                0x0000000000027272                nrf_drv_twi_rx
 .text.irq_handler_twi
                0x00000000000272c2      0x13a Output/nrf52832_xxaa/Obj/tag/nrf_drv_twi.o
 .text.SPIM0_SPIS0_TWIM0_TWIS0_SPI0_TWI0_IRQHandler
                0x00000000000273fc       0x18 Output/nrf52832_xxaa/Obj/tag/nrf_drv_twi.o
                0x00000000000273fc                SPIM0_SPIS0_TWIM0_TWIS0_SPI0_TWI0_IRQHandler
 .text.app_error_handler_bare
                0x0000000000027414       0x2a Output/nrf52832_xxaa/Obj/tag/app_error.o
                0x0000000000027414                app_error_handler_bare
 *fill*         0x000000000002743e        0x2 
 .text.NVIC_SystemReset
                0x0000000000027440       0x2c Output/nrf52832_xxaa/Obj/tag/app_error_weak.o
 .text.app_error_fault_handler
                0x000000000002746c       0x28 Output/nrf52832_xxaa/Obj/tag/app_error_weak.o
                0x000000000002746c                app_error_fault_handler
 .text.__sd_nvic_irq_disable
                0x0000000000027494       0x18 Output/nrf52832_xxaa/Obj/tag/app_util_platform.o
 .text.__sd_nvic_irq_enable
                0x00000000000274ac        0x8 Output/nrf52832_xxaa/Obj/tag/app_util_platform.o
 .text.sd_nvic_critical_region_enter
                0x00000000000274b4       0x74 Output/nrf52832_xxaa/Obj/tag/app_util_platform.o
 .text.sd_nvic_critical_region_exit
                0x0000000000027528       0x54 Output/nrf52832_xxaa/Obj/tag/app_util_platform.o
 .text.app_util_critical_region_enter
                0x000000000002757c       0x14 Output/nrf52832_xxaa/Obj/tag/app_util_platform.o
                0x000000000002757c                app_util_critical_region_enter
 .text.app_util_critical_region_exit
                0x0000000000027590       0x1c Output/nrf52832_xxaa/Obj/tag/app_util_platform.o
                0x0000000000027590                app_util_critical_region_exit
 .text.fifo_length
                0x00000000000275ac       0x18 Output/nrf52832_xxaa/Obj/tag/app_fifo.o
 .text.fifo_put
                0x00000000000275c4       0x30 Output/nrf52832_xxaa/Obj/tag/app_fifo.o
 .text.fifo_peek
                0x00000000000275f4       0x2e Output/nrf52832_xxaa/Obj/tag/app_fifo.o
 .text.fifo_get
                0x0000000000027622       0x24 Output/nrf52832_xxaa/Obj/tag/app_fifo.o
 .text.app_fifo_init
                0x0000000000027646       0x58 Output/nrf52832_xxaa/Obj/tag/app_fifo.o
                0x0000000000027646                app_fifo_init
 .text.app_fifo_put
                0x000000000002769e       0x36 Output/nrf52832_xxaa/Obj/tag/app_fifo.o
                0x000000000002769e                app_fifo_put
 .text.app_fifo_get
                0x00000000000276d4       0x2a Output/nrf52832_xxaa/Obj/tag/app_fifo.o
                0x00000000000276d4                app_fifo_get
 .text.__putchar
                0x00000000000276fe       0x1c Output/nrf52832_xxaa/Obj/tag/retarget.o
                0x00000000000276fe                __putchar
 .text.nrf_section_iter_init
                0x000000000002771a       0x30 Output/nrf52832_xxaa/Obj/tag/nrf_section_iter.o
                0x000000000002771a                nrf_section_iter_init
 .text.nrf_section_iter_next
                0x000000000002774a       0x3c Output/nrf52832_xxaa/Obj/tag/nrf_section_iter.o
                0x000000000002774a                nrf_section_iter_next
 .text.fifo_length
                0x0000000000027786       0x18 Output/nrf52832_xxaa/Obj/tag/app_uart_fifo.o
 *fill*         0x000000000002779e        0x2 
 .text.uart_event_handler
                0x00000000000277a0       0xfc Output/nrf52832_xxaa/Obj/tag/app_uart_fifo.o
 .text.app_uart_init
                0x000000000002789c      0x128 Output/nrf52832_xxaa/Obj/tag/app_uart_fifo.o
                0x000000000002789c                app_uart_init
 .text.app_uart_put
                0x00000000000279c4       0x60 Output/nrf52832_xxaa/Obj/tag/app_uart_fifo.o
                0x00000000000279c4                app_uart_put
 .text.nrf_ble_gatt_on_ble_evt
                0x0000000000027a24       0x18 Output/nrf52832_xxaa/Obj/tag/nrf_ble_gatt.o
                0x0000000000027a24                nrf_ble_gatt_on_ble_evt
 .text.ble_evt_handler
                0x0000000000027a3c       0xb8 Output/nrf52832_xxaa/Obj/tag/os_ble.o
 .text.nrf_section_iter_get
                0x0000000000027af4        0xe Output/nrf52832_xxaa/Obj/tag/nrf_sdh.o
 *fill*         0x0000000000027b02        0x2 
 .text.nrf_sdh_is_enabled
                0x0000000000027b04        0xc Output/nrf52832_xxaa/Obj/tag/nrf_sdh.o
                0x0000000000027b04                nrf_sdh_is_enabled
 .text.nrf_sdh_evts_poll
                0x0000000000027b10       0x50 Output/nrf52832_xxaa/Obj/tag/nrf_sdh.o
                0x0000000000027b10                nrf_sdh_evts_poll
 .text.SWI2_EGU2_IRQHandler
                0x0000000000027b60        0xa Output/nrf52832_xxaa/Obj/tag/nrf_sdh.o
                0x0000000000027b60                SWI2_EGU2_IRQHandler
 .text.sd_ble_evt_get
                0x0000000000027b6a        0x8 Output/nrf52832_xxaa/Obj/tag/nrf_sdh_ble.o
 .text.nrf_section_iter_get
                0x0000000000027b72        0xe Output/nrf52832_xxaa/Obj/tag/nrf_sdh_ble.o
 .text.nrf_sdh_ble_evts_poll
                0x0000000000027b80       0x80 Output/nrf52832_xxaa/Obj/tag/nrf_sdh_ble.o
 .text.nrf_section_iter_get
                0x0000000000027c00        0xe Output/nrf52832_xxaa/Obj/tag/nrf_sdh_soc.o
 .text.sd_evt_get
                0x0000000000027c0e        0x8 Output/nrf52832_xxaa/Obj/tag/nrf_sdh_soc.o
 *fill*         0x0000000000027c16        0x2 
 .text.nrf_sdh_soc_evts_poll
                0x0000000000027c18       0x70 Output/nrf52832_xxaa/Obj/tag/nrf_sdh_soc.o
 .text.dwt_initialise
                0x0000000000027c88      0x184 Output/nrf52832_xxaa/Obj/tag/deca_device.o
                0x0000000000027c88                dwt_initialise
 .text.dwt_readdevid
                0x0000000000027e0c       0x10 Output/nrf52832_xxaa/Obj/tag/deca_device.o
                0x0000000000027e0c                dwt_readdevid
 .text.dwt_configure
                0x0000000000027e1c      0x304 Output/nrf52832_xxaa/Obj/tag/deca_device.o
                0x0000000000027e1c                dwt_configure
 .text.dwt_setrxantennadelay
                0x0000000000028120       0x22 Output/nrf52832_xxaa/Obj/tag/deca_device.o
                0x0000000000028120                dwt_setrxantennadelay
 .text.dwt_settxantennadelay
                0x0000000000028142       0x20 Output/nrf52832_xxaa/Obj/tag/deca_device.o
                0x0000000000028142                dwt_settxantennadelay
 .text.dwt_readrxdata
                0x0000000000028162       0x2a Output/nrf52832_xxaa/Obj/tag/deca_device.o
                0x0000000000028162                dwt_readrxdata
 .text.dwt_readrxtimestamp
                0x000000000002818c       0x1a Output/nrf52832_xxaa/Obj/tag/deca_device.o
                0x000000000002818c                dwt_readrxtimestamp
 .text.dwt_writetodevice
                0x00000000000281a6       0xbc Output/nrf52832_xxaa/Obj/tag/deca_device.o
                0x00000000000281a6                dwt_writetodevice
 .text.dwt_readfromdevice
                0x0000000000028262       0xb6 Output/nrf52832_xxaa/Obj/tag/deca_device.o
                0x0000000000028262                dwt_readfromdevice
 .text.dwt_read32bitoffsetreg
                0x0000000000028318       0x48 Output/nrf52832_xxaa/Obj/tag/deca_device.o
                0x0000000000028318                dwt_read32bitoffsetreg
 .text.dwt_read16bitoffsetreg
                0x0000000000028360       0x40 Output/nrf52832_xxaa/Obj/tag/deca_device.o
                0x0000000000028360                dwt_read16bitoffsetreg
 .text.dwt_read8bitoffsetreg
                0x00000000000283a0       0x26 Output/nrf52832_xxaa/Obj/tag/deca_device.o
                0x00000000000283a0                dwt_read8bitoffsetreg
 .text.dwt_write8bitoffsetreg
                0x00000000000283c6       0x28 Output/nrf52832_xxaa/Obj/tag/deca_device.o
                0x00000000000283c6                dwt_write8bitoffsetreg
 .text.dwt_write16bitoffsetreg
                0x00000000000283ee       0x3e Output/nrf52832_xxaa/Obj/tag/deca_device.o
                0x00000000000283ee                dwt_write16bitoffsetreg
 .text.dwt_write32bitoffsetreg
                0x000000000002842c       0x48 Output/nrf52832_xxaa/Obj/tag/deca_device.o
                0x000000000002842c                dwt_write32bitoffsetreg
 .text._dwt_otpread
                0x0000000000028474       0x3c Output/nrf52832_xxaa/Obj/tag/deca_device.o
                0x0000000000028474                _dwt_otpread
 .text._dwt_aonarrayupload
                0x00000000000284b0       0x1a Output/nrf52832_xxaa/Obj/tag/deca_device.o
                0x00000000000284b0                _dwt_aonarrayupload
 .text._dwt_configlde
                0x00000000000284ca       0x3e Output/nrf52832_xxaa/Obj/tag/deca_device.o
                0x00000000000284ca                _dwt_configlde
 .text._dwt_loaducodefromrom
                0x0000000000028508       0x24 Output/nrf52832_xxaa/Obj/tag/deca_device.o
                0x0000000000028508                _dwt_loaducodefromrom
 .text._dwt_enableclocks
                0x000000000002852c      0x158 Output/nrf52832_xxaa/Obj/tag/deca_device.o
                0x000000000002852c                _dwt_enableclocks
 .text._dwt_disablesequencing
                0x0000000000028684       0x16 Output/nrf52832_xxaa/Obj/tag/deca_device.o
                0x0000000000028684                _dwt_disablesequencing
 *fill*         0x000000000002869a        0x2 
 .text.dwt_forcetrxoff
                0x000000000002869c       0x60 Output/nrf52832_xxaa/Obj/tag/deca_device.o
                0x000000000002869c                dwt_forcetrxoff
 .text.dwt_syncrxbufptrs
                0x00000000000286fc       0x38 Output/nrf52832_xxaa/Obj/tag/deca_device.o
                0x00000000000286fc                dwt_syncrxbufptrs
 .text.dwt_rxenable
                0x0000000000028734       0x8e Output/nrf52832_xxaa/Obj/tag/deca_device.o
                0x0000000000028734                dwt_rxenable
 *fill*         0x00000000000287c2        0x2 
 .text.dwt_setrxtimeout
                0x00000000000287c4       0x90 Output/nrf52832_xxaa/Obj/tag/deca_device.o
                0x00000000000287c4                dwt_setrxtimeout
 .text.dwt_rxreset
                0x0000000000028854       0x1a Output/nrf52832_xxaa/Obj/tag/deca_device.o
                0x0000000000028854                dwt_rxreset
 *fill*         0x000000000002886e        0x2 
 .text.dwt_softreset
                0x0000000000028870       0x48 Output/nrf52832_xxaa/Obj/tag/deca_device.o
                0x0000000000028870                dwt_softreset
 .text.dwt_setxtaltrim
                0x00000000000288b8       0x34 Output/nrf52832_xxaa/Obj/tag/deca_device.o
                0x00000000000288b8                dwt_setxtaltrim
 .text.nrf_gpio_pin_port_decode
                0x00000000000288ec        0xe Output/nrf52832_xxaa/Obj/tag/port_platform.o
 .text.nrf_gpio_cfg
                0x00000000000288fa       0x62 Output/nrf52832_xxaa/Obj/tag/port_platform.o
 .text.nrf_gpio_cfg_output
                0x000000000002895c       0x22 Output/nrf52832_xxaa/Obj/tag/port_platform.o
 .text.nrf_gpio_cfg_input
                0x000000000002897e       0x2a Output/nrf52832_xxaa/Obj/tag/port_platform.o
 .text.nrf_gpio_pin_clear
                0x00000000000289a8       0x28 Output/nrf52832_xxaa/Obj/tag/port_platform.o
 .text.nrf_gpio_port_out_clear
                0x00000000000289d0       0x14 Output/nrf52832_xxaa/Obj/tag/port_platform.o
 .text.nrf_delay_us
                0x00000000000289e4       0xa0 Output/nrf52832_xxaa/Obj/tag/port_platform.o
 .text.nrf_delay_ms
                0x0000000000028a84       0x1e Output/nrf52832_xxaa/Obj/tag/port_platform.o
 *fill*         0x0000000000028aa2        0x2 
 .text.spi_event_handler
                0x0000000000028aa4       0x18 Output/nrf52832_xxaa/Obj/tag/port_platform.o
                0x0000000000028aa4                spi_event_handler
 .text.readfromspi
                0x0000000000028abc      0x144 Output/nrf52832_xxaa/Obj/tag/port_platform.o
                0x0000000000028abc                readfromspi
 .text.writetospi
                0x0000000000028c00      0x130 Output/nrf52832_xxaa/Obj/tag/port_platform.o
                0x0000000000028c00                writetospi
 .text.reset_DW1000
                0x0000000000028d30       0x26 Output/nrf52832_xxaa/Obj/tag/port_platform.o
                0x0000000000028d30                reset_DW1000
 *fill*         0x0000000000028d56        0x2 
 .text.port_set_dw1000_slowrate
                0x0000000000028d58       0x48 Output/nrf52832_xxaa/Obj/tag/port_platform.o
                0x0000000000028d58                port_set_dw1000_slowrate
 .text.port_set_dw1000_fastrate
                0x0000000000028da0       0x4c Output/nrf52832_xxaa/Obj/tag/port_platform.o
                0x0000000000028da0                port_set_dw1000_fastrate
 .text.deca_sleep
                0x0000000000028dec       0x14 Output/nrf52832_xxaa/Obj/tag/port_platform.o
                0x0000000000028dec                deca_sleep
 .text.decamutexon
                0x0000000000028e00        0x6 Output/nrf52832_xxaa/Obj/tag/port_platform.o
                0x0000000000028e00                decamutexon
 .text.decamutexoff
                0x0000000000028e06        0xa Output/nrf52832_xxaa/Obj/tag/port_platform.o
                0x0000000000028e06                decamutexoff
 .text.vListInitialise
                0x0000000000028e10       0x36 Output/nrf52832_xxaa/Obj/tag/list.o
                0x0000000000028e10                vListInitialise
 .text.vListInitialiseItem
                0x0000000000028e46       0x10 Output/nrf52832_xxaa/Obj/tag/list.o
                0x0000000000028e46                vListInitialiseItem
 .text.vListInsertEnd
                0x0000000000028e56       0x3e Output/nrf52832_xxaa/Obj/tag/list.o
                0x0000000000028e56                vListInsertEnd
 .text.vListInsert
                0x0000000000028e94       0x68 Output/nrf52832_xxaa/Obj/tag/list.o
                0x0000000000028e94                vListInsert
 .text.uxListRemove
                0x0000000000028efc       0x4a Output/nrf52832_xxaa/Obj/tag/list.o
                0x0000000000028efc                uxListRemove
 .text.ulPortRaiseBASEPRI
                0x0000000000028f46       0x20 Output/nrf52832_xxaa/Obj/tag/queue.o
 *fill*         0x0000000000028f66        0x2 
 .text.xQueueGenericReset
                0x0000000000028f68       0xb8 Output/nrf52832_xxaa/Obj/tag/queue.o
                0x0000000000028f68                xQueueGenericReset
 .text.xQueueGenericCreate
                0x0000000000029020       0x7a Output/nrf52832_xxaa/Obj/tag/queue.o
                0x0000000000029020                xQueueGenericCreate
 *fill*         0x000000000002909a        0x2 
 .text.xQueueGenericSend
                0x000000000002909c      0x15c Output/nrf52832_xxaa/Obj/tag/queue.o
                0x000000000002909c                xQueueGenericSend
 .text.xQueueGenericSendFromISR
                0x00000000000291f8       0x8c Output/nrf52832_xxaa/Obj/tag/queue.o
                0x00000000000291f8                xQueueGenericSendFromISR
 .text.xQueueGenericReceive
                0x0000000000029284      0x1a8 Output/nrf52832_xxaa/Obj/tag/queue.o
                0x0000000000029284                xQueueGenericReceive
 .text.prvCopyDataToQueue
                0x000000000002942c       0xd4 Output/nrf52832_xxaa/Obj/tag/queue.o
 .text.prvCopyDataFromQueue
                0x0000000000029500       0x4a Output/nrf52832_xxaa/Obj/tag/queue.o
 .text.prvUnlockQueue
                0x000000000002954a       0x96 Output/nrf52832_xxaa/Obj/tag/queue.o
 .text.prvIsQueueEmpty
                0x00000000000295e0       0x2a Output/nrf52832_xxaa/Obj/tag/queue.o
 .text.prvIsQueueFull
                0x000000000002960a       0x2e Output/nrf52832_xxaa/Obj/tag/queue.o
 .text.vQueueAddToRegistry
                0x0000000000029638       0x48 Output/nrf52832_xxaa/Obj/tag/queue.o
                0x0000000000029638                vQueueAddToRegistry
 .text.vQueueWaitForMessageRestricted
                0x0000000000029680       0x56 Output/nrf52832_xxaa/Obj/tag/queue.o
                0x0000000000029680                vQueueWaitForMessageRestricted
 *fill*         0x00000000000296d6        0x2 
 .text.xTaskGenericCreate
                0x00000000000296d8      0x154 Output/nrf52832_xxaa/Obj/tag/tasks.o
                0x00000000000296d8                xTaskGenericCreate
 .text.vTaskStartScheduler
                0x000000000002982c       0x6c Output/nrf52832_xxaa/Obj/tag/tasks.o
                0x000000000002982c                vTaskStartScheduler
 .text.vTaskSuspendAll
                0x0000000000029898       0x14 Output/nrf52832_xxaa/Obj/tag/tasks.o
                0x0000000000029898                vTaskSuspendAll
 .text.xTaskResumeAll
                0x00000000000298ac      0x114 Output/nrf52832_xxaa/Obj/tag/tasks.o
                0x00000000000298ac                xTaskResumeAll
 .text.xTaskGetTickCount
                0x00000000000299c0       0x14 Output/nrf52832_xxaa/Obj/tag/tasks.o
                0x00000000000299c0                xTaskGetTickCount
 .text.xTaskIncrementTick
                0x00000000000299d4      0x13c Output/nrf52832_xxaa/Obj/tag/tasks.o
                0x00000000000299d4                xTaskIncrementTick
 .text.vTaskSwitchContext
                0x0000000000029b10       0x90 Output/nrf52832_xxaa/Obj/tag/tasks.o
                0x0000000000029b10                vTaskSwitchContext
 .text.vTaskPlaceOnEventList
                0x0000000000029ba0       0x60 Output/nrf52832_xxaa/Obj/tag/tasks.o
                0x0000000000029ba0                vTaskPlaceOnEventList
 .text.vTaskPlaceOnEventListRestricted
                0x0000000000029c00       0x44 Output/nrf52832_xxaa/Obj/tag/tasks.o
                0x0000000000029c00                vTaskPlaceOnEventListRestricted
 .text.xTaskRemoveFromEventList
                0x0000000000029c44       0xa8 Output/nrf52832_xxaa/Obj/tag/tasks.o
                0x0000000000029c44                xTaskRemoveFromEventList
 .text.vTaskSetTimeOutState
                0x0000000000029cec       0x24 Output/nrf52832_xxaa/Obj/tag/tasks.o
                0x0000000000029cec                vTaskSetTimeOutState
 .text.xTaskCheckForTimeOut
                0x0000000000029d10       0x88 Output/nrf52832_xxaa/Obj/tag/tasks.o
                0x0000000000029d10                xTaskCheckForTimeOut
 .text.vTaskMissedYield
                0x0000000000029d98       0x10 Output/nrf52832_xxaa/Obj/tag/tasks.o
                0x0000000000029d98                vTaskMissedYield
 .text.prvIdleTask
                0x0000000000029da8       0x34 Output/nrf52832_xxaa/Obj/tag/tasks.o
 .text.prvInitialiseTCBVariables
                0x0000000000029ddc       0xa6 Output/nrf52832_xxaa/Obj/tag/tasks.o
 *fill*         0x0000000000029e82        0x2 
 .text.prvInitialiseTaskLists
                0x0000000000029e84       0x7c Output/nrf52832_xxaa/Obj/tag/tasks.o
 .text.prvCheckTasksWaitingTermination
                0x0000000000029f00       0x78 Output/nrf52832_xxaa/Obj/tag/tasks.o
 .text.prvAddCurrentTaskToDelayedList
                0x0000000000029f78       0x6c Output/nrf52832_xxaa/Obj/tag/tasks.o
 .text.prvAllocateTCBAndStack
                0x0000000000029fe4       0x70 Output/nrf52832_xxaa/Obj/tag/tasks.o
 .text.prvDeleteTCB
                0x000000000002a054       0x1e Output/nrf52832_xxaa/Obj/tag/tasks.o
 *fill*         0x000000000002a072        0x2 
 .text.prvResetNextTaskUnblockTime
                0x000000000002a074       0x40 Output/nrf52832_xxaa/Obj/tag/tasks.o
 .text.xTaskGetSchedulerState
                0x000000000002a0b4       0x34 Output/nrf52832_xxaa/Obj/tag/tasks.o
                0x000000000002a0b4                xTaskGetSchedulerState
 .text.vTaskPriorityInherit
                0x000000000002a0e8       0xbc Output/nrf52832_xxaa/Obj/tag/tasks.o
                0x000000000002a0e8                vTaskPriorityInherit
 .text.xTaskPriorityDisinherit
                0x000000000002a1a4       0x98 Output/nrf52832_xxaa/Obj/tag/tasks.o
                0x000000000002a1a4                xTaskPriorityDisinherit
 .text.pvTaskIncrementMutexHeldCount
                0x000000000002a23c       0x20 Output/nrf52832_xxaa/Obj/tag/tasks.o
                0x000000000002a23c                pvTaskIncrementMutexHeldCount
 .text.xTimerCreateTimerTask
                0x000000000002a25c       0x4c Output/nrf52832_xxaa/Obj/tag/timers.o
                0x000000000002a25c                xTimerCreateTimerTask
 .text.xTimerGenericCommand
                0x000000000002a2a8       0x78 Output/nrf52832_xxaa/Obj/tag/timers.o
                0x000000000002a2a8                xTimerGenericCommand
 .text.prvProcessExpiredTimer
                0x000000000002a320       0x64 Output/nrf52832_xxaa/Obj/tag/timers.o
 .text.prvTimerTask
                0x000000000002a384       0x20 Output/nrf52832_xxaa/Obj/tag/timers.o
 .text.prvProcessTimerOrBlockTask
                0x000000000002a3a4       0x80 Output/nrf52832_xxaa/Obj/tag/timers.o
 .text.prvGetNextExpireTime
                0x000000000002a424       0x40 Output/nrf52832_xxaa/Obj/tag/timers.o
 .text.prvSampleTimeNow
                0x000000000002a464       0x3c Output/nrf52832_xxaa/Obj/tag/timers.o
 .text.prvInsertTimerInActiveList
                0x000000000002a4a0       0x84 Output/nrf52832_xxaa/Obj/tag/timers.o
 .text.prvProcessReceivedCommands
                0x000000000002a524      0x104 Output/nrf52832_xxaa/Obj/tag/timers.o
 .text.prvSwitchTimerLists
                0x000000000002a628       0xa4 Output/nrf52832_xxaa/Obj/tag/timers.o
 .text.prvCheckForValidListAndQueue
                0x000000000002a6cc       0x6c Output/nrf52832_xxaa/Obj/tag/timers.o
 .text.pvPortMalloc
                0x000000000002a738       0x88 Output/nrf52832_xxaa/Obj/tag/heap_1.o
                0x000000000002a738                pvPortMalloc
 .text.vPortFree
                0x000000000002a7c0        0xa Output/nrf52832_xxaa/Obj/tag/heap_1.o
                0x000000000002a7c0                vPortFree
 *fill*         0x000000000002a7ca        0x2 
 .text.NVIC_SetPriority
                0x000000000002a7cc       0x50 Output/nrf52832_xxaa/Obj/tag/port_cmsis.o
 .text.pxPortInitialiseStack
                0x000000000002a81c       0x60 Output/nrf52832_xxaa/Obj/tag/port_cmsis.o
                0x000000000002a81c                pxPortInitialiseStack
 .text.prvTaskExitError
                0x000000000002a87c       0x10 Output/nrf52832_xxaa/Obj/tag/port_cmsis.o
 .text.xPortStartScheduler
                0x000000000002a88c       0x4c Output/nrf52832_xxaa/Obj/tag/port_cmsis.o
                0x000000000002a88c                xPortStartScheduler
 .text.vPortEnterCritical
                0x000000000002a8d8       0x24 Output/nrf52832_xxaa/Obj/tag/port_cmsis.o
                0x000000000002a8d8                vPortEnterCritical
 .text.vPortExitCritical
                0x000000000002a8fc       0x2c Output/nrf52832_xxaa/Obj/tag/port_cmsis.o
                0x000000000002a8fc                vPortExitCritical
 .text.vPortEnableVFP
                0x000000000002a928       0x18 Output/nrf52832_xxaa/Obj/tag/port_cmsis.o
 .text.NVIC_EnableIRQ
                0x000000000002a940       0x2c Output/nrf52832_xxaa/Obj/tag/port_cmsis_systick.o
 .text.NVIC_SetPriority
                0x000000000002a96c       0x50 Output/nrf52832_xxaa/Obj/tag/port_cmsis_systick.o
 .text.ulPortRaiseBASEPRI
                0x000000000002a9bc       0x20 Output/nrf52832_xxaa/Obj/tag/port_cmsis_systick.o
 .text.nrf_rtc_int_enable
                0x000000000002a9dc       0x14 Output/nrf52832_xxaa/Obj/tag/port_cmsis_systick.o
 .text.nrf_rtc_event_clear
                0x000000000002a9f0       0x2a Output/nrf52832_xxaa/Obj/tag/port_cmsis_systick.o
 .text.nrf_rtc_counter_get
                0x000000000002aa1a       0x10 Output/nrf52832_xxaa/Obj/tag/port_cmsis_systick.o
 .text.nrf_rtc_prescaler_set
                0x000000000002aa2a       0x14 Output/nrf52832_xxaa/Obj/tag/port_cmsis_systick.o
 .text.nrf_rtc_task_trigger
                0x000000000002aa3e       0x1e Output/nrf52832_xxaa/Obj/tag/port_cmsis_systick.o
 .text.nrf_rtc_event_enable
                0x000000000002aa5c       0x14 Output/nrf52832_xxaa/Obj/tag/port_cmsis_systick.o
 .text.RTC1_IRQHandler
                0x000000000002aa70       0x88 Output/nrf52832_xxaa/Obj/tag/port_cmsis_systick.o
                0x000000000002aa70                RTC1_IRQHandler
 .text.vPortSetupTimerInterrupt
                0x000000000002aaf8       0x48 Output/nrf52832_xxaa/Obj/tag/port_cmsis_systick.o
                0x000000000002aaf8                vPortSetupTimerInterrupt
 .text.vPortStartFirstTask
                0x000000000002ab40       0x28 Output/nrf52832_xxaa/Obj/tag/port.o
                0x000000000002ab40                vPortStartFirstTask
 .text.SVC_Handler
                0x000000000002ab68       0x24 Output/nrf52832_xxaa/Obj/tag/port.o
                0x000000000002ab68                SVC_Handler
 .text.PendSV_Handler
                0x000000000002ab8c       0x64 Output/nrf52832_xxaa/Obj/tag/port.o
                0x000000000002ab8c                PendSV_Handler
 .text.boUART_Init
                0x000000000002abf0       0x48 Output/nrf52832_xxaa/Obj/tag/UART.o
                0x000000000002abf0                boUART_Init
 .text.vUartErrorHandle
                0x000000000002ac38       0x34 Output/nrf52832_xxaa/Obj/tag/UART.o
 .text.vHandleUartInternalErrors
                0x000000000002ac6c        0xa Output/nrf52832_xxaa/Obj/tag/UART.o
 .text.nrf_gpio_pin_port_decode
                0x000000000002ac76        0xe Output/nrf52832_xxaa/Obj/tag/TDOA.o
 .text.nrf_gpio_pin_set
                0x000000000002ac84       0x28 Output/nrf52832_xxaa/Obj/tag/TDOA.o
 .text.nrf_gpio_pin_clear
                0x000000000002acac       0x28 Output/nrf52832_xxaa/Obj/tag/TDOA.o
 .text.nrf_gpio_port_out_set
                0x000000000002acd4       0x14 Output/nrf52832_xxaa/Obj/tag/TDOA.o
 .text.nrf_gpio_port_out_clear
                0x000000000002ace8       0x14 Output/nrf52832_xxaa/Obj/tag/TDOA.o
 .text.tag_tdoa_run
                0x000000000002acfc      0x450 Output/nrf52832_xxaa/Obj/tag/TDOA.o
                0x000000000002acfc                tag_tdoa_run
 .text.get_rx_timestamp_u64
                0x000000000002b14c       0xde Output/nrf52832_xxaa/Obj/tag/TDOA.o
 *fill*         0x000000000002b22a        0x6 
 .text.rTDoA    0x000000000002b230      0x824 Output/nrf52832_xxaa/Obj/tag/rTDoA_est.o
                0x000000000002b230                rTDoA
 .text.transpose
                0x000000000002ba54       0x64 Output/nrf52832_xxaa/Obj/tag/linearAlgebra.o
                0x000000000002ba54                transpose
 .text.matrix_mult
                0x000000000002bab8       0xe2 Output/nrf52832_xxaa/Obj/tag/linearAlgebra.o
                0x000000000002bab8                matrix_mult
 .text.getCofactor
                0x000000000002bb9a       0x9a Output/nrf52832_xxaa/Obj/tag/linearAlgebra.o
                0x000000000002bb9a                getCofactor
 .text.determinant
                0x000000000002bc34      0x2d4 Output/nrf52832_xxaa/Obj/tag/linearAlgebra.o
                0x000000000002bc34                determinant
 .text.adjoint  0x000000000002bf08      0x128 Output/nrf52832_xxaa/Obj/tag/linearAlgebra.o
                0x000000000002bf08                adjoint
 .text.inverse  0x000000000002c030      0x110 Output/nrf52832_xxaa/Obj/tag/linearAlgebra.o
                0x000000000002c030                inverse
 .text.pseudoinverse
                0x000000000002c140      0x196 Output/nrf52832_xxaa/Obj/tag/linearAlgebra.o
                0x000000000002c140                pseudoinverse
 *fill*         0x000000000002c2d6        0x2 
 .text.vTWI_Init
                0x000000000002c2d8       0x64 Output/nrf52832_xxaa/Obj/tag/TWI.o
                0x000000000002c2d8                vTWI_Init
 .text.vTWI_Write
                0x000000000002c33c       0x68 Output/nrf52832_xxaa/Obj/tag/TWI.o
                0x000000000002c33c                vTWI_Write
 .text.vTWI_Read
                0x000000000002c3a4       0x58 Output/nrf52832_xxaa/Obj/tag/TWI.o
                0x000000000002c3a4                vTWI_Read
 .text.vSetSubAdd
                0x000000000002c3fc       0x54 Output/nrf52832_xxaa/Obj/tag/TWI.o
 .text.vEventHandler
                0x000000000002c450       0x30 Output/nrf52832_xxaa/Obj/tag/TWI.o
 .text.vWaitForEvent
                0x000000000002c480       0x20 Output/nrf52832_xxaa/Obj/tag/TWI.o
 .text.nrf_delay_us
                0x000000000002c4a0       0xa0 Output/nrf52832_xxaa/Obj/tag/LIS2DH12.o
 .text.nrf_delay_ms
                0x000000000002c540       0x1e Output/nrf52832_xxaa/Obj/tag/LIS2DH12.o
 .text.vLIS2_Init
                0x000000000002c55e       0x34 Output/nrf52832_xxaa/Obj/tag/LIS2DH12.o
                0x000000000002c55e                vLIS2_Init
 .text.u8LIS2_TestRead
                0x000000000002c592       0x1c Output/nrf52832_xxaa/Obj/tag/LIS2DH12.o
                0x000000000002c592                u8LIS2_TestRead
 .text.vLIS2_PowerDown
                0x000000000002c5ae        0xe Output/nrf52832_xxaa/Obj/tag/LIS2DH12.o
                0x000000000002c5ae                vLIS2_PowerDown
 .text.vInterruptHandler
                0x000000000002c5bc       0x1c Output/nrf52832_xxaa/Obj/tag/LIS2DH12.o
 .text.vInterruptInit
                0x000000000002c5d8       0x6c Output/nrf52832_xxaa/Obj/tag/LIS2DH12.o
 .text.vLIS2_EnableBypass
                0x000000000002c644       0x74 Output/nrf52832_xxaa/Obj/tag/LIS2DH12.o
                0x000000000002c644                vLIS2_EnableBypass
 .text.__aeabi_dadd
                0x000000000002c6b8      0x244 E:/Program Files/SEGGER/SEGGER Embedded Studio for ARM 5.70a/lib/libm_v7em_fpv4_sp_d16_hard_t_le_eabi.a(libm_asm.o)
                0x000000000002c6b8                __aeabi_dadd
 .text.__aeabi_dsub
                0x000000000002c8fc        0x8 E:/Program Files/SEGGER/SEGGER Embedded Studio for ARM 5.70a/lib/libm_v7em_fpv4_sp_d16_hard_t_le_eabi.a(libm_asm.o)
                0x000000000002c8fc                __aeabi_dsub
 .text.__aeabi_dmul
                0x000000000002c904      0x138 E:/Program Files/SEGGER/SEGGER Embedded Studio for ARM 5.70a/lib/libm_v7em_fpv4_sp_d16_hard_t_le_eabi.a(libm_asm.o)
                0x000000000002c904                __aeabi_dmul
 .text.__aeabi_ddiv
                0x000000000002ca3c      0x1cc E:/Program Files/SEGGER/SEGGER Embedded Studio for ARM 5.70a/lib/libm_v7em_fpv4_sp_d16_hard_t_le_eabi.a(libm_asm.o)
                0x000000000002ca3c                __aeabi_ddiv
 .text.__aeabi_dcmple
                0x000000000002cc08       0x3c E:/Program Files/SEGGER/SEGGER Embedded Studio for ARM 5.70a/lib/libm_v7em_fpv4_sp_d16_hard_t_le_eabi.a(libm_asm.o)
                0x000000000002cc08                __aeabi_dcmple
 .text.__aeabi_dcmpeq
                0x000000000002cc44       0x34 E:/Program Files/SEGGER/SEGGER Embedded Studio for ARM 5.70a/lib/libm_v7em_fpv4_sp_d16_hard_t_le_eabi.a(libm_asm.o)
                0x000000000002cc44                __aeabi_dcmpeq
 .text.__aeabi_dcmpge
                0x000000000002cc78       0x3c E:/Program Files/SEGGER/SEGGER Embedded Studio for ARM 5.70a/lib/libm_v7em_fpv4_sp_d16_hard_t_le_eabi.a(libm_asm.o)
                0x000000000002cc78                __aeabi_dcmpge
 .text.__aeabi_dcmpgt
                0x000000000002ccb4       0x38 E:/Program Files/SEGGER/SEGGER Embedded Studio for ARM 5.70a/lib/libm_v7em_fpv4_sp_d16_hard_t_le_eabi.a(libm_asm.o)
                0x000000000002ccb4                __aeabi_dcmpgt
 .text.__aeabi_dcmplt
                0x000000000002ccec       0x38 E:/Program Files/SEGGER/SEGGER Embedded Studio for ARM 5.70a/lib/libm_v7em_fpv4_sp_d16_hard_t_le_eabi.a(libm_asm.o)
                0x000000000002ccec                __aeabi_dcmplt
 .text.__aeabi_d2iz
                0x000000000002cd24       0x4c E:/Program Files/SEGGER/SEGGER Embedded Studio for ARM 5.70a/lib/libm_v7em_fpv4_sp_d16_hard_t_le_eabi.a(libm_asm.o)
                0x000000000002cd24                __aeabi_d2iz
 .text.__aeabi_i2d
                0x000000000002cd70       0x28 E:/Program Files/SEGGER/SEGGER Embedded Studio for ARM 5.70a/lib/libm_v7em_fpv4_sp_d16_hard_t_le_eabi.a(libm_asm.o)
                0x000000000002cd70                __aeabi_i2d
 .text.__aeabi_ul2d
                0x000000000002cd98       0x5c E:/Program Files/SEGGER/SEGGER Embedded Studio for ARM 5.70a/lib/libm_v7em_fpv4_sp_d16_hard_t_le_eabi.a(libm_asm.o)
                0x000000000002cd98                __aeabi_ul2d
 .text.__aeabi_f2d
                0x000000000002cdf4       0x34 E:/Program Files/SEGGER/SEGGER Embedded Studio for ARM 5.70a/lib/libm_v7em_fpv4_sp_d16_hard_t_le_eabi.a(libm_asm.o)
                0x000000000002cdf4                __aeabi_f2d
 .text.__aeabi_d2f
                0x000000000002ce28       0x54 E:/Program Files/SEGGER/SEGGER Embedded Studio for ARM 5.70a/lib/libm_v7em_fpv4_sp_d16_hard_t_le_eabi.a(libm_asm.o)
                0x000000000002ce28                __aeabi_d2f
 .text.__float64_isfinite
                0x000000000002ce7c       0x14 E:/Program Files/SEGGER/SEGGER Embedded Studio for ARM 5.70a/lib/libm_v7em_fpv4_sp_d16_hard_t_le_eabi.a(libm_asm.o)
                0x000000000002ce7c                __float64_isfinite
 .text.__float32_isinf
                0x000000000002ce90       0x14 E:/Program Files/SEGGER/SEGGER Embedded Studio for ARM 5.70a/lib/libm_v7em_fpv4_sp_d16_hard_t_le_eabi.a(libm_asm.o)
                0x000000000002ce90                __float32_isinf
 .text.__float32_isnan
                0x000000000002cea4       0x14 E:/Program Files/SEGGER/SEGGER Embedded Studio for ARM 5.70a/lib/libm_v7em_fpv4_sp_d16_hard_t_le_eabi.a(libm_asm.o)
                0x000000000002cea4                __float32_isnan
 .text.__float64_isnan
                0x000000000002ceb8       0x14 E:/Program Files/SEGGER/SEGGER Embedded Studio for ARM 5.70a/lib/libm_v7em_fpv4_sp_d16_hard_t_le_eabi.a(libm_asm.o)
                0x000000000002ceb8                __float64_isnan
 .text.__float32_signbit
                0x000000000002cecc        0xc E:/Program Files/SEGGER/SEGGER Embedded Studio for ARM 5.70a/lib/libm_v7em_fpv4_sp_d16_hard_t_le_eabi.a(libm_asm.o)
                0x000000000002cecc                __float32_signbit
 .text.fabs     0x000000000002ced8       0x10 E:/Program Files/SEGGER/SEGGER Embedded Studio for ARM 5.70a/lib/libm_v7em_fpv4_sp_d16_hard_t_le_eabi.a(libm_asm.o)
                0x000000000002ced8                fabs(double)
                0x000000000002ced8                fabs
 .text.fabsf    0x000000000002cee8        0x8 E:/Program Files/SEGGER/SEGGER Embedded Studio for ARM 5.70a/lib/libm_v7em_fpv4_sp_d16_hard_t_le_eabi.a(libm_asm.o)
                0x000000000002cee8                fabsf
                0x000000000002cee8                fabs(float)
 .text.floorf   0x000000000002cef0       0x70 E:/Program Files/SEGGER/SEGGER Embedded Studio for ARM 5.70a/lib/libm_v7em_fpv4_sp_d16_hard_t_le_eabi.a(libm_asm.o)
                0x000000000002cef0                floorf
                0x000000000002cef0                floor(float)
 .text.frexpf   0x000000000002cf60       0x3c E:/Program Files/SEGGER/SEGGER Embedded Studio for ARM 5.70a/lib/libm_v7em_fpv4_sp_d16_hard_t_le_eabi.a(libm_asm.o)
                0x000000000002cf60                frexpf
                0x000000000002cf60                frexp(float, int*)
 .text.ldexpf   0x000000000002cf9c       0x48 E:/Program Files/SEGGER/SEGGER Embedded Studio for ARM 5.70a/lib/libm_v7em_fpv4_sp_d16_hard_t_le_eabi.a(libm_asm.o)
                0x000000000002cf9c                ldexp(float, int)
                0x000000000002cf9c                ldexpf
 .text.libc.frexp
                0x000000000002cfe4       0x50 E:/Program Files/SEGGER/SEGGER Embedded Studio for ARM 5.70a/lib/libm_v7em_fpv4_sp_d16_hard_t_le_eabi.a(libm2.o)
                0x000000000002cfe4                frexpl(long double, int*)
                0x000000000002cfe4                frexpl
                0x000000000002cfe4                frexp
                0x000000000002cfe4                frexp(double, int*)
 *fill*         0x000000000002d034        0x4 
 .text.libc.ldexp
                0x000000000002d038       0x7c E:/Program Files/SEGGER/SEGGER Embedded Studio for ARM 5.70a/lib/libm_v7em_fpv4_sp_d16_hard_t_le_eabi.a(libm2.o)
                0x000000000002d038                ldexpl(long double, int)
                0x000000000002d038                ldexp
                0x000000000002d038                ldexpl
                0x000000000002d038                ldexp(double, int)
 *fill*         0x000000000002d0b4        0x4 
 .text.libc.exp
                0x000000000002d0b8      0x200 E:/Program Files/SEGGER/SEGGER Embedded Studio for ARM 5.70a/lib/libm_v7em_fpv4_sp_d16_hard_t_le_eabi.a(libm2.o)
                0x000000000002d0b8                expl(long double)
                0x000000000002d0b8                exp
                0x000000000002d0b8                expl
                0x000000000002d0b8                exp(double)
 .text.libc.log
                0x000000000002d2b8      0x230 E:/Program Files/SEGGER/SEGGER Embedded Studio for ARM 5.70a/lib/libm_v7em_fpv4_sp_d16_hard_t_le_eabi.a(libm2.o)
                0x000000000002d2b8                log(double)
                0x000000000002d2b8                logl
                0x000000000002d2b8                logl(long double)
                0x000000000002d2b8                log
 .text.libc.modff
                0x000000000002d4e8       0x5c E:/Program Files/SEGGER/SEGGER Embedded Studio for ARM 5.70a/lib/libm_v7em_fpv4_sp_d16_hard_t_le_eabi.a(libm2.o)
                0x000000000002d4e8                modf(float, float*)
                0x000000000002d4e8                modff
 *fill*         0x000000000002d544        0x4 
 .text.libc.pow
                0x000000000002d548      0x168 E:/Program Files/SEGGER/SEGGER Embedded Studio for ARM 5.70a/lib/libm_v7em_fpv4_sp_d16_hard_t_le_eabi.a(libm2.o)
                0x000000000002d548                pow
                0x000000000002d548                powl(long double, long double)
                0x000000000002d548                powl
                0x000000000002d548                pow(double, double)
 .text.libc.sqrt
                0x000000000002d6b0      0x134 E:/Program Files/SEGGER/SEGGER Embedded Studio for ARM 5.70a/lib/libm_v7em_fpv4_sp_d16_hard_t_le_eabi.a(libm2.o)
                0x000000000002d6b0                sqrtl
                0x000000000002d6b0                sqrtl(long double)
                0x000000000002d6b0                sqrt(double)
                0x000000000002d6b0                sqrt
 .text.libc.fmodf
                0x000000000002d7e4       0xfc E:/Program Files/SEGGER/SEGGER Embedded Studio for ARM 5.70a/lib/libm_v7em_fpv4_sp_d16_hard_t_le_eabi.a(libm2.o)
                0x000000000002d7e4                fmod(float, float)
                0x000000000002d7e4                fmodf
 .text.libc.__RAL_pow10f
                0x000000000002d8e0       0x40 E:/Program Files/SEGGER/SEGGER Embedded Studio for ARM 5.70a/lib/libc_v7em_fpv4_sp_d16_hard_t_le_eabi.a(libc2.o)
                0x000000000002d8e0                __RAL_pow10f
 .text.libc.__putc
                0x000000000002d920       0x34 E:/Program Files/SEGGER/SEGGER Embedded Studio for ARM 5.70a/lib/libc_v7em_fpv4_sp_d16_hard_t_le_eabi.a(libc2.o)
                0x000000000002d920                __putc
 .text.libc.__RAL_print_padding
                0x000000000002d954       0x54 E:/Program Files/SEGGER/SEGGER Embedded Studio for ARM 5.70a/lib/libc_v7em_fpv4_sp_d16_hard_t_le_eabi.a(libc2.o)
                0x000000000002d954                __RAL_print_padding
 .text.libc.__RAL_pre_padding
                0x000000000002d9a8       0x64 E:/Program Files/SEGGER/SEGGER Embedded Studio for ARM 5.70a/lib/libc_v7em_fpv4_sp_d16_hard_t_le_eabi.a(libc2.o)
                0x000000000002d9a8                __RAL_pre_padding
 .text.libc.abs
                0x000000000002da0c        0x8 E:/Program Files/SEGGER/SEGGER Embedded Studio for ARM 5.70a/lib/libc_v7em_fpv4_sp_d16_hard_t_le_eabi.a(libc2.o)
                0x000000000002da0c                abs
 .text.libc.__aeabi_errno_addr
                0x000000000002da14       0x14 E:/Program Files/SEGGER/SEGGER Embedded Studio for ARM 5.70a/lib/libc_v7em_fpv4_sp_d16_hard_t_le_eabi.a(libc2.o)
                0x000000000002da14                __aeabi_errno_addr
 .text.libc.printf
                0x000000000002da28       0x44 E:/Program Files/SEGGER/SEGGER Embedded Studio for ARM 5.70a/lib/libc_v7em_fpv4_sp_d16_hard_t_le_eabi.a(libc2.o)
                0x000000000002da28                printf
 .text.libc.puts
                0x000000000002da6c       0x34 E:/Program Files/SEGGER/SEGGER Embedded Studio for ARM 5.70a/lib/libc_v7em_fpv4_sp_d16_hard_t_le_eabi.a(libc2.o)
                0x000000000002da6c                puts
 .text.libc.strnlen
                0x000000000002daa0       0x28 E:/Program Files/SEGGER/SEGGER Embedded Studio for ARM 5.70a/lib/libc_v7em_fpv4_sp_d16_hard_t_le_eabi.a(libc2.o)
                0x000000000002daa0                strnlen
 .text.libc.memcpy
                0x000000000002dac8       0x52 E:/Program Files/SEGGER/SEGGER Embedded Studio for ARM 5.70a/lib/libc_v7em_fpv4_sp_d16_hard_t_le_eabi.a(libc2_asm.o)
                0x000000000002dac8                __aeabi_memcpy
                0x000000000002dac8                memcpy
                0x000000000002dad4                __aeabi_memcpy8
                0x000000000002dad4                __aeabi_memcpy4
 .text.libc.memset
                0x000000000002db1a       0x66 E:/Program Files/SEGGER/SEGGER Embedded Studio for ARM 5.70a/lib/libc_v7em_fpv4_sp_d16_hard_t_le_eabi.a(libc2_asm.o)
                0x000000000002db1a                memset
 .text.libc.strlen
                0x000000000002db80       0x60 E:/Program Files/SEGGER/SEGGER Embedded Studio for ARM 5.70a/lib/libc_v7em_fpv4_sp_d16_hard_t_le_eabi.a(libc2_asm.o)
                0x000000000002db80                strlen
 .text.libc.__vfprintf_short_float_long
                0x000000000002dbe0      0xe68 E:/Program Files/SEGGER/SEGGER Embedded Studio for ARM 5.70a/lib/libc_v7em_fpv4_sp_d16_hard_t_le_eabi.a(libvfprintf.o)
                0x000000000002dbe0                __vfprintf_short_float_long
                0x000000000002ea48                __text_end__ = (__text_start__ + SIZEOF (.text))
                0x000000000000b798                __text_size__ = SIZEOF (.text)
                0x000000000002ea48                __text_load_end__ = __text_end__

.vfp11_veneer   0x0000000100000000        0x0
 .vfp11_veneer  0x0000000100000000        0x0 linker stubs

.v4_bx          0x0000000100000000        0x0
 .v4_bx         0x0000000100000000        0x0 linker stubs

.iplt           0x0000000100000000        0x0
 .iplt          0x0000000100000000        0x0 Output/nrf52832_xxaa/Obj/tag/thumb_crt0.o
                0x0000000000000001                . = ASSERT (((__text_start__ == __text_end__) || ((__text_end__ - __FLASH_segment_start__) <= __FLASH_segment_size__)), error: .text is too large to fit in FLASH memory segment)
                0x000000000002ea48                __sdh_soc_observers_load_start__ = ALIGN (__text_end__, 0x4)

.sdh_soc_observers
                0x000000000002ea48        0x8
                0x000000000002ea48                __sdh_soc_observers_start__ = .
                0x000000000002ea48                __start_sdh_soc_observers = __sdh_soc_observers_start__
 *(SORT_BY_NAME(.sdh_soc_observers*))
 .sdh_soc_observers0
                0x000000000002ea48        0x8 Output/nrf52832_xxaa/Obj/tag/nrf_drv_clock.o
                0x000000000002ea50                __sdh_soc_observers_end__ = (__sdh_soc_observers_start__ + SIZEOF (.sdh_soc_observers))
                0x0000000000000008                __sdh_soc_observers_size__ = SIZEOF (.sdh_soc_observers)
                0x000000000002ea50                __stop_sdh_soc_observers = __sdh_soc_observers_end__
                0x000000000002ea50                __sdh_soc_observers_load_end__ = __sdh_soc_observers_end__
                0x0000000000000001                . = ASSERT (((__sdh_soc_observers_start__ == __sdh_soc_observers_end__) || ((__sdh_soc_observers_end__ - __FLASH_segment_start__) <= __FLASH_segment_size__)), error: .sdh_soc_observers is too large to fit in FLASH memory segment)
                0x000000000002ea50                __sdh_ble_observers_load_start__ = ALIGN (__sdh_soc_observers_end__, 0x4)

.sdh_ble_observers
                0x000000000002ea50       0x10
                0x000000000002ea50                __sdh_ble_observers_start__ = .
                0x000000000002ea50                __start_sdh_ble_observers = __sdh_ble_observers_start__
 *(SORT_BY_NAME(.sdh_ble_observers*))
 .sdh_ble_observers2
                0x000000000002ea50       0x10 Output/nrf52832_xxaa/Obj/tag/os_ble.o
                0x000000000002ea60                __sdh_ble_observers_end__ = (__sdh_ble_observers_start__ + SIZEOF (.sdh_ble_observers))
                0x0000000000000010                __sdh_ble_observers_size__ = SIZEOF (.sdh_ble_observers)
                0x000000000002ea60                __stop_sdh_ble_observers = __sdh_ble_observers_end__
                0x000000000002ea60                __sdh_ble_observers_load_end__ = __sdh_ble_observers_end__
                0x0000000000000001                . = ASSERT (((__sdh_ble_observers_start__ == __sdh_ble_observers_end__) || ((__sdh_ble_observers_end__ - __FLASH_segment_start__) <= __FLASH_segment_size__)), error: .sdh_ble_observers is too large to fit in FLASH memory segment)
                0x000000000002ea60                __pwr_mgmt_data_load_start__ = ALIGN (__sdh_ble_observers_end__, 0x4)

.pwr_mgmt_data  0x000000000002ea60        0x0
                0x000000000002ea60                __pwr_mgmt_data_start__ = .
                0x000000000002ea60                __start_pwr_mgmt_data = __pwr_mgmt_data_start__
 *(SORT_BY_NAME(.pwr_mgmt_data*))
                0x000000000002ea60                __pwr_mgmt_data_end__ = (__pwr_mgmt_data_start__ + SIZEOF (.pwr_mgmt_data))
                0x0000000000000000                __pwr_mgmt_data_size__ = SIZEOF (.pwr_mgmt_data)
                0x000000000002ea60                __stop_pwr_mgmt_data = __pwr_mgmt_data_end__
                0x000000000002ea60                __pwr_mgmt_data_load_end__ = __pwr_mgmt_data_end__
                0x0000000000000001                . = ASSERT (((__pwr_mgmt_data_start__ == __pwr_mgmt_data_end__) || ((__pwr_mgmt_data_end__ - __FLASH_segment_start__) <= __FLASH_segment_size__)), error: .pwr_mgmt_data is too large to fit in FLASH memory segment)
                0x000000000002ea60                __log_const_data_load_start__ = ALIGN (__pwr_mgmt_data_end__, 0x4)

.log_const_data
                0x000000000002ea60        0x0
                0x000000000002ea60                __log_const_data_start__ = .
                0x000000000002ea60                __start_log_const_data = __log_const_data_start__
 *(SORT_BY_NAME(.log_const_data*))
                0x000000000002ea60                __log_const_data_end__ = (__log_const_data_start__ + SIZEOF (.log_const_data))
                0x0000000000000000                __log_const_data_size__ = SIZEOF (.log_const_data)
                0x000000000002ea60                __stop_log_const_data = __log_const_data_end__
                0x000000000002ea60                __log_const_data_load_end__ = __log_const_data_end__
                0x0000000000000001                . = ASSERT (((__log_const_data_start__ == __log_const_data_end__) || ((__log_const_data_end__ - __FLASH_segment_start__) <= __FLASH_segment_size__)), error: .log_const_data is too large to fit in FLASH memory segment)
                0x000000000002ea60                __sdh_req_observers_load_start__ = ALIGN (__log_const_data_end__, 0x4)

.sdh_req_observers
                0x000000000002ea60        0x0
                0x000000000002ea60                __sdh_req_observers_start__ = .
                0x000000000002ea60                __start_sdh_req_observers = __sdh_req_observers_start__
 *(SORT_BY_NAME(.sdh_req_observers*))
                0x000000000002ea60                __sdh_req_observers_end__ = (__sdh_req_observers_start__ + SIZEOF (.sdh_req_observers))
                0x0000000000000000                __sdh_req_observers_size__ = SIZEOF (.sdh_req_observers)
                0x000000000002ea60                __stop_sdh_req_observers = __sdh_req_observers_end__
                0x000000000002ea60                __sdh_req_observers_load_end__ = __sdh_req_observers_end__
                0x0000000000000001                . = ASSERT (((__sdh_req_observers_start__ == __sdh_req_observers_end__) || ((__sdh_req_observers_end__ - __FLASH_segment_start__) <= __FLASH_segment_size__)), error: .sdh_req_observers is too large to fit in FLASH memory segment)
                0x000000000002ea60                __sdh_state_observers_load_start__ = ALIGN (__sdh_req_observers_end__, 0x4)

.sdh_state_observers
                0x000000000002ea60        0x8
                0x000000000002ea60                __sdh_state_observers_start__ = .
                0x000000000002ea60                __start_sdh_state_observers = __sdh_state_observers_start__
 *(SORT_BY_NAME(.sdh_state_observers*))
 .sdh_state_observers0
                0x000000000002ea60        0x8 Output/nrf52832_xxaa/Obj/tag/nrf_drv_clock.o
                0x000000000002ea68                __sdh_state_observers_end__ = (__sdh_state_observers_start__ + SIZEOF (.sdh_state_observers))
                0x0000000000000008                __sdh_state_observers_size__ = SIZEOF (.sdh_state_observers)
                0x000000000002ea68                __stop_sdh_state_observers = __sdh_state_observers_end__
                0x000000000002ea68                __sdh_state_observers_load_end__ = __sdh_state_observers_end__
                0x0000000000000001                . = ASSERT (((__sdh_state_observers_start__ == __sdh_state_observers_end__) || ((__sdh_state_observers_end__ - __FLASH_segment_start__) <= __FLASH_segment_size__)), error: .sdh_state_observers is too large to fit in FLASH memory segment)
                0x000000000002ea68                __sdh_stack_observers_load_start__ = ALIGN (__sdh_state_observers_end__, 0x4)

.sdh_stack_observers
                0x000000000002ea68       0x10
                0x000000000002ea68                __sdh_stack_observers_start__ = .
                0x000000000002ea68                __start_sdh_stack_observers = __sdh_stack_observers_start__
 *(SORT_BY_NAME(.sdh_stack_observers*))
 .sdh_stack_observers0
                0x000000000002ea68        0x8 Output/nrf52832_xxaa/Obj/tag/nrf_sdh_ble.o
 .sdh_stack_observers0
                0x000000000002ea70        0x8 Output/nrf52832_xxaa/Obj/tag/nrf_sdh_soc.o
                0x000000000002ea78                __sdh_stack_observers_end__ = (__sdh_stack_observers_start__ + SIZEOF (.sdh_stack_observers))
                0x0000000000000010                __sdh_stack_observers_size__ = SIZEOF (.sdh_stack_observers)
                0x000000000002ea78                __stop_sdh_stack_observers = __sdh_stack_observers_end__
                0x000000000002ea78                __sdh_stack_observers_load_end__ = __sdh_stack_observers_end__
                0x0000000000000001                . = ASSERT (((__sdh_stack_observers_start__ == __sdh_stack_observers_end__) || ((__sdh_stack_observers_end__ - __FLASH_segment_start__) <= __FLASH_segment_size__)), error: .sdh_stack_observers is too large to fit in FLASH memory segment)
                0x000000000002ea78                __cli_command_load_start__ = ALIGN (__sdh_stack_observers_end__, 0x4)

.cli_command    0x000000000002ea78        0x0
                0x000000000002ea78                __cli_command_start__ = .
                0x000000000002ea78                __start_cli_command = __cli_command_start__
 *(.cli_command*)
                0x000000000002ea78                __cli_command_end__ = (__cli_command_start__ + SIZEOF (.cli_command))
                0x0000000000000000                __cli_command_size__ = SIZEOF (.cli_command)
                0x000000000002ea78                __stop_cli_command = __cli_command_end__
                0x000000000002ea78                __cli_command_load_end__ = __cli_command_end__
                0x0000000000000001                . = ASSERT (((__cli_command_start__ == __cli_command_end__) || ((__cli_command_end__ - __FLASH_segment_start__) <= __FLASH_segment_size__)), error: .cli_command is too large to fit in FLASH memory segment)
                0x000000000002ea78                __nrf_sections_load_start__ = ALIGN (__cli_command_end__, 0x4)

.nrf_sections   0x000000000002ea78        0x0
                0x000000000002ea78                __nrf_sections_start__ = .
                0x000000000002ea78                __start_nrf_sections = __nrf_sections_start__
 *(.nrf_sections .nrf_sections.*)
                0x000000000002ea78                __nrf_sections_end__ = (__nrf_sections_start__ + SIZEOF (.nrf_sections))
                0x0000000000000000                __nrf_sections_size__ = SIZEOF (.nrf_sections)
                0x000000000002ea78                __nrf_sections_load_end__ = __nrf_sections_end__
                0x0000000000000001                . = ASSERT (((__nrf_sections_start__ == __nrf_sections_end__) || ((__nrf_sections_end__ - __FLASH_segment_start__) <= __FLASH_segment_size__)), error: .nrf_sections is too large to fit in FLASH memory segment)
                0x000000000002ea78                __log_dynamic_data_load_start__ = ALIGN (__nrf_sections_end__, 0x4)

.log_dynamic_data
                0x0000000020002000        0x0 load address 0x000000000002ea78
                0x0000000020002000                __log_dynamic_data_start__ = .
 *(SORT_BY_NAME(.log_dynamic_data*))
                0x0000000020002000                __log_dynamic_data_end__ = (__log_dynamic_data_start__ + SIZEOF (.log_dynamic_data))
                0x0000000000000000                __log_dynamic_data_size__ = SIZEOF (.log_dynamic_data)
                0x000000000002ea78                __log_dynamic_data_load_end__ = (__log_dynamic_data_load_start__ + SIZEOF (.log_dynamic_data))