Archive member included to satisfy reference by file (symbol)

C:/Program Files/SEGGER/SEGGER Embedded Studio for ARM 4.12/lib/libm_v7em_fpv4_sp_d16_hard_t_le_eabi.a(libm_asm.o)
                              Output/tag nrf52832_xxaa/Obj/linear_algebra.o (__aeabi_i2d)
C:/Program Files/SEGGER/SEGGER Embedded Studio for ARM 4.12/lib/libm_v7em_fpv4_sp_d16_hard_t_le_eabi.a(libm2.o)
                              Output/tag nrf52832_xxaa/Obj/ekf.o (asinf)
C:/Program Files/SEGGER/SEGGER Embedded Studio for ARM 4.12/lib/libm_v7em_fpv4_sp_d16_hard_t_le_eabi.a(libm2_asm.o)
                              Output/tag nrf52832_xxaa/Obj/ekf.o (fabs)
C:/Program Files/SEGGER/SEGGER Embedded Studio for ARM 4.12/lib/libc_v7em_fpv4_sp_d16_hard_t_le_eabi.a(libc_asm.o)
                              Output/tag nrf52832_xxaa/Obj/bsp.o (__aeabi_uldivmod)
C:/Program Files/SEGGER/SEGGER Embedded Studio for ARM 4.12/lib/libc_v7em_fpv4_sp_d16_hard_t_le_eabi.a(libc2.o)
                              Output/tag nrf52832_xxaa/Obj/deca_device.o (abs)
C:/Program Files/SEGGER/SEGGER Embedded Studio for ARM 4.12/lib/libc_v7em_fpv4_sp_d16_hard_t_le_eabi.a(libc2_asm.o)
                              Output/tag nrf52832_xxaa/Obj/nrf_memobj.o (memcpy)
C:/Program Files/SEGGER/SEGGER Embedded Studio for ARM 4.12/lib/libdebugio_v7em_fpv4_sp_d16_hard_t_le_eabi.a(libdebugio.o)
                              Output/tag nrf52832_xxaa/Obj/thumb_crt0.o (debug_fopen)
C:/Program Files/SEGGER/SEGGER Embedded Studio for ARM 4.12/lib/libdebugio_mempoll_v7em_fpv4_sp_d16_hard_t_le_eabi.a(mempoll_debug_operations.o)
                              C:/Program Files/SEGGER/SEGGER Embedded Studio for ARM 4.12/lib/libdebugio_v7em_fpv4_sp_d16_hard_t_le_eabi.a(libdebugio.o) (__do_debug_operation)
C:/Program Files/SEGGER/SEGGER Embedded Studio for ARM 4.12/lib/libdebugio_mempoll_v7em_fpv4_sp_d16_hard_t_le_eabi.a(do_nv_debug_operation.o)
                              C:/Program Files/SEGGER/SEGGER Embedded Studio for ARM 4.12/lib/libdebugio_v7em_fpv4_sp_d16_hard_t_le_eabi.a(libdebugio.o) (__do_nvdebug_operation)

Discarded input sections

 .text          0x0000000000000000        0x0 Output/tag nrf52832_xxaa/Obj/thumb_crt0.o
 .data          0x0000000000000000        0x0 Output/tag nrf52832_xxaa/Obj/thumb_crt0.o
 .bss           0x0000000000000000        0x0 Output/tag nrf52832_xxaa/Obj/thumb_crt0.o
 .text.__scanf_lock
                0x0000000000000000        0x2 Output/tag nrf52832_xxaa/Obj/thumb_crt0.o
 .text.__scanf_unlock
                0x0000000000000000        0x2 Output/tag nrf52832_xxaa/Obj/thumb_crt0.o
 .text.__debug_io_lock
                0x0000000000000000        0x2 Output/tag nrf52832_xxaa/Obj/thumb_crt0.o
 .text.__debug_io_unlock
                0x0000000000000000        0x2 Output/tag nrf52832_xxaa/Obj/thumb_crt0.o
 .text.abort    0x0000000000000000        0x2 Output/tag nrf52832_xxaa/Obj/thumb_crt0.o
 .text.__assert
                0x0000000000000000        0x2 Output/tag nrf52832_xxaa/Obj/thumb_crt0.o
 .text.__aeabi_assert
                0x0000000000000000        0x2 Output/tag nrf52832_xxaa/Obj/thumb_crt0.o
 .text.__cxa_pure_virtual
                0x0000000000000000        0x2 Output/tag nrf52832_xxaa/Obj/thumb_crt0.o
 .text.__cxa_guard_acquire
                0x0000000000000000       0x10 Output/tag nrf52832_xxaa/Obj/thumb_crt0.o
 .text.__cxa_guard_release
                0x0000000000000000        0x6 Output/tag nrf52832_xxaa/Obj/thumb_crt0.o
 .text.__cxa_guard_abort
                0x0000000000000000        0x2 Output/tag nrf52832_xxaa/Obj/thumb_crt0.o
 .text.__sync_synchronize
                0x0000000000000000        0x2 Output/tag nrf52832_xxaa/Obj/thumb_crt0.o
 .text.__open   0x0000000000000000        0x4 Output/tag nrf52832_xxaa/Obj/thumb_crt0.o
 .text.__close  0x0000000000000000        0x4 Output/tag nrf52832_xxaa/Obj/thumb_crt0.o
 .text.__write  0x0000000000000000        0xa Output/tag nrf52832_xxaa/Obj/thumb_crt0.o
 .text.__read   0x0000000000000000        0xa Output/tag nrf52832_xxaa/Obj/thumb_crt0.o
 .text.__seek   0x0000000000000000       0x1a Output/tag nrf52832_xxaa/Obj/thumb_crt0.o
 .bss.__user_locale_name_buffer
                0x0000000000000000        0x4 Output/tag nrf52832_xxaa/Obj/thumb_crt0.o
 .stack         0x0000000000000000        0x0 Output/tag nrf52832_xxaa/Obj/thumb_crt0.o
 .stack_process
                0x0000000000000000        0x0 Output/tag nrf52832_xxaa/Obj/thumb_crt0.o
 .heap          0x0000000000000000        0x0 Output/tag nrf52832_xxaa/Obj/thumb_crt0.o
 .text          0x0000000000000000        0x0 Output/tag nrf52832_xxaa/Obj/ses_nrf52_startup.o
 .data          0x0000000000000000        0x0 Output/tag nrf52832_xxaa/Obj/ses_nrf52_startup.o
 .bss           0x0000000000000000        0x0 Output/tag nrf52832_xxaa/Obj/ses_nrf52_startup.o
 .text          0x0000000000000000        0x0 Output/tag nrf52832_xxaa/Obj/system_nrf52.o
 .data          0x0000000000000000        0x0 Output/tag nrf52832_xxaa/Obj/system_nrf52.o
[...]
Memory Configuration

Name             Origin             Length             Attributes
UNPLACED_SECTIONS 0x0000000100000000 0x0000000000000000 xw
RAM              0x0000000020000000 0x0000000000010000 xw
FLASH            0x0000000000000000 0x0000000000080000 xw
*default*        0x0000000000000000 0xffffffffffffffff

Linker script and memory map

                0x0000000000030c70                __vfprintf = __vfprintf_short_float_long
                0x0000000000000000                __vfscanf = __vfscanf_int
                0x0000000020000000                __RAM_segment_start__ = 0x20000000
                0x0000000020010000                __RAM_segment_end__ = 0x20010000
                0x0000000000010000                __RAM_segment_size__ = 0x10000
                0x0000000000000000                __FLASH_segment_start__ = 0x0
                0x0000000000080000                __FLASH_segment_end__ = 0x80000
                0x0000000000080000                __FLASH_segment_size__ = 0x80000
                0x0000000000000400                __HEAPSIZE__ = 0x400
                0x0000000000000000                __STACKSIZE_PROCESS__ = 0x0
                0x0000000000000800                __STACKSIZE__ = 0x800
                0x0000000020000000                __reserved_ram_load_start__ = 0x20000000

.reserved_ram   0x0000000020000000     0x2000
                0x0000000020000000                __reserved_ram_start__ = .
 *(.reserved_ram .reserved_ram.*)
                0x0000000020002000                . = MAX (((__reserved_ram_start__ + 0x20002000) - 0x20000000), .)
 *fill*         0x0000000020000000     0x2000 
                0x0000000020002000                __reserved_ram_end__ = (__reserved_ram_start__ + SIZEOF (.reserved_ram))
                0x0000000000002000                __reserved_ram_size__ = SIZEOF (.reserved_ram)
                0x0000000020002000                __reserved_ram_load_end__ = __reserved_ram_end__
                0x0000000000000001                . = ASSERT (((__reserved_ram_start__ == __reserved_ram_end__) || ((__reserved_ram_end__ >= __RAM_segment_start__) && (__reserved_ram_end__ <= __RAM_segment_end__))), error: .reserved_ram is too large to fit in RAM memory segment)
                0x0000000020002000                __vectors_ram_load_start__ = 0x20002000

.vectors_ram    0x0000000020002000        0x0
                0x0000000020002000                __vectors_ram_start__ = .
                0x0000000020002000                __app_ram_start__ = __vectors_ram_start__
 *(.vectors_ram .vectors_ram.*)
                0x0000000020002000                __vectors_ram_end__ = (__vectors_ram_start__ + SIZEOF (.vectors_ram))
                0x0000000000000000                __vectors_ram_size__ = SIZEOF (.vectors_ram)
                0x0000000020002000                __vectors_ram_load_end__ = __vectors_ram_end__
                0x0000000000000001                . = ASSERT (((__vectors_ram_start__ == __vectors_ram_end__) || ((__vectors_ram_end__ >= __RAM_segment_start__) && (__vectors_ram_end__ <= __RAM_segment_end__))), error: .vectors_ram is too large to fit in RAM memory segment)
                0x0000000000000001                . = ASSERT ((__reserved_ram_end__ <= __vectors_ram_start__), error: section .reserved_ram overlaps absolute placed section .vectors_ram)
                0x0000000020002000                __nrf_sections_run_load_start__ = ALIGN (__vectors_ram_end__, 0x4)

.nrf_sections_run
                0x0000000020002000        0x0
                0x0000000020002000                __nrf_sections_run_start__ = .
                0x0000000020002000                __start_nrf_sections_run = __nrf_sections_run_start__
 *(.nrf_sections_run .nrf_sections_run.*)
                0x0000000020002000                __nrf_sections_run_end__ = (__nrf_sections_run_start__ + SIZEOF (.nrf_sections_run))
                0x0000000000000000                __nrf_sections_run_size__ = SIZEOF (.nrf_sections_run)
                0x0000000020002000                __nrf_sections_run_load_end__ = __nrf_sections_run_end__
                0x0000000000000001                . = ASSERT (((__nrf_sections_run_start__ == __nrf_sections_run_end__) || ((__nrf_sections_run_end__ >= __RAM_segment_start__) && (__nrf_sections_run_end__ <= __RAM_segment_end__))), error: .nrf_sections_run is too large to fit in RAM memory segment)
                0x0000000000000000                __reserved_flash_load_start__ = 0x0

.reserved_flash
                0x0000000000000000    0x23000
                0x0000000000000000                __reserved_flash_start__ = .
 *(.reserved_flash .reserved_flash.*)
                0x0000000000023000                . = MAX (((__reserved_flash_start__ + 0x23000) - 0x0), .)
 *fill*         0x0000000000000000    0x23000 
                0x0000000000023000                __reserved_flash_end__ = (__reserved_flash_start__ + SIZEOF (.reserved_flash))
                0x0000000000023000                __reserved_flash_size__ = SIZEOF (.reserved_flash)
                0x0000000000023000                __reserved_flash_load_end__ = __reserved_flash_end__
                0x0000000000000001                . = ASSERT (((__reserved_flash_start__ == __reserved_flash_end__) || ((__reserved_flash_end__ >= __FLASH_segment_start__) && (__reserved_flash_end__ <= __FLASH_segment_end__))), error: .reserved_flash is too large to fit in FLASH memory segment)
                0x0000000000023000                __vectors_load_start__ = 0x23000

.vectors        0x0000000000023000       0xd8
                0x0000000000023000                __vectors_start__ = .
 *(.vectors .vectors.*)
 .vectors       0x0000000000023000       0xd8 Output/tag nrf52832_xxaa/Obj/ses_nrf52_startup.o
                0x0000000000023000                _vectors
                0x00000000000230d8                __vectors_end__ = (__vectors_start__ + SIZEOF (.vectors))
                0x00000000000000d8                __vectors_size__ = SIZEOF (.vectors)
                0x00000000000230d8                __vectors_load_end__ = __vectors_end__
                0x0000000000000001                . = ASSERT (((__vectors_start__ == __vectors_end__) || ((__vectors_end__ >= __FLASH_segment_start__) && (__vectors_end__ <= __FLASH_segment_end__))), error: .vectors is too large to fit in FLASH memory segment)
                0x0000000000000001                . = ASSERT ((__reserved_flash_end__ <= __vectors_start__), error: section .reserved_flash overlaps absolute placed section .vectors)
                0x00000000000230d8                __init_load_start__ = ALIGN (__vectors_end__, 0x4)

.init           0x00000000000230d8      0x1d8
                0x00000000000230d8                __init_start__ = .
 *(.init .init.*)
 .init          0x00000000000230d8      0x16c Output/tag nrf52832_xxaa/Obj/thumb_crt0.o
                0x00000000000230d8                _start
                0x0000000000023194                exit
 .init          0x0000000000023244       0x6c Output/tag nrf52832_xxaa/Obj/ses_nrf52_startup.o
                0x0000000000023244                NMI_Handler
                0x0000000000023248                MemoryManagement_Handler
                0x000000000002324a                BusFault_Handler
                0x000000000002324c                UsageFault_Handler
                0x0000000000023250                DebugMon_Handler
                0x0000000000023254                SysTick_Handler
                0x0000000000023258                RADIO_IRQHandler
                0x0000000000023260                NFCT_IRQHandler
                0x0000000000023264                SAADC_IRQHandler
                0x0000000000023266                TIMER0_IRQHandler
                0x0000000000023268                TIMER1_IRQHandler
                0x000000000002326a                TIMER2_IRQHandler
                0x000000000002326c                RTC0_IRQHandler
                0x000000000002326e                TEMP_IRQHandler
                0x0000000000023270                RNG_IRQHandler
                0x0000000000023272                ECB_IRQHandler
                0x0000000000023274                CCM_AAR_IRQHandler
                0x0000000000023276                WDT_IRQHandler
                0x000000000002327a                QDEC_IRQHandler
                0x000000000002327c                COMP_LPCOMP_IRQHandler
                0x000000000002327e                SWI0_EGU0_IRQHandler
                0x0000000000023280                SWI1_EGU1_IRQHandler
                0x0000000000023284                SWI3_EGU3_IRQHandler
                0x0000000000023286                SWI4_EGU4_IRQHandler
                0x0000000000023288                SWI5_EGU5_IRQHandler
                0x000000000002328a                TIMER3_IRQHandler
                0x000000000002328c                TIMER4_IRQHandler
                0x000000000002328e                PWM0_IRQHandler
                0x0000000000023290                PDM_IRQHandler
                0x0000000000023292                MWU_IRQHandler
                0x0000000000023294                PWM1_IRQHandler
                0x0000000000023296                PWM2_IRQHandler
                0x0000000000023298                SPIM2_SPIS2_SPI2_IRQHandler
                0x000000000002329a                RTC2_IRQHandler
                0x000000000002329c                I2S_IRQHandler
                0x000000000002329e                reset_handler
                0x00000000000232b0                __init_end__ = (__init_start__ + SIZEOF (.init))
                0x00000000000001d8                __init_size__ = SIZEOF (.init)
                0x00000000000232b0                __init_load_end__ = __init_end__
                0x0000000000000001                . = ASSERT (((__init_start__ == __init_end__) || ((__init_end__ >= __FLASH_segment_start__) && (__init_end__ <= __FLASH_segment_end__))), error: .init is too large to fit in FLASH memory segment)
                0x00000000000232b0                __init_rodata_load_start__ = ALIGN (__init_end__, 0x4)

.init_rodata    0x00000000000232b0        0x0
                0x00000000000232b0                __init_rodata_start__ = .
 *(.init_rodata .init_rodata.*)
                0x00000000000232b0                __init_rodata_end__ = (__init_rodata_start__ + SIZEOF (.init_rodata))
                0x0000000000000000                __init_rodata_size__ = SIZEOF (.init_rodata)
                0x00000000000232b0                __init_rodata_load_end__ = __init_rodata_end__
                0x0000000000000001                . = ASSERT (((__init_rodata_start__ == __init_rodata_end__) || ((__init_rodata_end__ >= __FLASH_segment_start__) && (__init_rodata_end__ <= __FLASH_segment_end__))), error: .init_rodata is too large to fit in FLASH memory segment)
                0x00000000000232b0                __text_load_start__ = ALIGN (__init_rodata_end__, 0x4)

.text           0x00000000000232b0     0xe888
                0x00000000000232b0                __text_start__ = .
 *(.text .text.* .glue_7t .glue_7 .gnu.linkonce.t.* .gcc_except_table .ARM.extab* .gnu.linkonce.armextab.*)
 .glue_7        0x00000000000232b0        0x0 linker stubs
 .glue_7t       0x00000000000232b0        0x0 linker stubs
 .text.__aeabi_read_tp
                0x00000000000232b0        0x8 Output/tag nrf52832_xxaa/Obj/thumb_crt0.o
                0x00000000000232b0                __aeabi_read_tp
 .text.__heap_lock
                0x00000000000232b8        0x2 Output/tag nrf52832_xxaa/Obj/thumb_crt0.o
                0x00000000000232b8                __heap_lock
 .text.__heap_unlock
                0x00000000000232ba        0x2 Output/tag nrf52832_xxaa/Obj/thumb_crt0.o
                0x00000000000232ba                __heap_unlock
 .text.__printf_lock
                0x00000000000232bc        0x2 Output/tag nrf52832_xxaa/Obj/thumb_crt0.o
                0x00000000000232bc                __printf_lock
 .text.__printf_unlock
                0x00000000000232be        0x2 Output/tag nrf52832_xxaa/Obj/thumb_crt0.o
                0x00000000000232be                __printf_unlock
 .text.NVIC_SystemReset
                0x00000000000232c0       0x24 Output/tag nrf52832_xxaa/Obj/system_nrf52.o
 .text.SystemCoreClockUpdate
                0x00000000000232e4       0x14 Output/tag nrf52832_xxaa/Obj/system_nrf52.o
                0x00000000000232e4                SystemCoreClockUpdate
 .text.SystemInit
                0x00000000000232f8      0x2bc Output/tag nrf52832_xxaa/Obj/system_nrf52.o
                0x00000000000232f8                SystemInit
 .text.errata_12
                0x00000000000235b4       0x58 Output/tag nrf52832_xxaa/Obj/system_nrf52.o
 .text.errata_16
                0x000000000002360c       0x38 Output/tag nrf52832_xxaa/Obj/system_nrf52.o
 .text.errata_31
                0x0000000000023644       0x58 Output/tag nrf52832_xxaa/Obj/system_nrf52.o
 .text.errata_32
                0x000000000002369c       0x38 Output/tag nrf52832_xxaa/Obj/system_nrf52.o
 .text.errata_36
                0x00000000000236d4       0x58 Output/tag nrf52832_xxaa/Obj/system_nrf52.o
 .text.errata_37
                0x000000000002372c       0x38 Output/tag nrf52832_xxaa/Obj/system_nrf52.o
 .text.errata_57
                0x0000000000023764       0x38 Output/tag nrf52832_xxaa/Obj/system_nrf52.o
 .text.errata_66
                0x000000000002379c       0x38 Output/tag nrf52832_xxaa/Obj/system_nrf52.o
 .text.errata_108
                0x00000000000237d4       0x58 Output/tag nrf52832_xxaa/Obj/system_nrf52.o
 .text.errata_136
                0x000000000002382c       0x58 Output/tag nrf52832_xxaa/Obj/system_nrf52.o
 .text.nrf_gpio_pin_port_decode
                0x0000000000023884        0xe Output/tag nrf52832_xxaa/Obj/main.o
 .text.nrf_gpio_cfg
                0x0000000000023892       0x62 Output/tag nrf52832_xxaa/Obj/main.o
 .text.nrf_gpio_cfg_input
                0x00000000000238f4       0x2c Output/tag nrf52832_xxaa/Obj/main.o
 .text.nrf_delay_us
                0x0000000000023920       0xa0 Output/tag nrf52832_xxaa/Obj/main.o
 .text.nrf_delay_ms
                0x00000000000239c0       0x1e Output/tag nrf52832_xxaa/Obj/main.o
 *fill*         0x00000000000239de        0x2 
 .text.mainTask
                0x00000000000239e0       0x80 Output/tag nrf52832_xxaa/Obj/main.o
                0x00000000000239e0                mainTask
 .text.uwb_recv_setup
                0x0000000000023a60       0x44 Output/tag nrf52832_xxaa/Obj/main.o
                0x0000000000023a60                uwb_recv_setup
 .text.main     0x0000000000023aa4       0x84 Output/tag nrf52832_xxaa/Obj/main.o
                0x0000000000023aa4                main
 .text.HardFault_Handler
                0x0000000000023b28       0x30 Output/tag nrf52832_xxaa/Obj/main.o
                0x0000000000023b28                HardFault_Handler
 .text.nrf_gpio_pin_port_decode
                0x0000000000023b58        0xe Output/tag nrf52832_xxaa/Obj/boards.o
 .text.nrf_gpio_cfg
                0x0000000000023b66       0x62 Output/tag nrf52832_xxaa/Obj/boards.o
 .text.nrf_gpio_cfg_output
                0x0000000000023bc8       0x22 Output/tag nrf52832_xxaa/Obj/boards.o
 .text.nrf_gpio_pin_set
                0x0000000000023bea       0x28 Output/tag nrf52832_xxaa/Obj/boards.o
 .text.nrf_gpio_pin_clear
                0x0000000000023c12       0x28 Output/tag nrf52832_xxaa/Obj/boards.o
 .text.nrf_gpio_pin_write
                0x0000000000023c3a       0x24 Output/tag nrf52832_xxaa/Obj/boards.o
 .text.nrf_gpio_port_out_set
                0x0000000000023c5e       0x14 Output/tag nrf52832_xxaa/Obj/boards.o
 .text.nrf_gpio_port_out_clear
                0x0000000000023c72       0x14 Output/tag nrf52832_xxaa/Obj/boards.o
 *fill*         0x0000000000023c86        0x2 
 .text.bsp_board_led_on
                0x0000000000023c88       0x24 Output/tag nrf52832_xxaa/Obj/boards.o
                0x0000000000023c88                bsp_board_led_on
 .text.bsp_board_led_off
                0x0000000000023cac       0x24 Output/tag nrf52832_xxaa/Obj/boards.o
                0x0000000000023cac                bsp_board_led_off
 .text.bsp_board_leds_off
                0x0000000000023cd0       0x24 Output/tag nrf52832_xxaa/Obj/boards.o
                0x0000000000023cd0                bsp_board_leds_off
 .text.bsp_board_leds_init
                0x0000000000023cf4       0x34 Output/tag nrf52832_xxaa/Obj/boards.o
                0x0000000000023cf4                bsp_board_leds_init
 .text.NVIC_EnableIRQ
                0x0000000000023d28       0x2c Output/tag nrf52832_xxaa/Obj/nrf_drv_common.o
 .text.NVIC_ClearPendingIRQ
                0x0000000000023d54       0x30 Output/tag nrf52832_xxaa/Obj/nrf_drv_common.o
 .text.NVIC_SetPriority
                0x0000000000023d84       0x50 Output/tag nrf52832_xxaa/Obj/nrf_drv_common.o
 .text.nrf_drv_common_irq_enable
                0x0000000000023dd4       0x3e Output/tag nrf52832_xxaa/Obj/nrf_drv_common.o
                0x0000000000023dd4                nrf_drv_common_irq_enable
 .text.nrf_gpiote_event_is_set
                0x0000000000023e12       0x2a Output/tag nrf52832_xxaa/Obj/nrf_drv_gpiote.o
 .text.nrf_gpiote_event_clear
                0x0000000000023e3c       0x36 Output/tag nrf52832_xxaa/Obj/nrf_drv_gpiote.o
 .text.nrf_gpiote_event_addr_get
                0x0000000000023e72       0x1a Output/tag nrf52832_xxaa/Obj/nrf_drv_gpiote.o
 .text.nrf_gpiote_int_is_enabled
                0x0000000000023e8c       0x18 Output/tag nrf52832_xxaa/Obj/nrf_drv_gpiote.o
 .text.nrf_gpiote_event_pin_get
                0x0000000000023ea4       0x20 Output/tag nrf52832_xxaa/Obj/nrf_drv_gpiote.o
 .text.nrf_gpiote_event_polarity_get
                0x0000000000023ec4       0x24 Output/tag nrf52832_xxaa/Obj/nrf_drv_gpiote.o
 .text.nrf_gpio_pin_port_decode
                0x0000000000023ee8        0xe Output/tag nrf52832_xxaa/Obj/nrf_drv_gpiote.o
 .text.nrf_gpio_cfg_sense_set
                0x0000000000023ef6       0x5c Output/tag nrf52832_xxaa/Obj/nrf_drv_gpiote.o
 .text.nrf_gpio_pin_sense_get
                0x0000000000023f52       0x2c Output/tag nrf52832_xxaa/Obj/nrf_drv_gpiote.o
 .text.nrf_gpio_port_in_read
                0x0000000000023f7e       0x10 Output/tag nrf52832_xxaa/Obj/nrf_drv_gpiote.o
 .text.nrf_gpio_ports_read
                0x0000000000023f8e       0x4e Output/tag nrf52832_xxaa/Obj/nrf_drv_gpiote.o
 .text.nrf_bitmask_bit_is_set
                0x0000000000023fdc       0x30 Output/tag nrf52832_xxaa/Obj/nrf_drv_gpiote.o
 .text.nrf_bitmask_bit_set
                0x000000000002400c       0x40 Output/tag nrf52832_xxaa/Obj/nrf_drv_gpiote.o
 .text.channel_port_get
                0x000000000002404c       0x1c Output/tag nrf52832_xxaa/Obj/nrf_drv_gpiote.o
 .text.channel_handler_get
                0x0000000000024068       0x18 Output/tag nrf52832_xxaa/Obj/nrf_drv_gpiote.o
 .text.GPIOTE_IRQHandler
                0x0000000000024080      0x2e0 Output/tag nrf52832_xxaa/Obj/nrf_drv_gpiote.o
                0x0000000000024080                GPIOTE_IRQHandler
 .text.NVIC_DisableIRQ
                0x0000000000024360       0x30 Output/tag nrf52832_xxaa/Obj/nrf_drv_spi.o
 .text.nrf_spi_event_clear
                0x0000000000024390       0x2a Output/tag nrf52832_xxaa/Obj/nrf_drv_spi.o
 .text.nrf_spi_event_check
                0x00000000000243ba       0x24 Output/tag nrf52832_xxaa/Obj/nrf_drv_spi.o
 .text.nrf_spi_int_enable
                0x00000000000243de       0x14 Output/tag nrf52832_xxaa/Obj/nrf_drv_spi.o
 .text.nrf_spi_int_disable
                0x00000000000243f2       0x14 Output/tag nrf52832_xxaa/Obj/nrf_drv_spi.o
 .text.nrf_spi_enable
                0x0000000000024406       0x12 Output/tag nrf52832_xxaa/Obj/nrf_drv_spi.o
 .text.nrf_spi_disable
                0x0000000000024418       0x12 Output/tag nrf52832_xxaa/Obj/nrf_drv_spi.o
 .text.nrf_spi_pins_set
                0x000000000002442a       0x28 Output/tag nrf52832_xxaa/Obj/nrf_drv_spi.o
 .text.nrf_spi_txd_set
                0x0000000000024452       0x1a Output/tag nrf52832_xxaa/Obj/nrf_drv_spi.o
 .text.nrf_spi_rxd_get
                0x000000000002446c       0x12 Output/tag nrf52832_xxaa/Obj/nrf_drv_spi.o
 .text.nrf_spi_frequency_set
                0x000000000002447e       0x14 Output/tag nrf52832_xxaa/Obj/nrf_drv_spi.o
 .text.nrf_spi_configure
                0x0000000000024492       0x5e Output/tag nrf52832_xxaa/Obj/nrf_drv_spi.o
 .text.nrf_drv_common_irq_disable
                0x00000000000244f0       0x1c Output/tag nrf52832_xxaa/Obj/nrf_drv_spi.o
 .text.nrf_gpio_pin_port_decode
                0x000000000002450c        0xe Output/tag nrf52832_xxaa/Obj/nrf_drv_spi.o
 .text.nrf_gpio_cfg
                0x000000000002451a       0x62 Output/tag nrf52832_xxaa/Obj/nrf_drv_spi.o
 .text.nrf_gpio_cfg_output
                0x000000000002457c       0x22 Output/tag nrf52832_xxaa/Obj/nrf_drv_spi.o
 .text.nrf_gpio_cfg_input
                0x000000000002459e       0x2c Output/tag nrf52832_xxaa/Obj/nrf_drv_spi.o
 .text.nrf_gpio_pin_set
                0x00000000000245ca       0x28 Output/tag nrf52832_xxaa/Obj/nrf_drv_spi.o
 .text.nrf_gpio_pin_clear
                0x00000000000245f2       0x28 Output/tag nrf52832_xxaa/Obj/nrf_drv_spi.o
 .text.nrf_gpio_port_out_set
                0x000000000002461a       0x14 Output/tag nrf52832_xxaa/Obj/nrf_drv_spi.o
 .text.nrf_gpio_port_out_clear
                0x000000000002462e       0x14 Output/tag nrf52832_xxaa/Obj/nrf_drv_spi.o
 *fill*         0x0000000000024642        0x2 
 .text.nrf_drv_spi_init
                0x0000000000024644      0x188 Output/tag nrf52832_xxaa/Obj/nrf_drv_spi.o
                0x0000000000024644                nrf_drv_spi_init
 .text.nrf_drv_spi_uninit
                0x00000000000247cc       0x60 Output/tag nrf52832_xxaa/Obj/nrf_drv_spi.o
                0x00000000000247cc                nrf_drv_spi_uninit
 .text.nrf_drv_spi_transfer
                0x000000000002482c       0x3e Output/tag nrf52832_xxaa/Obj/nrf_drv_spi.o
                0x000000000002482c                nrf_drv_spi_transfer
 .text.finish_transfer
                0x000000000002486a       0x3e Output/tag nrf52832_xxaa/Obj/nrf_drv_spi.o
 .text.transfer_byte
                0x00000000000248a8      0x108 Output/tag nrf52832_xxaa/Obj/nrf_drv_spi.o
 .text.spi_xfer
                0x00000000000249b0       0xca Output/tag nrf52832_xxaa/Obj/nrf_drv_spi.o
 *fill*         0x0000000000024a7a        0x2 
 .text.nrf_drv_spi_xfer
                0x0000000000024a7c       0xc4 Output/tag nrf52832_xxaa/Obj/nrf_drv_spi.o
                0x0000000000024a7c                nrf_drv_spi_xfer
 .text.irq_handler_spi
                0x0000000000024b40       0x34 Output/tag nrf52832_xxaa/Obj/nrf_drv_spi.o
 .text.SPIM1_SPIS1_TWIM1_TWIS1_SPI1_TWI1_IRQHandler
                0x0000000000024b74       0x20 Output/tag nrf52832_xxaa/Obj/nrf_drv_spi.o
                0x0000000000024b74                SPIM1_SPIS1_TWIM1_TWIS1_SPI1_TWI1_IRQHandler
 .text.nrf_uart_event_clear
                0x0000000000024b94       0x2a Output/tag nrf52832_xxaa/Obj/nrf_drv_uart.o
 .text.nrf_uart_event_check
                0x0000000000024bbe       0x24 Output/tag nrf52832_xxaa/Obj/nrf_drv_uart.o
 .text.nrf_uart_int_enable
                0x0000000000024be2       0x14 Output/tag nrf52832_xxaa/Obj/nrf_drv_uart.o
 .text.nrf_uart_int_enable_check
                0x0000000000024bf6       0x20 Output/tag nrf52832_xxaa/Obj/nrf_drv_uart.o
 .text.nrf_uart_int_disable
                0x0000000000024c16       0x14 Output/tag nrf52832_xxaa/Obj/nrf_drv_uart.o
 .text.nrf_uart_errorsrc_get_and_clear
                0x0000000000024c2a       0x1c Output/tag nrf52832_xxaa/Obj/nrf_drv_uart.o
 .text.nrf_uart_enable
                0x0000000000024c46       0x12 Output/tag nrf52832_xxaa/Obj/nrf_drv_uart.o
 .text.nrf_uart_txrx_pins_set
                0x0000000000024c58       0x1e Output/tag nrf52832_xxaa/Obj/nrf_drv_uart.o
 .text.nrf_uart_hwfc_pins_set
                0x0000000000024c76       0x1e Output/tag nrf52832_xxaa/Obj/nrf_drv_uart.o
 .text.nrf_uart_rxd_get
                0x0000000000024c94       0x12 Output/tag nrf52832_xxaa/Obj/nrf_drv_uart.o
 .text.nrf_uart_txd_set
                0x0000000000024ca6       0x1a Output/tag nrf52832_xxaa/Obj/nrf_drv_uart.o
 .text.nrf_uart_task_trigger
                0x0000000000024cc0       0x1c Output/tag nrf52832_xxaa/Obj/nrf_drv_uart.o
 .text.nrf_uart_configure
                0x0000000000024cdc       0x2a Output/tag nrf52832_xxaa/Obj/nrf_drv_uart.o
 .text.nrf_uart_baudrate_set
                0x0000000000024d06       0x14 Output/tag nrf52832_xxaa/Obj/nrf_drv_uart.o
 .text.nrf_uarte_event_clear
                0x0000000000024d1a       0x2a Output/tag nrf52832_xxaa/Obj/nrf_drv_uart.o
 .text.nrf_uarte_event_check
                0x0000000000024d44       0x24 Output/tag nrf52832_xxaa/Obj/nrf_drv_uart.o
 .text.nrf_uarte_shorts_enable
                0x0000000000024d68       0x1c Output/tag nrf52832_xxaa/Obj/nrf_drv_uart.o
 .text.nrf_uarte_shorts_disable
                0x0000000000024d84       0x1e Output/tag nrf52832_xxaa/Obj/nrf_drv_uart.o
 .text.nrf_uarte_int_enable
                0x0000000000024da2       0x14 Output/tag nrf52832_xxaa/Obj/nrf_drv_uart.o
 .text.nrf_uarte_int_disable
                0x0000000000024db6       0x14 Output/tag nrf52832_xxaa/Obj/nrf_drv_uart.o
 .text.nrf_uarte_errorsrc_get_and_clear
                0x0000000000024dca       0x1c Output/tag nrf52832_xxaa/Obj/nrf_drv_uart.o
 .text.nrf_uarte_enable
                0x0000000000024de6       0x12 Output/tag nrf52832_xxaa/Obj/nrf_drv_uart.o
 .text.nrf_uarte_txrx_pins_set
                0x0000000000024df8       0x1e Output/tag nrf52832_xxaa/Obj/nrf_drv_uart.o
 .text.nrf_uarte_hwfc_pins_set
                0x0000000000024e16       0x1e Output/tag nrf52832_xxaa/Obj/nrf_drv_uart.o
 .text.nrf_uarte_task_trigger
                0x0000000000024e34       0x1c Output/tag nrf52832_xxaa/Obj/nrf_drv_uart.o
 .text.nrf_uarte_configure
                0x0000000000024e50       0x2a Output/tag nrf52832_xxaa/Obj/nrf_drv_uart.o
 .text.nrf_uarte_baudrate_set
                0x0000000000024e7a       0x14 Output/tag nrf52832_xxaa/Obj/nrf_drv_uart.o
 .text.nrf_uarte_tx_buffer_set
                0x0000000000024e8e       0x24 Output/tag nrf52832_xxaa/Obj/nrf_drv_uart.o
 .text.nrf_uarte_tx_amount_get
                0x0000000000024eb2       0x10 Output/tag nrf52832_xxaa/Obj/nrf_drv_uart.o
 .text.nrf_uarte_rx_buffer_set
                0x0000000000024ec2       0x24 Output/tag nrf52832_xxaa/Obj/nrf_drv_uart.o
 .text.nrf_uarte_rx_amount_get
                0x0000000000024ee6       0x10 Output/tag nrf52832_xxaa/Obj/nrf_drv_uart.o
 .text.nrf_drv_get_IRQn
                0x0000000000024ef6       0x16 Output/tag nrf52832_xxaa/Obj/nrf_drv_uart.o
 .text.nrf_drv_is_in_RAM
                0x0000000000024f0c       0x1c Output/tag nrf52832_xxaa/Obj/nrf_drv_uart.o
 .text.nrf_gpio_pin_port_decode
                0x0000000000024f28        0xe Output/tag nrf52832_xxaa/Obj/nrf_drv_uart.o
 .text.nrf_gpio_cfg
                0x0000000000024f36       0x62 Output/tag nrf52832_xxaa/Obj/nrf_drv_uart.o
 .text.nrf_gpio_cfg_output
                0x0000000000024f98       0x22 Output/tag nrf52832_xxaa/Obj/nrf_drv_uart.o
 .text.nrf_gpio_cfg_input
                0x0000000000024fba       0x2c Output/tag nrf52832_xxaa/Obj/nrf_drv_uart.o
 .text.nrf_gpio_pin_set
                0x0000000000024fe6       0x28 Output/tag nrf52832_xxaa/Obj/nrf_drv_uart.o
 .text.nrf_gpio_port_out_set
                0x000000000002500e       0x14 Output/tag nrf52832_xxaa/Obj/nrf_drv_uart.o
 *fill*         0x0000000000025022        0x2 
 .text.apply_config
                0x0000000000025024      0x160 Output/tag nrf52832_xxaa/Obj/nrf_drv_uart.o
 .text.interrupts_enable
                0x0000000000025184       0xd4 Output/tag nrf52832_xxaa/Obj/nrf_drv_uart.o
 .text.uart_enable
                0x0000000000025258       0x3c Output/tag nrf52832_xxaa/Obj/nrf_drv_uart.o
 .text.nrf_drv_uart_init
                0x0000000000025294       0x90 Output/tag nrf52832_xxaa/Obj/nrf_drv_uart.o
                0x0000000000025294                nrf_drv_uart_init
 .text.tx_byte  0x0000000000025324       0x46 Output/tag nrf52832_xxaa/Obj/nrf_drv_uart.o
 *fill*         0x000000000002536a        0x2 
 .text.nrf_drv_uart_tx_for_uart
                0x000000000002536c       0xe4 Output/tag nrf52832_xxaa/Obj/nrf_drv_uart.o
 .text.nrf_drv_uart_tx_for_uarte
                0x0000000000025450       0xbc Output/tag nrf52832_xxaa/Obj/nrf_drv_uart.o
 .text.nrf_drv_uart_tx
                0x000000000002550c       0xa0 Output/tag nrf52832_xxaa/Obj/nrf_drv_uart.o
                0x000000000002550c                nrf_drv_uart_tx
 .text.nrf_drv_uart_tx_in_progress
                0x00000000000255ac       0x28 Output/tag nrf52832_xxaa/Obj/nrf_drv_uart.o
                0x00000000000255ac                nrf_drv_uart_tx_in_progress
 .text.rx_enable
                0x00000000000255d4       0x36 Output/tag nrf52832_xxaa/Obj/nrf_drv_uart.o
 .text.rx_byte  0x000000000002560a       0x54 Output/tag nrf52832_xxaa/Obj/nrf_drv_uart.o
 *fill*         0x000000000002565e        0x2 
 .text.nrf_drv_uart_rx_for_uart
                0x0000000000025660      0x158 Output/tag nrf52832_xxaa/Obj/nrf_drv_uart.o
 .text.nrf_drv_uart_rx_for_uarte
                0x00000000000257b8      0x130 Output/tag nrf52832_xxaa/Obj/nrf_drv_uart.o
 .text.nrf_drv_uart_rx
                0x00000000000258e8      0x158 Output/tag nrf52832_xxaa/Obj/nrf_drv_uart.o
                0x00000000000258e8                nrf_drv_uart_rx
 .text.nrf_drv_uart_rx_enable
                0x0000000000025a40       0x54 Output/tag nrf52832_xxaa/Obj/nrf_drv_uart.o
                0x0000000000025a40                nrf_drv_uart_rx_enable
 .text.rx_done_event
                0x0000000000025a94       0x36 Output/tag nrf52832_xxaa/Obj/nrf_drv_uart.o
 .text.tx_done_event
                0x0000000000025aca       0x3c Output/tag nrf52832_xxaa/Obj/nrf_drv_uart.o
 .text.uart_irq_handler
                0x0000000000025b06      0x1d4 Output/tag nrf52832_xxaa/Obj/nrf_drv_uart.o
 .text.uarte_irq_handler
                0x0000000000025cda      0x160 Output/tag nrf52832_xxaa/Obj/nrf_drv_uart.o
 *fill*         0x0000000000025e3a        0x2 
 .text.UARTE0_UART0_IRQHandler
                0x0000000000025e3c       0x28 Output/tag nrf52832_xxaa/Obj/nrf_drv_uart.o
                0x0000000000025e3c                UARTE0_UART0_IRQHandler
 .text.NVIC_DisableIRQ
                0x0000000000025e64       0x30 Output/tag nrf52832_xxaa/Obj/nrf_drv_clock.o
 .text.nrf_clock_int_enable
                0x0000000000025e94       0x14 Output/tag nrf52832_xxaa/Obj/nrf_drv_clock.o
 .text.nrf_clock_int_disable
                0x0000000000025ea8       0x14 Output/tag nrf52832_xxaa/Obj/nrf_drv_clock.o
 .text.nrf_clock_task_trigger
                0x0000000000025ebc       0x1a Output/tag nrf52832_xxaa/Obj/nrf_drv_clock.o
 .text.nrf_clock_event_clear
                0x0000000000025ed6       0x28 Output/tag nrf52832_xxaa/Obj/nrf_drv_clock.o
 .text.nrf_clock_event_check
                0x0000000000025efe       0x22 Output/tag nrf52832_xxaa/Obj/nrf_drv_clock.o
 .text.nrf_clock_lf_src_set
                0x0000000000025f20       0x1e Output/tag nrf52832_xxaa/Obj/nrf_drv_clock.o
 .text.nrf_clock_lf_is_running
                0x0000000000025f3e       0x1c Output/tag nrf52832_xxaa/Obj/nrf_drv_clock.o
 *fill*         0x0000000000025f5a        0x2 
 .text.nrf_drv_common_irq_enable_check
                0x0000000000025f5c       0x38 Output/tag nrf52832_xxaa/Obj/nrf_drv_clock.o
 .text.nrf_drv_common_power_clock_irq_init
                0x0000000000025f94       0x20 Output/tag nrf52832_xxaa/Obj/nrf_drv_clock.o
 .text.lfclk_start
                0x0000000000025fb4       0x1a Output/tag nrf52832_xxaa/Obj/nrf_drv_clock.o
 *fill*         0x0000000000025fce        0x2 
 .text.lfclk_stop
                0x0000000000025fd0       0x24 Output/tag nrf52832_xxaa/Obj/nrf_drv_clock.o
 .text.nrf_drv_clock_init
                0x0000000000025ff4       0x5c Output/tag nrf52832_xxaa/Obj/nrf_drv_clock.o
                0x0000000000025ff4                nrf_drv_clock_init
 .text.item_enqueue
                0x0000000000026050       0x38 Output/tag nrf52832_xxaa/Obj/nrf_drv_clock.o
 .text.item_dequeue
                0x0000000000026088       0x20 Output/tag nrf52832_xxaa/Obj/nrf_drv_clock.o
 .text.nrf_drv_clock_lfclk_request
                0x00000000000260a8       0x94 Output/tag nrf52832_xxaa/Obj/nrf_drv_clock.o
                0x00000000000260a8                nrf_drv_clock_lfclk_request
 .text.nrf_drv_clock_lfclk_release
                0x000000000002613c       0x40 Output/tag nrf52832_xxaa/Obj/nrf_drv_clock.o
                0x000000000002613c                nrf_drv_clock_lfclk_release
 .text.clock_clk_started_notify
                0x000000000002617c       0x4c Output/tag nrf52832_xxaa/Obj/nrf_drv_clock.o
 .text.POWER_CLOCK_IRQHandler
                0x00000000000261c8       0x5c Output/tag nrf52832_xxaa/Obj/nrf_drv_clock.o
                0x00000000000261c8                POWER_CLOCK_IRQHandler
 .text.soc_evt_handler
                0x0000000000026224       0x1c Output/tag nrf52832_xxaa/Obj/nrf_drv_clock.o
 .text.sd_state_evt_handler
                0x0000000000026240       0x80 Output/tag nrf52832_xxaa/Obj/nrf_drv_clock.o
 .text.nrf_twi_task_trigger
                0x00000000000262c0       0x1c Output/tag nrf52832_xxaa/Obj/nrf_drv_twi.o
 .text.nrf_twi_event_clear
                0x00000000000262dc       0x2a Output/tag nrf52832_xxaa/Obj/nrf_drv_twi.o
 .text.nrf_twi_event_check
                0x0000000000026306       0x24 Output/tag nrf52832_xxaa/Obj/nrf_drv_twi.o
 .text.nrf_twi_int_enable
                0x000000000002632a       0x14 Output/tag nrf52832_xxaa/Obj/nrf_drv_twi.o
 .text.nrf_twi_int_disable
                0x000000000002633e       0x14 Output/tag nrf52832_xxaa/Obj/nrf_drv_twi.o
 .text.nrf_twi_enable
                0x0000000000026352       0x12 Output/tag nrf52832_xxaa/Obj/nrf_drv_twi.o
 .text.nrf_twi_disable
                0x0000000000026364       0x12 Output/tag nrf52832_xxaa/Obj/nrf_drv_twi.o
 .text.nrf_twi_pins_set
                0x0000000000026376       0x1e Output/tag nrf52832_xxaa/Obj/nrf_drv_twi.o
 .text.nrf_twi_frequency_set
                0x0000000000026394       0x14 Output/tag nrf52832_xxaa/Obj/nrf_drv_twi.o
 .text.nrf_twi_errorsrc_get_and_clear
                0x00000000000263a8       0x1c Output/tag nrf52832_xxaa/Obj/nrf_drv_twi.o
 .text.nrf_twi_address_set
                0x00000000000263c4       0x1a Output/tag nrf52832_xxaa/Obj/nrf_drv_twi.o
 .text.nrf_twi_rxd_get
                0x00000000000263de       0x12 Output/tag nrf52832_xxaa/Obj/nrf_drv_twi.o
 .text.nrf_twi_txd_set
                0x00000000000263f0       0x1a Output/tag nrf52832_xxaa/Obj/nrf_drv_twi.o
 .text.nrf_twi_shorts_set
                0x000000000002640a       0x14 Output/tag nrf52832_xxaa/Obj/nrf_drv_twi.o
 .text.nrf_drv_get_IRQn
                0x000000000002641e       0x16 Output/tag nrf52832_xxaa/Obj/nrf_drv_twi.o
 .text.nrf_gpio_pin_port_decode
                0x0000000000026434        0xe Output/tag nrf52832_xxaa/Obj/nrf_drv_twi.o
 .text.nrf_gpio_pin_set
                0x0000000000026442       0x28 Output/tag nrf52832_xxaa/Obj/nrf_drv_twi.o
 .text.nrf_gpio_pin_clear
                0x000000000002646a       0x28 Output/tag nrf52832_xxaa/Obj/nrf_drv_twi.o
 .text.nrf_gpio_pin_read
                0x0000000000026492       0x2a Output/tag nrf52832_xxaa/Obj/nrf_drv_twi.o
 .text.nrf_gpio_port_in_read
                0x00000000000264bc       0x10 Output/tag nrf52832_xxaa/Obj/nrf_drv_twi.o
 .text.nrf_gpio_port_out_set
                0x00000000000264cc       0x14 Output/tag nrf52832_xxaa/Obj/nrf_drv_twi.o
 .text.nrf_gpio_port_out_clear
                0x00000000000264e0       0x14 Output/tag nrf52832_xxaa/Obj/nrf_drv_twi.o
 .text.nrf_delay_us
                0x00000000000264f4       0xa0 Output/tag nrf52832_xxaa/Obj/nrf_drv_twi.o
 .text.twi_process_error
                0x0000000000026594       0x40 Output/tag nrf52832_xxaa/Obj/nrf_drv_twi.o
 .text.twi_clear_bus
                0x00000000000265d4       0xde Output/tag nrf52832_xxaa/Obj/nrf_drv_twi.o
 *fill*         0x00000000000266b2        0x2 
 .text.nrf_drv_twi_init
                0x00000000000266b4       0xf4 Output/tag nrf52832_xxaa/Obj/nrf_drv_twi.o
                0x00000000000266b4                nrf_drv_twi_init
 .text.nrf_drv_twi_enable
                0x00000000000267a8       0x3c Output/tag nrf52832_xxaa/Obj/nrf_drv_twi.o
                0x00000000000267a8                nrf_drv_twi_enable
 .text.twi_send_byte
                0x00000000000267e4       0x64 Output/tag nrf52832_xxaa/Obj/nrf_drv_twi.o
 .text.twi_receive_byte
                0x0000000000026848       0x72 Output/tag nrf52832_xxaa/Obj/nrf_drv_twi.o
 .text.twi_transfer
                0x00000000000268ba      0x172 Output/tag nrf52832_xxaa/Obj/nrf_drv_twi.o
 .text.twi_tx_start_transfer
                0x0000000000026a2c      0x112 Output/tag nrf52832_xxaa/Obj/nrf_drv_twi.o
 .text.twi_rx_start_transfer
                0x0000000000026b3e      0x108 Output/tag nrf52832_xxaa/Obj/nrf_drv_twi.o
 .text.twi_xfer
                0x0000000000026c46      0x110 Output/tag nrf52832_xxaa/Obj/nrf_drv_twi.o
 *fill*         0x0000000000026d56        0x2 
 .text.nrf_drv_twi_xfer
                0x0000000000026d58       0x54 Output/tag nrf52832_xxaa/Obj/nrf_drv_twi.o
                0x0000000000026d58                nrf_drv_twi_xfer
 .text.nrf_drv_twi_tx
                0x0000000000026dac       0x56 Output/tag nrf52832_xxaa/Obj/nrf_drv_twi.o
                0x0000000000026dac                nrf_drv_twi_tx
 .text.nrf_drv_twi_rx
                0x0000000000026e02       0x50 Output/tag nrf52832_xxaa/Obj/nrf_drv_twi.o
                0x0000000000026e02                nrf_drv_twi_rx
 .text.irq_handler_twi
                0x0000000000026e52      0x13a Output/tag nrf52832_xxaa/Obj/nrf_drv_twi.o
 .text.SPIM0_SPIS0_TWIM0_TWIS0_SPI0_TWI0_IRQHandler
                0x0000000000026f8c       0x18 Output/tag nrf52832_xxaa/Obj/nrf_drv_twi.o
                0x0000000000026f8c                SPIM0_SPIS0_TWIM0_TWIS0_SPI0_TWI0_IRQHandler
 .text.app_error_handler_bare
                0x0000000000026fa4       0x2a Output/tag nrf52832_xxaa/Obj/app_error.o
                0x0000000000026fa4                app_error_handler_bare
 *fill*         0x0000000000026fce        0x2 
 .text.NVIC_SystemReset
                0x0000000000026fd0       0x24 Output/tag nrf52832_xxaa/Obj/app_error_weak.o
 .text.app_error_fault_handler
                0x0000000000026ff4       0x28 Output/tag nrf52832_xxaa/Obj/app_error_weak.o
                0x0000000000026ff4                app_error_fault_handler
 .text.__sd_nvic_irq_disable
                0x000000000002701c       0x16 Output/tag nrf52832_xxaa/Obj/app_util_platform.o
 .text.__sd_nvic_irq_enable
                0x0000000000027032        0x6 Output/tag nrf52832_xxaa/Obj/app_util_platform.o
 .text.sd_nvic_critical_region_enter
                0x0000000000027038       0x74 Output/tag nrf52832_xxaa/Obj/app_util_platform.o
 .text.sd_nvic_critical_region_exit
                0x00000000000270ac       0x54 Output/tag nrf52832_xxaa/Obj/app_util_platform.o
 .text.app_util_critical_region_enter
                0x0000000000027100       0x14 Output/tag nrf52832_xxaa/Obj/app_util_platform.o
                0x0000000000027100                app_util_critical_region_enter
 .text.app_util_critical_region_exit
                0x0000000000027114       0x1c Output/tag nrf52832_xxaa/Obj/app_util_platform.o
                0x0000000000027114                app_util_critical_region_exit
 .text.fifo_length
                0x0000000000027130       0x18 Output/tag nrf52832_xxaa/Obj/app_fifo.o
 .text.fifo_put
                0x0000000000027148       0x30 Output/tag nrf52832_xxaa/Obj/app_fifo.o
 .text.fifo_peek
                0x0000000000027178       0x2e Output/tag nrf52832_xxaa/Obj/app_fifo.o
 .text.fifo_get
                0x00000000000271a6       0x24 Output/tag nrf52832_xxaa/Obj/app_fifo.o
 .text.app_fifo_init
                0x00000000000271ca       0x58 Output/tag nrf52832_xxaa/Obj/app_fifo.o
                0x00000000000271ca                app_fifo_init
 .text.app_fifo_put
                0x0000000000027222       0x36 Output/tag nrf52832_xxaa/Obj/app_fifo.o
                0x0000000000027222                app_fifo_put
 .text.app_fifo_get
                0x0000000000027258       0x2a Output/tag nrf52832_xxaa/Obj/app_fifo.o
                0x0000000000027258                app_fifo_get
 .text.__putchar
                0x0000000000027282       0x1c Output/tag nrf52832_xxaa/Obj/retarget.o
                0x0000000000027282                __putchar
 .text.nrf_section_iter_init
                0x000000000002729e       0x30 Output/tag nrf52832_xxaa/Obj/nrf_section_iter.o
                0x000000000002729e                nrf_section_iter_init
 .text.nrf_section_iter_next
                0x00000000000272ce       0x3c Output/tag nrf52832_xxaa/Obj/nrf_section_iter.o
                0x00000000000272ce                nrf_section_iter_next
 .text.fifo_length
                0x000000000002730a       0x18 Output/tag nrf52832_xxaa/Obj/app_uart_fifo.o
 *fill*         0x0000000000027322        0x2 
 .text.uart_event_handler
                0x0000000000027324       0xf8 Output/tag nrf52832_xxaa/Obj/app_uart_fifo.o
 .text.app_uart_init
                0x000000000002741c      0x128 Output/tag nrf52832_xxaa/Obj/app_uart_fifo.o
                0x000000000002741c                app_uart_init
 .text.app_uart_put
                0x0000000000027544       0x60 Output/tag nrf52832_xxaa/Obj/app_uart_fifo.o
                0x0000000000027544                app_uart_put
 .text.is_word_aligned
                0x00000000000275a4       0x1a Output/tag nrf52832_xxaa/Obj/fds.o
 .text.nrf_atomic_u32_fetch_or
                0x00000000000275be       0x30 Output/tag nrf52832_xxaa/Obj/fds.o
 .text.nrf_atomic_u32_fetch_add
                0x00000000000275ee       0x30 Output/tag nrf52832_xxaa/Obj/fds.o
 .text.nrf_atomic_u32_add
                0x000000000002761e       0x30 Output/tag nrf52832_xxaa/Obj/fds.o
 .text.nrf_atomic_u32_sub
                0x000000000002764e       0x30 Output/tag nrf52832_xxaa/Obj/fds.o
 .text.nrf_atomic_flag_set_fetch
                0x000000000002767e       0x18 Output/tag nrf52832_xxaa/Obj/fds.o
 *fill*         0x0000000000027696        0x2 
 .text.event_send
                0x0000000000027698       0x3c Output/tag nrf52832_xxaa/Obj/fds.o
 .text.event_prepare
                0x00000000000276d4       0xdc Output/tag nrf52832_xxaa/Obj/fds.o
 .text.header_has_next
                0x00000000000277b0       0x2e Output/tag nrf52832_xxaa/Obj/fds.o
 .text.header_jump
                0x00000000000277de       0x16 Output/tag nrf52832_xxaa/Obj/fds.o
 .text.header_check
                0x00000000000277f4       0x3c Output/tag nrf52832_xxaa/Obj/fds.o
 .text.address_is_valid
                0x0000000000027830       0x48 Output/tag nrf52832_xxaa/Obj/fds.o
 .text.page_identify
                0x0000000000027878       0x48 Output/tag nrf52832_xxaa/Obj/fds.o
 .text.page_is_erased
                0x00000000000278c0       0x34 Output/tag nrf52832_xxaa/Obj/fds.o
 .text.page_has_space
                0x00000000000278f4       0x68 Output/tag nrf52832_xxaa/Obj/fds.o
 .text.page_from_record
                0x000000000002795c       0x78 Output/tag nrf52832_xxaa/Obj/fds.o
 .text.page_scan
                0x00000000000279d4       0xa4 Output/tag nrf52832_xxaa/Obj/fds.o
 .text.page_offsets_update
                0x0000000000027a78       0x38 Output/tag nrf52832_xxaa/Obj/fds.o
 .text.page_tag_write_swap
                0x0000000000027ab0       0x30 Output/tag nrf52832_xxaa/Obj/fds.o
 .text.page_tag_write_data
                0x0000000000027ae0       0x28 Output/tag nrf52832_xxaa/Obj/fds.o
 .text.write_space_reserve
                0x0000000000027b08       0xd0 Output/tag nrf52832_xxaa/Obj/fds.o
 .text.write_space_free
                0x0000000000027bd8       0x50 Output/tag nrf52832_xxaa/Obj/fds.o
 .text.record_id_new
                0x0000000000027c28       0x14 Output/tag nrf52832_xxaa/Obj/fds.o
 .text.record_find_next
                0x0000000000027c3c       0xa4 Output/tag nrf52832_xxaa/Obj/fds.o
 .text.record_find_by_desc
                0x0000000000027ce0       0xb4 Output/tag nrf52832_xxaa/Obj/fds.o
 .text.record_find
                0x0000000000027d94       0xdc Output/tag nrf52832_xxaa/Obj/fds.o
 .text.records_stat
                0x0000000000027e70       0xe0 Output/tag nrf52832_xxaa/Obj/fds.o
 .text.queue_buf_get
                0x0000000000027f50       0x2c Output/tag nrf52832_xxaa/Obj/fds.o
 .text.queue_buf_store
                0x0000000000027f7c       0x1c Output/tag nrf52832_xxaa/Obj/fds.o
 .text.queue_load
                0x0000000000027f98       0x20 Output/tag nrf52832_xxaa/Obj/fds.o
 .text.queue_free
                0x0000000000027fb8       0x1c Output/tag nrf52832_xxaa/Obj/fds.o
 .text.queue_has_next
                0x0000000000027fd4       0x20 Output/tag nrf52832_xxaa/Obj/fds.o
 .text.pages_init
                0x0000000000027ff4      0x23c Output/tag nrf52832_xxaa/Obj/fds.o
 .text.record_header_write_begin
                0x0000000000028230       0x3c Output/tag nrf52832_xxaa/Obj/fds.o
 .text.record_header_write_id
                0x000000000002826c       0x4c Output/tag nrf52832_xxaa/Obj/fds.o
 .text.record_header_write_finalize
                0x00000000000282b8       0x4c Output/tag nrf52832_xxaa/Obj/fds.o
 .text.record_header_flag_dirty
                0x0000000000028304       0x54 Output/tag nrf52832_xxaa/Obj/fds.o
 .text.record_find_and_delete
                0x0000000000028358       0x5e Output/tag nrf52832_xxaa/Obj/fds.o
 *fill*         0x00000000000283b6        0x2 
 .text.file_find_and_delete
                0x00000000000283b8       0x48 Output/tag nrf52832_xxaa/Obj/fds.o
 .text.record_write_data
                0x0000000000028400       0x48 Output/tag nrf52832_xxaa/Obj/fds.o
 .text.gc_init  0x0000000000028448       0x6c Output/tag nrf52832_xxaa/Obj/fds.o
 .text.gc_page_next
                0x00000000000284b4       0x90 Output/tag nrf52832_xxaa/Obj/fds.o
 .text.gc_swap_erase
                0x0000000000028544       0x30 Output/tag nrf52832_xxaa/Obj/fds.o
 .text.gc_page_erase
                0x0000000000028574       0x6c Output/tag nrf52832_xxaa/Obj/fds.o
 .text.gc_record_copy
                0x00000000000285e0       0x58 Output/tag nrf52832_xxaa/Obj/fds.o
 .text.gc_record_find_next
                0x0000000000028638       0x38 Output/tag nrf52832_xxaa/Obj/fds.o
 .text.gc_swap_promote
                0x0000000000028670       0x34 Output/tag nrf52832_xxaa/Obj/fds.o
 .text.gc_tag_new_swap
                0x00000000000286a4       0x1c Output/tag nrf52832_xxaa/Obj/fds.o
 .text.gc_next_page
                0x00000000000286c0       0x40 Output/tag nrf52832_xxaa/Obj/fds.o
 .text.gc_update_swap_offset
                0x0000000000028700       0x30 Output/tag nrf52832_xxaa/Obj/fds.o
 .text.gc_swap_pages
                0x0000000000028730       0x70 Output/tag nrf52832_xxaa/Obj/fds.o
 .text.gc_state_advance
                0x00000000000287a0       0x70 Output/tag nrf52832_xxaa/Obj/fds.o
 .text.init_execute
                0x0000000000028810      0x1b0 Output/tag nrf52832_xxaa/Obj/fds.o
 .text.write_execute
                0x00000000000289c0      0x114 Output/tag nrf52832_xxaa/Obj/fds.o
 .text.delete_execute
                0x0000000000028ad4       0x62 Output/tag nrf52832_xxaa/Obj/fds.o
 *fill*         0x0000000000028b36        0x2 
 .text.gc_execute
                0x0000000000028b38       0x94 Output/tag nrf52832_xxaa/Obj/fds.o
 .text.queue_process
                0x0000000000028bcc       0xf8 Output/tag nrf52832_xxaa/Obj/fds.o
 .text.queue_start
                0x0000000000028cc4       0x20 Output/tag nrf52832_xxaa/Obj/fds.o
 .text.fs_event_handler
                0x0000000000028ce4       0x18 Output/tag nrf52832_xxaa/Obj/fds.o
 .text.write_enqueue
                0x0000000000028cfc      0x168 Output/tag nrf52832_xxaa/Obj/fds.o
 .text.fds_register
                0x0000000000028e64       0x40 Output/tag nrf52832_xxaa/Obj/fds.o
                0x0000000000028e64                fds_register
 .text.flash_end_addr
                0x0000000000028ea4       0x34 Output/tag nrf52832_xxaa/Obj/fds.o
 .text.flash_bounds_set
                0x0000000000028ed8       0x2c Output/tag nrf52832_xxaa/Obj/fds.o
 .text.flash_subsystem_init
                0x0000000000028f04       0x20 Output/tag nrf52832_xxaa/Obj/fds.o
 .text.queue_init
                0x0000000000028f24       0x1c Output/tag nrf52832_xxaa/Obj/fds.o
 .text.fds_init
                0x0000000000028f40      0x11c Output/tag nrf52832_xxaa/Obj/fds.o
                0x0000000000028f40                fds_init
 .text.fds_record_open
                0x000000000002905c       0x78 Output/tag nrf52832_xxaa/Obj/fds.o
                0x000000000002905c                fds_record_open
 .text.fds_record_close
                0x00000000000290d4       0x90 Output/tag nrf52832_xxaa/Obj/fds.o
                0x00000000000290d4                fds_record_close
 .text.fds_record_write
                0x0000000000029164       0x1e Output/tag nrf52832_xxaa/Obj/fds.o
                0x0000000000029164                fds_record_write
 *fill*         0x0000000000029182        0x2 
 .text.fds_gc   0x0000000000029184       0x60 Output/tag nrf52832_xxaa/Obj/fds.o
                0x0000000000029184                fds_gc
 .text.fds_record_find
                0x00000000000291e4       0x2c Output/tag nrf52832_xxaa/Obj/fds.o
                0x00000000000291e4                fds_record_find
 .text.fds_stat
                0x0000000000029210      0x158 Output/tag nrf52832_xxaa/Obj/fds.o
                0x0000000000029210                fds_stat
 .text.nrf_fstorage_init
                0x0000000000029368       0x36 Output/tag nrf52832_xxaa/Obj/nrf_fstorage.o
                0x0000000000029368                nrf_fstorage_init
 .text.nrf_fstorage_write
                0x000000000002939e       0xa4 Output/tag nrf52832_xxaa/Obj/nrf_fstorage.o
                0x000000000002939e                nrf_fstorage_write
 .text.nrf_fstorage_erase
                0x0000000000029442       0x7a Output/tag nrf52832_xxaa/Obj/nrf_fstorage.o
                0x0000000000029442                nrf_fstorage_erase
 .text.addr_within_bounds
                0x00000000000294bc       0x34 Output/tag nrf52832_xxaa/Obj/nrf_fstorage.o
 .text.addr_is_aligned32
                0x00000000000294f0       0x1a Output/tag nrf52832_xxaa/Obj/nrf_fstorage.o
 .text.nrf_atfifo_wspace_req
                0x000000000002950a       0x54 Output/tag nrf52832_xxaa/Obj/nrf_atfifo.o
 .text.nrf_atfifo_wspace_close
                0x000000000002955e       0x20 Output/tag nrf52832_xxaa/Obj/nrf_atfifo.o
 .text.nrf_atfifo_rspace_req
                0x000000000002957e       0x56 Output/tag nrf52832_xxaa/Obj/nrf_atfifo.o
 .text.nrf_atfifo_rspace_close
                0x00000000000295d4       0x20 Output/tag nrf52832_xxaa/Obj/nrf_atfifo.o
 .text.nrf_atfifo_space_clear
                0x00000000000295f4       0x48 Output/tag nrf52832_xxaa/Obj/nrf_atfifo.o
 .text.nrf_atfifo_init
                0x000000000002963c       0x66 Output/tag nrf52832_xxaa/Obj/nrf_atfifo.o
                0x000000000002963c                nrf_atfifo_init
 .text.nrf_atfifo_clear
                0x00000000000296a2       0x28 Output/tag nrf52832_xxaa/Obj/nrf_atfifo.o
                0x00000000000296a2                nrf_atfifo_clear
 .text.nrf_atfifo_item_alloc
                0x00000000000296ca       0x2e Output/tag nrf52832_xxaa/Obj/nrf_atfifo.o
                0x00000000000296ca                nrf_atfifo_item_alloc
 .text.nrf_atfifo_item_put
                0x00000000000296f8       0x28 Output/tag nrf52832_xxaa/Obj/nrf_atfifo.o
                0x00000000000296f8                nrf_atfifo_item_put
 .text.nrf_atfifo_item_get
                0x0000000000029720       0x2e Output/tag nrf52832_xxaa/Obj/nrf_atfifo.o
                0x0000000000029720                nrf_atfifo_item_get
 .text.nrf_atfifo_item_free
                0x000000000002974e       0x28 Output/tag nrf52832_xxaa/Obj/nrf_atfifo.o
                0x000000000002974e                nrf_atfifo_item_free
 .text.sd_flash_write
                0x0000000000029776        0x8 Output/tag nrf52832_xxaa/Obj/nrf_fstorage_sd.o
 .text.sd_flash_page_erase
                0x000000000002977e        0x8 Output/tag nrf52832_xxaa/Obj/nrf_fstorage_sd.o
 .text.nrf_atomic_u32_fetch_store
                0x0000000000029786       0x2e Output/tag nrf52832_xxaa/Obj/nrf_fstorage_sd.o
 .text.nrf_atomic_u32_fetch_or
                0x00000000000297b4       0x30 Output/tag nrf52832_xxaa/Obj/nrf_fstorage_sd.o
 .text.nrf_atomic_flag_set_fetch
                0x00000000000297e4       0x18 Output/tag nrf52832_xxaa/Obj/nrf_fstorage_sd.o
 .text.event_send
                0x00000000000297fc       0x7e Output/tag nrf52832_xxaa/Obj/nrf_fstorage_sd.o
 .text.write_execute
                0x000000000002987a       0x5a Output/tag nrf52832_xxaa/Obj/nrf_fstorage_sd.o
 .text.erase_execute
                0x00000000000298d4       0x20 Output/tag nrf52832_xxaa/Obj/nrf_fstorage_sd.o
 .text.queue_free
                0x00000000000298f4       0x18 Output/tag nrf52832_xxaa/Obj/nrf_fstorage_sd.o
 .text.queue_load_next
                0x000000000002990c       0x30 Output/tag nrf52832_xxaa/Obj/nrf_fstorage_sd.o
 .text.queue_process
                0x000000000002993c       0xb4 Output/tag nrf52832_xxaa/Obj/nrf_fstorage_sd.o
 .text.queue_start
                0x00000000000299f0       0x38 Output/tag nrf52832_xxaa/Obj/nrf_fstorage_sd.o
 .text.on_operation_success
                0x0000000000029a28       0x78 Output/tag nrf52832_xxaa/Obj/nrf_fstorage_sd.o
 .text.on_operation_failure
                0x0000000000029aa0       0x2c Output/tag nrf52832_xxaa/Obj/nrf_fstorage_sd.o
 .text.init     0x0000000000029acc       0x4c Output/tag nrf52832_xxaa/Obj/nrf_fstorage_sd.o
 .text.uninit   0x0000000000029b18       0x2c Output/tag nrf52832_xxaa/Obj/nrf_fstorage_sd.o
 .text.write    0x0000000000029b44       0x70 Output/tag nrf52832_xxaa/Obj/nrf_fstorage_sd.o
 .text.read     0x0000000000029bb4       0x22 Output/tag nrf52832_xxaa/Obj/nrf_fstorage_sd.o
 *fill*         0x0000000000029bd6        0x2 
 .text.erase    0x0000000000029bd8       0x74 Output/tag nrf52832_xxaa/Obj/nrf_fstorage_sd.o
 .text.rmap     0x0000000000029c4c        0xe Output/tag nrf52832_xxaa/Obj/nrf_fstorage_sd.o
 .text.wmap     0x0000000000029c5a        0xe Output/tag nrf52832_xxaa/Obj/nrf_fstorage_sd.o
 .text.is_busy  0x0000000000029c68       0x1c Output/tag nrf52832_xxaa/Obj/nrf_fstorage_sd.o
 .text.nrf_fstorage_sys_evt_handler
                0x0000000000029c84       0xa4 Output/tag nrf52832_xxaa/Obj/nrf_fstorage_sd.o
                0x0000000000029c84                nrf_fstorage_sys_evt_handler
 .text.nrf_fstorage_sdh_req_handler
                0x0000000000029d28       0x28 Output/tag nrf52832_xxaa/Obj/nrf_fstorage_sd.o
                0x0000000000029d28                nrf_fstorage_sdh_req_handler
 .text.nrf_fstorage_sdh_state_handler
                0x0000000000029d50       0x44 Output/tag nrf52832_xxaa/Obj/nrf_fstorage_sd.o
                0x0000000000029d50                nrf_fstorage_sdh_state_handler
 .text.nrf_ble_gatt_on_ble_evt
                0x0000000000029d94       0x18 Output/tag nrf52832_xxaa/Obj/nrf_ble_gatt.o
                0x0000000000029d94                nrf_ble_gatt_on_ble_evt
 .text.ble_evt_handler
                0x0000000000029dac       0xb8 Output/tag nrf52832_xxaa/Obj/os_ble.o
 .text.NVIC_EnableIRQ
                0x0000000000029e64       0x2c Output/tag nrf52832_xxaa/Obj/nrf_sdh.o
 .text.NVIC_DisableIRQ
                0x0000000000029e90       0x30 Output/tag nrf52832_xxaa/Obj/nrf_sdh.o
 .text.NVIC_SetPriority
                0x0000000000029ec0       0x50 Output/tag nrf52832_xxaa/Obj/nrf_sdh.o
 .text.NVIC_GetPriority
                0x0000000000029f10       0x48 Output/tag nrf52832_xxaa/Obj/nrf_sdh.o
 .text.nrf_section_iter_get
                0x0000000000029f58        0xe Output/tag nrf52832_xxaa/Obj/nrf_sdh.o
 .text.sd_softdevice_enable
                0x0000000000029f66        0x8 Output/tag nrf52832_xxaa/Obj/nrf_sdh.o
 .text.sd_softdevice_disable
                0x0000000000029f6e        0x8 Output/tag nrf52832_xxaa/Obj/nrf_sdh.o
 *fill*         0x0000000000029f76        0x2 
 .text.__sd_nvic_app_accessible_irq
                0x0000000000029f78       0x58 Output/tag nrf52832_xxaa/Obj/nrf_sdh.o
 .text.__sd_nvic_is_app_accessible_priority
                0x0000000000029fd0       0x2c Output/tag nrf52832_xxaa/Obj/nrf_sdh.o
 .text.sd_nvic_EnableIRQ
                0x0000000000029ffc       0x8c Output/tag nrf52832_xxaa/Obj/nrf_sdh.o
 .text.sd_nvic_DisableIRQ
                0x000000000002a088       0x6c Output/tag nrf52832_xxaa/Obj/nrf_sdh.o
 .text.sd_nvic_SetPriority
                0x000000000002a0f4       0x4a Output/tag nrf52832_xxaa/Obj/nrf_sdh.o
 *fill*         0x000000000002a13e        0x2 
 .text.sdh_request_observer_notify
                0x000000000002a140       0x64 Output/tag nrf52832_xxaa/Obj/nrf_sdh.o
 .text.sdh_state_observer_notify
                0x000000000002a1a4       0x58 Output/tag nrf52832_xxaa/Obj/nrf_sdh.o
 .text.softdevices_evt_irq_enable
                0x000000000002a1fc       0x24 Output/tag nrf52832_xxaa/Obj/nrf_sdh.o
 .text.softdevice_evt_irq_disable
                0x000000000002a220       0x24 Output/tag nrf52832_xxaa/Obj/nrf_sdh.o
 .text.swi_interrupt_priority_workaround
                0x000000000002a244       0x40 Output/tag nrf52832_xxaa/Obj/nrf_sdh.o
 .text.nrf_sdh_enable_request
                0x000000000002a284       0x88 Output/tag nrf52832_xxaa/Obj/nrf_sdh.o
                0x000000000002a284                nrf_sdh_enable_request
 .text.nrf_sdh_disable_request
                0x000000000002a30c       0x6c Output/tag nrf52832_xxaa/Obj/nrf_sdh.o
                0x000000000002a30c                nrf_sdh_disable_request
 .text.nrf_sdh_request_continue
                0x000000000002a378       0x38 Output/tag nrf52832_xxaa/Obj/nrf_sdh.o
                0x000000000002a378                nrf_sdh_request_continue
 .text.nrf_sdh_is_enabled
                0x000000000002a3b0        0xc Output/tag nrf52832_xxaa/Obj/nrf_sdh.o
                0x000000000002a3b0                nrf_sdh_is_enabled
 .text.nrf_sdh_evts_poll
                0x000000000002a3bc       0x4c Output/tag nrf52832_xxaa/Obj/nrf_sdh.o
                0x000000000002a3bc                nrf_sdh_evts_poll
 .text.SWI2_EGU2_IRQHandler
                0x000000000002a408        0xa Output/tag nrf52832_xxaa/Obj/nrf_sdh.o
                0x000000000002a408                SWI2_EGU2_IRQHandler
 .text.sd_ble_evt_get
                0x000000000002a412        0x8 Output/tag nrf52832_xxaa/Obj/nrf_sdh_ble.o
 .text.nrf_section_iter_get
                0x000000000002a41a        0xe Output/tag nrf52832_xxaa/Obj/nrf_sdh_ble.o
 .text.nrf_sdh_ble_evts_poll
                0x000000000002a428       0x80 Output/tag nrf52832_xxaa/Obj/nrf_sdh_ble.o
 .text.nrf_section_iter_get
                0x000000000002a4a8        0xe Output/tag nrf52832_xxaa/Obj/nrf_sdh_soc.o
 .text.sd_evt_get
                0x000000000002a4b6        0x8 Output/tag nrf52832_xxaa/Obj/nrf_sdh_soc.o
 *fill*         0x000000000002a4be        0x2 
 .text.nrf_sdh_soc_evts_poll
                0x000000000002a4c0       0x70 Output/tag nrf52832_xxaa/Obj/nrf_sdh_soc.o
 .text.dwt_initialise
                0x000000000002a530      0x184 Output/tag nrf52832_xxaa/Obj/deca_device.o
                0x000000000002a530                dwt_initialise
 .text.dwt_readdevid
                0x000000000002a6b4       0x10 Output/tag nrf52832_xxaa/Obj/deca_device.o
                0x000000000002a6b4                dwt_readdevid
 .text.dwt_configure
                0x000000000002a6c4      0x304 Output/tag nrf52832_xxaa/Obj/deca_device.o
                0x000000000002a6c4                dwt_configure
 .text.dwt_setrxantennadelay
                0x000000000002a9c8       0x22 Output/tag nrf52832_xxaa/Obj/deca_device.o
                0x000000000002a9c8                dwt_setrxantennadelay
 .text.dwt_settxantennadelay
                0x000000000002a9ea       0x20 Output/tag nrf52832_xxaa/Obj/deca_device.o
                0x000000000002a9ea                dwt_settxantennadelay
 .text.dwt_readrxdata
                0x000000000002aa0a       0x2a Output/tag nrf52832_xxaa/Obj/deca_device.o
                0x000000000002aa0a                dwt_readrxdata
 .text.dwt_readrxtimestamp
                0x000000000002aa34       0x1a Output/tag nrf52832_xxaa/Obj/deca_device.o
                0x000000000002aa34                dwt_readrxtimestamp
 .text.dwt_writetodevice
                0x000000000002aa4e       0xbc Output/tag nrf52832_xxaa/Obj/deca_device.o
                0x000000000002aa4e                dwt_writetodevice
 .text.dwt_readfromdevice
                0x000000000002ab0a       0xb6 Output/tag nrf52832_xxaa/Obj/deca_device.o
                0x000000000002ab0a                dwt_readfromdevice
 .text.dwt_read32bitoffsetreg
                0x000000000002abc0       0x48 Output/tag nrf52832_xxaa/Obj/deca_device.o
                0x000000000002abc0                dwt_read32bitoffsetreg
 .text.dwt_read16bitoffsetreg
                0x000000000002ac08       0x40 Output/tag nrf52832_xxaa/Obj/deca_device.o
                0x000000000002ac08                dwt_read16bitoffsetreg
 .text.dwt_read8bitoffsetreg
                0x000000000002ac48       0x26 Output/tag nrf52832_xxaa/Obj/deca_device.o
                0x000000000002ac48                dwt_read8bitoffsetreg
 .text.dwt_write8bitoffsetreg
                0x000000000002ac6e       0x28 Output/tag nrf52832_xxaa/Obj/deca_device.o
                0x000000000002ac6e                dwt_write8bitoffsetreg
 .text.dwt_write16bitoffsetreg
                0x000000000002ac96       0x3e Output/tag nrf52832_xxaa/Obj/deca_device.o
                0x000000000002ac96                dwt_write16bitoffsetreg
 .text.dwt_write32bitoffsetreg
                0x000000000002acd4       0x48 Output/tag nrf52832_xxaa/Obj/deca_device.o
                0x000000000002acd4                dwt_write32bitoffsetreg
 .text._dwt_otpread
                0x000000000002ad1c       0x3c Output/tag nrf52832_xxaa/Obj/deca_device.o
                0x000000000002ad1c                _dwt_otpread
 .text._dwt_aonarrayupload
                0x000000000002ad58       0x1a Output/tag nrf52832_xxaa/Obj/deca_device.o
                0x000000000002ad58                _dwt_aonarrayupload
 .text._dwt_configlde
                0x000000000002ad72       0x3e Output/tag nrf52832_xxaa/Obj/deca_device.o
                0x000000000002ad72                _dwt_configlde
 .text._dwt_loaducodefromrom
                0x000000000002adb0       0x24 Output/tag nrf52832_xxaa/Obj/deca_device.o
                0x000000000002adb0                _dwt_loaducodefromrom
 .text._dwt_enableclocks
                0x000000000002add4      0x158 Output/tag nrf52832_xxaa/Obj/deca_device.o
                0x000000000002add4                _dwt_enableclocks
 .text._dwt_disablesequencing
                0x000000000002af2c       0x16 Output/tag nrf52832_xxaa/Obj/deca_device.o
                0x000000000002af2c                _dwt_disablesequencing
 *fill*         0x000000000002af42        0x2 
 .text.dwt_forcetrxoff
                0x000000000002af44       0x60 Output/tag nrf52832_xxaa/Obj/deca_device.o
                0x000000000002af44                dwt_forcetrxoff
 .text.dwt_syncrxbufptrs
                0x000000000002afa4       0x38 Output/tag nrf52832_xxaa/Obj/deca_device.o
                0x000000000002afa4                dwt_syncrxbufptrs
 .text.dwt_rxenable
                0x000000000002afdc       0x8e Output/tag nrf52832_xxaa/Obj/deca_device.o
                0x000000000002afdc                dwt_rxenable
 *fill*         0x000000000002b06a        0x2 
 .text.dwt_setrxtimeout
                0x000000000002b06c       0x90 Output/tag nrf52832_xxaa/Obj/deca_device.o
                0x000000000002b06c                dwt_setrxtimeout
 .text.dwt_rxreset
                0x000000000002b0fc       0x1a Output/tag nrf52832_xxaa/Obj/deca_device.o
                0x000000000002b0fc                dwt_rxreset
 *fill*         0x000000000002b116        0x2 
 .text.dwt_softreset
                0x000000000002b118       0x48 Output/tag nrf52832_xxaa/Obj/deca_device.o
                0x000000000002b118                dwt_softreset
 .text.dwt_setxtaltrim
                0x000000000002b160       0x34 Output/tag nrf52832_xxaa/Obj/deca_device.o
                0x000000000002b160                dwt_setxtaltrim
 .text.nrf_gpio_pin_port_decode
                0x000000000002b194        0xe Output/tag nrf52832_xxaa/Obj/port_platform.o
 .text.nrf_gpio_cfg
                0x000000000002b1a2       0x62 Output/tag nrf52832_xxaa/Obj/port_platform.o
 .text.nrf_gpio_cfg_output
                0x000000000002b204       0x22 Output/tag nrf52832_xxaa/Obj/port_platform.o
 .text.nrf_gpio_cfg_input
                0x000000000002b226       0x2c Output/tag nrf52832_xxaa/Obj/port_platform.o
 .text.nrf_gpio_pin_clear
                0x000000000002b252       0x28 Output/tag nrf52832_xxaa/Obj/port_platform.o
 .text.nrf_gpio_port_out_clear
                0x000000000002b27a       0x14 Output/tag nrf52832_xxaa/Obj/port_platform.o
 *fill*         0x000000000002b28e        0x2 
 .text.nrf_delay_us
                0x000000000002b290       0xa0 Output/tag nrf52832_xxaa/Obj/port_platform.o
 .text.nrf_delay_ms
                0x000000000002b330       0x1e Output/tag nrf52832_xxaa/Obj/port_platform.o
 *fill*         0x000000000002b34e        0x2 
 .text.spi_event_handler
                0x000000000002b350       0x18 Output/tag nrf52832_xxaa/Obj/port_platform.o
                0x000000000002b350                spi_event_handler
 .text.readfromspi
                0x000000000002b368      0x138 Output/tag nrf52832_xxaa/Obj/port_platform.o
                0x000000000002b368                readfromspi
 .text.writetospi
                0x000000000002b4a0      0x124 Output/tag nrf52832_xxaa/Obj/port_platform.o
                0x000000000002b4a0                writetospi
 .text.reset_DW1000
                0x000000000002b5c4       0x26 Output/tag nrf52832_xxaa/Obj/port_platform.o
                0x000000000002b5c4                reset_DW1000
 *fill*         0x000000000002b5ea        0x2 
 .text.port_set_dw1000_slowrate
                0x000000000002b5ec       0x48 Output/tag nrf52832_xxaa/Obj/port_platform.o
                0x000000000002b5ec                port_set_dw1000_slowrate
 .text.port_set_dw1000_fastrate
                0x000000000002b634       0x4c Output/tag nrf52832_xxaa/Obj/port_platform.o
                0x000000000002b634                port_set_dw1000_fastrate
 .text.deca_sleep
                0x000000000002b680       0x14 Output/tag nrf52832_xxaa/Obj/port_platform.o
                0x000000000002b680                deca_sleep
 .text.decamutexon
                0x000000000002b694        0x6 Output/tag nrf52832_xxaa/Obj/port_platform.o
                0x000000000002b694                decamutexon
 .text.decamutexoff
                0x000000000002b69a        0xa Output/tag nrf52832_xxaa/Obj/port_platform.o
                0x000000000002b69a                decamutexoff
 .text.vListInitialise
                0x000000000002b6a4       0x36 Output/tag nrf52832_xxaa/Obj/list.o
                0x000000000002b6a4                vListInitialise
 .text.vListInitialiseItem
                0x000000000002b6da       0x10 Output/tag nrf52832_xxaa/Obj/list.o
                0x000000000002b6da                vListInitialiseItem
 .text.vListInsertEnd
                0x000000000002b6ea       0x3e Output/tag nrf52832_xxaa/Obj/list.o
                0x000000000002b6ea                vListInsertEnd
 .text.vListInsert
                0x000000000002b728       0x68 Output/tag nrf52832_xxaa/Obj/list.o
                0x000000000002b728                vListInsert
 .text.uxListRemove
                0x000000000002b790       0x4a Output/tag nrf52832_xxaa/Obj/list.o
                0x000000000002b790                uxListRemove
 .text.ulPortRaiseBASEPRI
                0x000000000002b7da       0x1e Output/tag nrf52832_xxaa/Obj/queue.o
 .text.xQueueGenericReset
                0x000000000002b7f8       0xb4 Output/tag nrf52832_xxaa/Obj/queue.o
                0x000000000002b7f8                xQueueGenericReset
 .text.xQueueGenericCreate
                0x000000000002b8ac       0x7a Output/tag nrf52832_xxaa/Obj/queue.o
                0x000000000002b8ac                xQueueGenericCreate
 *fill*         0x000000000002b926        0x2 
 .text.xQueueGenericSend
                0x000000000002b928      0x148 Output/tag nrf52832_xxaa/Obj/queue.o
                0x000000000002b928                xQueueGenericSend
 .text.xQueueGenericSendFromISR
                0x000000000002ba70       0x8a Output/tag nrf52832_xxaa/Obj/queue.o
                0x000000000002ba70                xQueueGenericSendFromISR
 *fill*         0x000000000002bafa        0x2 
 .text.xQueueGenericReceive
                0x000000000002bafc      0x194 Output/tag nrf52832_xxaa/Obj/queue.o
                0x000000000002bafc                xQueueGenericReceive
 .text.prvCopyDataToQueue
                0x000000000002bc90       0xd4 Output/tag nrf52832_xxaa/Obj/queue.o
 .text.prvCopyDataFromQueue
                0x000000000002bd64       0x4a Output/tag nrf52832_xxaa/Obj/queue.o
 .text.prvUnlockQueue
                0x000000000002bdae       0x96 Output/tag nrf52832_xxaa/Obj/queue.o
 .text.prvIsQueueEmpty
                0x000000000002be44       0x2a Output/tag nrf52832_xxaa/Obj/queue.o
 .text.prvIsQueueFull
                0x000000000002be6e       0x2e Output/tag nrf52832_xxaa/Obj/queue.o
 .text.vQueueAddToRegistry
                0x000000000002be9c       0x48 Output/tag nrf52832_xxaa/Obj/queue.o
                0x000000000002be9c                vQueueAddToRegistry
 .text.vQueueWaitForMessageRestricted
                0x000000000002bee4       0x56 Output/tag nrf52832_xxaa/Obj/queue.o
                0x000000000002bee4                vQueueWaitForMessageRestricted
 *fill*         0x000000000002bf3a        0x2 
 .text.xTaskGenericCreate
                0x000000000002bf3c      0x150 Output/tag nrf52832_xxaa/Obj/tasks.o
                0x000000000002bf3c                xTaskGenericCreate
 .text.vTaskStartScheduler
                0x000000000002c08c       0x6c Output/tag nrf52832_xxaa/Obj/tasks.o
                0x000000000002c08c                vTaskStartScheduler
 .text.vTaskSuspendAll
                0x000000000002c0f8       0x14 Output/tag nrf52832_xxaa/Obj/tasks.o
                0x000000000002c0f8                vTaskSuspendAll
 .text.xTaskResumeAll
                0x000000000002c10c      0x10c Output/tag nrf52832_xxaa/Obj/tasks.o
                0x000000000002c10c                xTaskResumeAll
 .text.xTaskGetTickCount
                0x000000000002c218       0x14 Output/tag nrf52832_xxaa/Obj/tasks.o
                0x000000000002c218                xTaskGetTickCount
 .text.xTaskIncrementTick
                0x000000000002c22c      0x13c Output/tag nrf52832_xxaa/Obj/tasks.o
                0x000000000002c22c                xTaskIncrementTick
 .text.vTaskSwitchContext
                0x000000000002c368       0x90 Output/tag nrf52832_xxaa/Obj/tasks.o
                0x000000000002c368                vTaskSwitchContext
 .text.vTaskPlaceOnEventList
                0x000000000002c3f8       0x60 Output/tag nrf52832_xxaa/Obj/tasks.o
                0x000000000002c3f8                vTaskPlaceOnEventList
 .text.vTaskPlaceOnEventListRestricted
                0x000000000002c458       0x44 Output/tag nrf52832_xxaa/Obj/tasks.o
                0x000000000002c458                vTaskPlaceOnEventListRestricted
 .text.xTaskRemoveFromEventList
                0x000000000002c49c       0xa8 Output/tag nrf52832_xxaa/Obj/tasks.o
                0x000000000002c49c                xTaskRemoveFromEventList
 .text.vTaskSetTimeOutState
                0x000000000002c544       0x24 Output/tag nrf52832_xxaa/Obj/tasks.o
                0x000000000002c544                vTaskSetTimeOutState
 .text.xTaskCheckForTimeOut
                0x000000000002c568       0x88 Output/tag nrf52832_xxaa/Obj/tasks.o
                0x000000000002c568                xTaskCheckForTimeOut
 .text.vTaskMissedYield
                0x000000000002c5f0       0x10 Output/tag nrf52832_xxaa/Obj/tasks.o
                0x000000000002c5f0                vTaskMissedYield
 .text.prvIdleTask
                0x000000000002c600       0x30 Output/tag nrf52832_xxaa/Obj/tasks.o
 .text.prvInitialiseTCBVariables
                0x000000000002c630       0xa6 Output/tag nrf52832_xxaa/Obj/tasks.o
 *fill*         0x000000000002c6d6        0x2 
 .text.prvInitialiseTaskLists
                0x000000000002c6d8       0x7c Output/tag nrf52832_xxaa/Obj/tasks.o
 .text.prvCheckTasksWaitingTermination
                0x000000000002c754       0x74 Output/tag nrf52832_xxaa/Obj/tasks.o
 .text.prvAddCurrentTaskToDelayedList
                0x000000000002c7c8       0x6c Output/tag nrf52832_xxaa/Obj/tasks.o
 .text.prvAllocateTCBAndStack
                0x000000000002c834       0x70 Output/tag nrf52832_xxaa/Obj/tasks.o
 .text.prvDeleteTCB
                0x000000000002c8a4       0x1e Output/tag nrf52832_xxaa/Obj/tasks.o
 *fill*         0x000000000002c8c2        0x2 
 .text.prvResetNextTaskUnblockTime
                0x000000000002c8c4       0x40 Output/tag nrf52832_xxaa/Obj/tasks.o
 .text.xTaskGetSchedulerState
                0x000000000002c904       0x34 Output/tag nrf52832_xxaa/Obj/tasks.o
                0x000000000002c904                xTaskGetSchedulerState
 .text.vTaskPriorityInherit
                0x000000000002c938       0xbc Output/tag nrf52832_xxaa/Obj/tasks.o
                0x000000000002c938                vTaskPriorityInherit
 .text.xTaskPriorityDisinherit
                0x000000000002c9f4       0x98 Output/tag nrf52832_xxaa/Obj/tasks.o
                0x000000000002c9f4                xTaskPriorityDisinherit
 .text.pvTaskIncrementMutexHeldCount
                0x000000000002ca8c       0x20 Output/tag nrf52832_xxaa/Obj/tasks.o
                0x000000000002ca8c                pvTaskIncrementMutexHeldCount
 .text.xTimerCreateTimerTask
                0x000000000002caac       0x4c Output/tag nrf52832_xxaa/Obj/timers.o
                0x000000000002caac                xTimerCreateTimerTask
 .text.xTimerGenericCommand
                0x000000000002caf8       0x78 Output/tag nrf52832_xxaa/Obj/timers.o
                0x000000000002caf8                xTimerGenericCommand
 .text.prvProcessExpiredTimer
                0x000000000002cb70       0x64 Output/tag nrf52832_xxaa/Obj/timers.o
 .text.prvTimerTask
                0x000000000002cbd4       0x20 Output/tag nrf52832_xxaa/Obj/timers.o
 .text.prvProcessTimerOrBlockTask
                0x000000000002cbf4       0x7c Output/tag nrf52832_xxaa/Obj/timers.o
 .text.prvGetNextExpireTime
                0x000000000002cc70       0x40 Output/tag nrf52832_xxaa/Obj/timers.o
 .text.prvSampleTimeNow
                0x000000000002ccb0       0x3c Output/tag nrf52832_xxaa/Obj/timers.o
 .text.prvInsertTimerInActiveList
                0x000000000002ccec       0x84 Output/tag nrf52832_xxaa/Obj/timers.o
 .text.prvProcessReceivedCommands
                0x000000000002cd70      0x104 Output/tag nrf52832_xxaa/Obj/timers.o
 .text.prvSwitchTimerLists
                0x000000000002ce74       0xa4 Output/tag nrf52832_xxaa/Obj/timers.o
 .text.prvCheckForValidListAndQueue
                0x000000000002cf18       0x6c Output/tag nrf52832_xxaa/Obj/timers.o
 .text.pvPortMalloc
                0x000000000002cf84       0x88 Output/tag nrf52832_xxaa/Obj/heap_1.o
                0x000000000002cf84                pvPortMalloc
 .text.vPortFree
                0x000000000002d00c        0xa Output/tag nrf52832_xxaa/Obj/heap_1.o
                0x000000000002d00c                vPortFree
 *fill*         0x000000000002d016        0x2 
 .text.NVIC_SetPriority
                0x000000000002d018       0x50 Output/tag nrf52832_xxaa/Obj/port_cmsis.o
 .text.pxPortInitialiseStack
                0x000000000002d068       0x60 Output/tag nrf52832_xxaa/Obj/port_cmsis.o
                0x000000000002d068                pxPortInitialiseStack
 .text.prvTaskExitError
                0x000000000002d0c8        0xe Output/tag nrf52832_xxaa/Obj/port_cmsis.o
 *fill*         0x000000000002d0d6        0x2 
 .text.xPortStartScheduler
                0x000000000002d0d8       0x4c Output/tag nrf52832_xxaa/Obj/port_cmsis.o
                0x000000000002d0d8                xPortStartScheduler
 .text.vPortEnterCritical
                0x000000000002d124       0x20 Output/tag nrf52832_xxaa/Obj/port_cmsis.o
                0x000000000002d124                vPortEnterCritical
 .text.vPortExitCritical
                0x000000000002d144       0x28 Output/tag nrf52832_xxaa/Obj/port_cmsis.o
                0x000000000002d144                vPortExitCritical
 .text.vPortEnableVFP
                0x000000000002d16c       0x18 Output/tag nrf52832_xxaa/Obj/port_cmsis.o
 .text.NVIC_EnableIRQ
                0x000000000002d184       0x2c Output/tag nrf52832_xxaa/Obj/port_cmsis_systick.o
 .text.NVIC_SetPriority
                0x000000000002d1b0       0x50 Output/tag nrf52832_xxaa/Obj/port_cmsis_systick.o
 .text.ulPortRaiseBASEPRI
                0x000000000002d200       0x1e Output/tag nrf52832_xxaa/Obj/port_cmsis_systick.o
 .text.nrf_rtc_int_enable
                0x000000000002d21e       0x14 Output/tag nrf52832_xxaa/Obj/port_cmsis_systick.o
 .text.nrf_rtc_event_clear
                0x000000000002d232       0x2a Output/tag nrf52832_xxaa/Obj/port_cmsis_systick.o
 .text.nrf_rtc_counter_get
                0x000000000002d25c       0x10 Output/tag nrf52832_xxaa/Obj/port_cmsis_systick.o
 .text.nrf_rtc_prescaler_set
                0x000000000002d26c       0x14 Output/tag nrf52832_xxaa/Obj/port_cmsis_systick.o
 .text.nrf_rtc_task_trigger
                0x000000000002d280       0x1e Output/tag nrf52832_xxaa/Obj/port_cmsis_systick.o
 .text.nrf_rtc_event_enable
                0x000000000002d29e       0x14 Output/tag nrf52832_xxaa/Obj/port_cmsis_systick.o
 *fill*         0x000000000002d2b2        0x2 
 .text.RTC1_IRQHandler
                0x000000000002d2b4       0x84 Output/tag nrf52832_xxaa/Obj/port_cmsis_systick.o
                0x000000000002d2b4                RTC1_IRQHandler
 .text.vPortSetupTimerInterrupt
                0x000000000002d338       0x48 Output/tag nrf52832_xxaa/Obj/port_cmsis_systick.o
                0x000000000002d338                vPortSetupTimerInterrupt
 .text.vPortStartFirstTask
                0x000000000002d380       0x28 Output/tag nrf52832_xxaa/Obj/port.o
                0x000000000002d380                vPortStartFirstTask
 .text.SVC_Handler
                0x000000000002d3a8       0x24 Output/tag nrf52832_xxaa/Obj/port.o
                0x000000000002d3a8                SVC_Handler
 .text.PendSV_Handler
                0x000000000002d3cc       0x64 Output/tag nrf52832_xxaa/Obj/port.o
                0x000000000002d3cc                PendSV_Handler
 .text.boUART_Init
                0x000000000002d430       0x4c Output/tag nrf52832_xxaa/Obj/UART.o
                0x000000000002d430                boUART_Init
 .text.vUartErrorHandle
                0x000000000002d47c       0x34 Output/tag nrf52832_xxaa/Obj/UART.o
 .text.vHandleUartInternalErrors
                0x000000000002d4b0        0xa Output/tag nrf52832_xxaa/Obj/UART.o
 .text.nrf_gpio_pin_port_decode
                0x000000000002d4ba        0xe Output/tag nrf52832_xxaa/Obj/TDOA.o
 .text.nrf_gpio_pin_set
                0x000000000002d4c8       0x28 Output/tag nrf52832_xxaa/Obj/TDOA.o
 .text.nrf_gpio_pin_clear
                0x000000000002d4f0       0x28 Output/tag nrf52832_xxaa/Obj/TDOA.o
 .text.nrf_gpio_port_out_set
                0x000000000002d518       0x14 Output/tag nrf52832_xxaa/Obj/TDOA.o
 .text.nrf_gpio_port_out_clear
                0x000000000002d52c       0x14 Output/tag nrf52832_xxaa/Obj/TDOA.o
 .text.tag_tdoa_run
                0x000000000002d540      0x40c Output/tag nrf52832_xxaa/Obj/TDOA.o
                0x000000000002d540                tag_tdoa_run
 .text.get_rx_timestamp_u64
                0x000000000002d94c       0xae Output/tag nrf52832_xxaa/Obj/TDOA.o
 *fill*         0x000000000002d9fa        0x6 
 .text.rTDoA    0x000000000002da00      0x85c Output/tag nrf52832_xxaa/Obj/rTDoA_est.o
                0x000000000002da00                rTDoA
 .text.transpose
                0x000000000002e25c       0x6a Output/tag nrf52832_xxaa/Obj/linear_algebra.o
                0x000000000002e25c                transpose
 .text.matrix_mult
                0x000000000002e2c6       0xe0 Output/tag nrf52832_xxaa/Obj/linear_algebra.o
                0x000000000002e2c6                matrix_mult
 .text.get_cofactor
                0x000000000002e3a6       0x9e Output/tag nrf52832_xxaa/Obj/linear_algebra.o
                0x000000000002e3a6                get_cofactor
 .text.determinant
                0x000000000002e444      0x34e Output/tag nrf52832_xxaa/Obj/linear_algebra.o
                0x000000000002e444                determinant
 *fill*         0x000000000002e792        0x2 
 .text.adjoint  0x000000000002e794      0x14c Output/tag nrf52832_xxaa/Obj/linear_algebra.o
                0x000000000002e794                adjoint
 .text.inverse  0x000000000002e8e0      0x120 Output/tag nrf52832_xxaa/Obj/linear_algebra.o
                0x000000000002e8e0                inverse
 .text.pseudoinverse
                0x000000000002ea00      0x1aa Output/tag nrf52832_xxaa/Obj/linear_algebra.o
                0x000000000002ea00                pseudoinverse
 *fill*         0x000000000002ebaa        0x2 
 .text.vTWI_Init
                0x000000000002ebac       0x64 Output/tag nrf52832_xxaa/Obj/twi.o
                0x000000000002ebac                vTWI_Init
 .text.vTWI_Read
                0x000000000002ec10       0x84 Output/tag nrf52832_xxaa/Obj/twi.o
                0x000000000002ec10                vTWI_Read
 .text.vSetSubAdd
                0x000000000002ec94       0x6c Output/tag nrf52832_xxaa/Obj/twi.o
 .text.vEventHandler
                0x000000000002ed00       0x54 Output/tag nrf52832_xxaa/Obj/twi.o
 .text.vTWI_Write_my
                0x000000000002ed54       0xbc Output/tag nrf52832_xxaa/Obj/twi.o
                0x000000000002ed54                vTWI_Write_my
 .text.lis2dh12_read_reg
                0x000000000002ee10       0x34 Output/tag nrf52832_xxaa/Obj/lis2dh12_reg.o
                0x000000000002ee10                lis2dh12_read_reg
 .text.lis2dh12_write_reg
                0x000000000002ee44       0x34 Output/tag nrf52832_xxaa/Obj/lis2dh12_reg.o
                0x000000000002ee44                lis2dh12_write_reg
 .text.lis2dh12_temperature_meas_set
                0x000000000002ee78       0x5a Output/tag nrf52832_xxaa/Obj/lis2dh12_reg.o
                0x000000000002ee78                lis2dh12_temperature_meas_set
 .text.lis2dh12_operating_mode_set
                0x000000000002eed2       0xc0 Output/tag nrf52832_xxaa/Obj/lis2dh12_reg.o
                0x000000000002eed2                lis2dh12_operating_mode_set
 .text.lis2dh12_data_rate_set
                0x000000000002ef92       0x4e Output/tag nrf52832_xxaa/Obj/lis2dh12_reg.o
                0x000000000002ef92                lis2dh12_data_rate_set
 .text.lis2dh12_full_scale_set
                0x000000000002efe0       0x4e Output/tag nrf52832_xxaa/Obj/lis2dh12_reg.o
                0x000000000002efe0                lis2dh12_full_scale_set
 .text.lis2dh12_block_data_update_set
                0x000000000002f02e       0x4e Output/tag nrf52832_xxaa/Obj/lis2dh12_reg.o
                0x000000000002f02e                lis2dh12_block_data_update_set
 .text.lis2dh12_device_id_get
                0x000000000002f07c       0x20 Output/tag nrf52832_xxaa/Obj/lis2dh12_reg.o
                0x000000000002f07c                lis2dh12_device_id_get
 .text.lis2dh12_self_test_set
                0x000000000002f09c       0x4e Output/tag nrf52832_xxaa/Obj/lis2dh12_reg.o
                0x000000000002f09c                lis2dh12_self_test_set
 .text.lis2dh12_fifo_mode_set
                0x000000000002f0ea       0x4e Output/tag nrf52832_xxaa/Obj/lis2dh12_reg.o
                0x000000000002f0ea                lis2dh12_fifo_mode_set
 .text.platform_write
                0x000000000002f138       0x36 Output/tag nrf52832_xxaa/Obj/lis2dh12_reg.o
 .text.platform_read
                0x000000000002f16e       0x36 Output/tag nrf52832_xxaa/Obj/lis2dh12_reg.o
 .text.lis2dh12_enable_all_acc_axis
                0x000000000002f1a4       0x56 Output/tag nrf52832_xxaa/Obj/lis2dh12_reg.o
                0x000000000002f1a4                lis2dh12_enable_all_acc_axis
 *fill*         0x000000000002f1fa        0x2 
 .text.lis2dh_init_bypass
                0x000000000002f1fc      0x170 Output/tag nrf52832_xxaa/Obj/lis2dh12_reg.o
                0x000000000002f1fc                lis2dh_init_bypass
 .text.sd_app_evt_wait
                0x000000000002f36c        0x8 Output/tag nrf52832_xxaa/Obj/fds_manager.o
 .text.man_fds_power_manage
                0x000000000002f374        0xa Output/tag nrf52832_xxaa/Obj/fds_manager.o
 *fill*         0x000000000002f37e        0x2 
 .text.man_fds_evt_handler
                0x000000000002f380       0xd4 Output/tag nrf52832_xxaa/Obj/fds_manager.o
 .text.man_fds_load_config
                0x000000000002f454       0xfc Output/tag nrf52832_xxaa/Obj/fds_manager.o
                0x000000000002f454                man_fds_load_config
 .text.man_fds_init
                0x000000000002f550       0x74 Output/tag nrf52832_xxaa/Obj/fds_manager.o
                0x000000000002f550                man_fds_init
 .text.man_fds_load_config_all
                0x000000000002f5c4       0x50 Output/tag nrf52832_xxaa/Obj/fds_manager.o
                0x000000000002f5c4                man_fds_load_config_all
 .text.man_fds_gc
                0x000000000002f614       0x30 Output/tag nrf52832_xxaa/Obj/fds_manager.o
                0x000000000002f614                man_fds_gc
 .text.man_fds_get_acc_config
                0x000000000002f644        0xc Output/tag nrf52832_xxaa/Obj/fds_manager.o
                0x000000000002f644                man_fds_get_acc_config
 .text.libc.__int32_to_float64
                0x000000000002f650       0x2e C:/Program Files/SEGGER/SEGGER Embedded Studio for ARM 4.12/lib/libm_v7em_fpv4_sp_d16_hard_t_le_eabi.a(libm_asm.o)
                0x000000000002f650                __aeabi_i2d
                0x000000000002f650                __int32_to_float64
                0x000000000002f650                __floatsidf
 .text.libc.__int64_to_float64
                0x000000000002f67e       0xa0 C:/Program Files/SEGGER/SEGGER Embedded Studio for ARM 4.12/lib/libm_v7em_fpv4_sp_d16_hard_t_le_eabi.a(libm_asm.o)
                0x000000000002f67e                __int64_to_float64
                0x000000000002f67e                __aeabi_l2d
                0x000000000002f67e                __floatdidf
                0x000000000002f6a2                __RAL_aeabi_l2d_common
 .text.libc.__uint64_to_float64
                0x000000000002f71e       0x14 C:/Program Files/SEGGER/SEGGER Embedded Studio for ARM 4.12/lib/libm_v7em_fpv4_sp_d16_hard_t_le_eabi.a(libm_asm.o)
                0x000000000002f71e                __aeabi_ul2d
                0x000000000002f71e                __floatundidf
                0x000000000002f71e                __uint64_to_float64
 .text.libc.__float64_to_int32
                0x000000000002f732       0x4e C:/Program Files/SEGGER/SEGGER Embedded Studio for ARM 4.12/lib/libm_v7em_fpv4_sp_d16_hard_t_le_eabi.a(libm_asm.o)
                0x000000000002f732                __aeabi_d2iz
                0x000000000002f732                __float64_to_int32
                0x000000000002f732                __fixdfsi
 .text.libc.__float32_to_float64
                0x000000000002f780       0x38 C:/Program Files/SEGGER/SEGGER Embedded Studio for ARM 4.12/lib/libm_v7em_fpv4_sp_d16_hard_t_le_eabi.a(libm_asm.o)
                0x000000000002f780                __float32_to_float64
                0x000000000002f780                __aeabi_f2d
                0x000000000002f780                __extendsfdf2
 .text.libc.__float64_to_float32
                0x000000000002f7b8       0x6e C:/Program Files/SEGGER/SEGGER Embedded Studio for ARM 4.12/lib/libm_v7em_fpv4_sp_d16_hard_t_le_eabi.a(libm_asm.o)
                0x000000000002f7b8                __truncdfsf2
                0x000000000002f7b8                __float64_to_float32
                0x000000000002f7b8                __aeabi_d2f
 .text.libc.__float64_add
                0x000000000002f826      0x294 C:/Program Files/SEGGER/SEGGER Embedded Studio for ARM 4.12/lib/libm_v7em_fpv4_sp_d16_hard_t_le_eabi.a(libm_asm.o)
                0x000000000002f826                __aeabi_drsub
                0x000000000002f82e                __aeabi_dsub
                0x000000000002f82e                __float64_sub
                0x000000000002f82e                __subdf3
                0x000000000002f832                __aeabi_dadd
                0x000000000002f832                __float64_add
                0x000000000002f832                __adddf3
 *fill*         0x000000000002faba        0x2 
 .text.libc.__float64_mul
                0x000000000002fabc      0x16c C:/Program Files/SEGGER/SEGGER Embedded Studio for ARM 4.12/lib/libm_v7em_fpv4_sp_d16_hard_t_le_eabi.a(libm_asm.o)
                0x000000000002fabc                __float64_mul
                0x000000000002fabc                __muldf3
                0x000000000002fabc                __aeabi_dmul
 .text.libc.__float64_div
                0x000000000002fc28      0x214 C:/Program Files/SEGGER/SEGGER Embedded Studio for ARM 4.12/lib/libm_v7em_fpv4_sp_d16_hard_t_le_eabi.a(libm_asm.o)
                0x000000000002fc28                __divdf3
                0x000000000002fc28                __float64_div
                0x000000000002fc28                __aeabi_ddiv
 .text.libc.__float64_cmpeq
                0x000000000002fe3c       0x32 C:/Program Files/SEGGER/SEGGER Embedded Studio for ARM 4.12/lib/libm_v7em_fpv4_sp_d16_hard_t_le_eabi.a(libm_asm.o)
                0x000000000002fe3c                __aeabi_dcmpeq
 .text.libc.__float64_cmple
                0x000000000002fe6e       0x3c C:/Program Files/SEGGER/SEGGER Embedded Studio for ARM 4.12/lib/libm_v7em_fpv4_sp_d16_hard_t_le_eabi.a(libm_asm.o)
                0x000000000002fe6e                __aeabi_dcmple
 .text.libc.__float64_cmpge
                0x000000000002feaa       0x3c C:/Program Files/SEGGER/SEGGER Embedded Studio for ARM 4.12/lib/libm_v7em_fpv4_sp_d16_hard_t_le_eabi.a(libm_asm.o)
                0x000000000002feaa                __aeabi_dcmpge
 .text.libc.__float64_cmplt
                0x000000000002fee6       0x38 C:/Program Files/SEGGER/SEGGER Embedded Studio for ARM 4.12/lib/libm_v7em_fpv4_sp_d16_hard_t_le_eabi.a(libm_asm.o)
                0x000000000002fee6                __aeabi_dcmplt
 .text.libc.__float64_cmpgt
                0x000000000002ff1e       0x38 C:/Program Files/SEGGER/SEGGER Embedded Studio for ARM 4.12/lib/libm_v7em_fpv4_sp_d16_hard_t_le_eabi.a(libm_asm.o)
                0x000000000002ff1e                __aeabi_dcmpgt
 .text.libc.__float32_signbit
                0x000000000002ff56        0xa C:/Program Files/SEGGER/SEGGER Embedded Studio for ARM 4.12/lib/libm_v7em_fpv4_sp_d16_hard_t_le_eabi.a(libm_asm.o)
                0x000000000002ff56                __float32_signbit
 .text.libc.__float32_isinf
                0x000000000002ff60       0x14 C:/Program Files/SEGGER/SEGGER Embedded Studio for ARM 4.12/lib/libm_v7em_fpv4_sp_d16_hard_t_le_eabi.a(libm_asm.o)
                0x000000000002ff60                __float32_isinf
 .text.libc.__float32_isnan
                0x000000000002ff74       0x14 C:/Program Files/SEGGER/SEGGER Embedded Studio for ARM 4.12/lib/libm_v7em_fpv4_sp_d16_hard_t_le_eabi.a(libm_asm.o)
                0x000000000002ff74                __float32_isnan
 .text.libc.__float64_isnan
                0x000000000002ff88       0x14 C:/Program Files/SEGGER/SEGGER Embedded Studio for ARM 4.12/lib/libm_v7em_fpv4_sp_d16_hard_t_le_eabi.a(libm_asm.o)
                0x000000000002ff88                __float64_isnan
 .text.libc.frexp
                0x000000000002ff9c       0x50 C:/Program Files/SEGGER/SEGGER Embedded Studio for ARM 4.12/lib/libm_v7em_fpv4_sp_d16_hard_t_le_eabi.a(libm2.o)
                0x000000000002ff9c                frexp
                0x000000000002ff9c                frexp(double, int*)
 *fill*         0x000000000002ffec        0x4 
 .text.libc.ldexp
                0x000000000002fff0       0x7c C:/Program Files/SEGGER/SEGGER Embedded Studio for ARM 4.12/lib/libm_v7em_fpv4_sp_d16_hard_t_le_eabi.a(libm2.o)
                0x000000000002fff0                ldexp
                0x000000000002fff0                ldexp(double, int)
 *fill*         0x000000000003006c        0x4 
 .text.libc.exp
                0x0000000000030070      0x1f0 C:/Program Files/SEGGER/SEGGER Embedded Studio for ARM 4.12/lib/libm_v7em_fpv4_sp_d16_hard_t_le_eabi.a(libm2.o)
                0x0000000000030070                exp
                0x0000000000030070                exp(double)
 .text.libc.log
                0x0000000000030260      0x268 C:/Program Files/SEGGER/SEGGER Embedded Studio for ARM 4.12/lib/libm_v7em_fpv4_sp_d16_hard_t_le_eabi.a(libm2.o)
                0x0000000000030260                log(double)
                0x0000000000030260                log
 .text.libc.modff
                0x00000000000304c8       0x58 C:/Program Files/SEGGER/SEGGER Embedded Studio for ARM 4.12/lib/libm_v7em_fpv4_sp_d16_hard_t_le_eabi.a(libm2.o)
                0x00000000000304c8                modf(float, float*)
                0x00000000000304c8                modff
 .text.libc.pow
                0x0000000000030520      0x148 C:/Program Files/SEGGER/SEGGER Embedded Studio for ARM 4.12/lib/libm_v7em_fpv4_sp_d16_hard_t_le_eabi.a(libm2.o)
                0x0000000000030520                pow