Archive member included to satisfy reference by file (symbol)

E:/Program Files/SEGGER/SEGGER Embedded Studio for ARM 5.70a/lib/libm_v7em_fpv4_sp_d16_hard_t_le_eabi.a(libm_asm.o)
                              Output/nrf52832_xxaa/Obj/tag/rTDoA_est.o (__aeabi_dadd)
E:/Program Files/SEGGER/SEGGER Embedded Studio for ARM 5.70a/lib/libm_v7em_fpv4_sp_d16_hard_t_le_eabi.a(libm2.o)
                              Output/nrf52832_xxaa/Obj/tag/ekf.o (asinf)
E:/Program Files/SEGGER/SEGGER Embedded Studio for ARM 5.70a/lib/libm_v7em_fpv4_sp_d16_hard_t_le_eabi.a(libm2_asm.o)
                              Output/nrf52832_xxaa/Obj/tag/linear_algebra.o (sqrtf)
E:/Program Files/SEGGER/SEGGER Embedded Studio for ARM 5.70a/lib/libc_v7em_fpv4_sp_d16_hard_t_le_eabi.a(libc_asm.o)
                              Output/nrf52832_xxaa/Obj/tag/bsp.o (__aeabi_uldivmod)
E:/Program Files/SEGGER/SEGGER Embedded Studio for ARM 5.70a/lib/libc_v7em_fpv4_sp_d16_hard_t_le_eabi.a(libc2.o)
                              E:/Program Files/SEGGER/SEGGER Embedded Studio for ARM 5.70a/lib/libm_v7em_fpv4_sp_d16_hard_t_le_eabi.a(libm2.o) (__aeabi_errno_addr)
E:/Program Files/SEGGER/SEGGER Embedded Studio for ARM 5.70a/lib/libc_v7em_fpv4_sp_d16_hard_t_le_eabi.a(libc2_asm.o)
                              Output/nrf52832_xxaa/Obj/tag/nrf_memobj.o (memcpy)
E:/Program Files/SEGGER/SEGGER Embedded Studio for ARM 5.70a/lib/libc_v7em_fpv4_sp_d16_hard_t_le_eabi.a(libvfprintf.o)
                              (__vfprintf_short_float_long)
E:/Program Files/SEGGER/SEGGER Embedded Studio for ARM 5.70a/lib/libc_v7em_fpv4_sp_d16_hard_t_le_eabi.a(libvfscanf.o)
                              (__vfscanf_int)
E:/Program Files/SEGGER/SEGGER Embedded Studio for ARM 5.70a/lib/libdebugio_v7em_fpv4_sp_d16_hard_t_le_eabi.a(libdebugio.o)
                              Output/nrf52832_xxaa/Obj/tag/thumb_crt0.o (debug_fopen)
E:/Program Files/SEGGER/SEGGER Embedded Studio for ARM 5.70a/lib/libdebugio_v7em_fpv4_sp_d16_hard_t_le_eabi.a(do_nv_debug_operation.o)
                              E:/Program Files/SEGGER/SEGGER Embedded Studio for ARM 5.70a/lib/libdebugio_v7em_fpv4_sp_d16_hard_t_le_eabi.a(libdebugio.o) (__do_nvdebug_operation)
E:/Program Files/SEGGER/SEGGER Embedded Studio for ARM 5.70a/lib/libdebugio_v7em_fpv4_sp_d16_hard_t_le_eabi.a(mempoll_debug_operations.o)
                              (__do_debug_operation_mempoll)

Discarded input sections

 .text          0x0000000000000000        0x0 Output/nrf52832_xxaa/Obj/tag/thumb_crt0.o
 .data          0x0000000000000000        0x0 Output/nrf52832_xxaa/Obj/tag/thumb_crt0.o
 .bss           0x0000000000000000        0x0 Output/nrf52832_xxaa/Obj/tag/thumb_crt0.o
 .text.__scanf_lock
                0x0000000000000000        0x2 Output/nrf52832_xxaa/Obj/tag/thumb_crt0.o
 .text.__scanf_unlock
                0x0000000000000000        0x2 Output/nrf52832_xxaa/Obj/tag/thumb_crt0.o
 .text.__debug_io_lock
                0x0000000000000000        0x2 Output/nrf52832_xxaa/Obj/tag/thumb_crt0.o
 .text.__debug_io_unlock
                0x0000000000000000        0x2 Output/nrf52832_xxaa/Obj/tag/thumb_crt0.o
 .text.abort    0x0000000000000000        0x2 Output/nrf52832_xxaa/Obj/tag/thumb_crt0.o
 .text.__assert
                0x0000000000000000        0x2 Output/nrf52832_xxaa/Obj/tag/thumb_crt0.o
 .text.__aeabi_assert
                0x0000000000000000        0x2 Output/nrf52832_xxaa/Obj/tag/thumb_crt0.o
 .text.__cxa_pure_virtual
                0x0000000000000000        0x2 Output/nrf52832_xxaa/Obj/tag/thumb_crt0.o
 .text.__cxa_guard_acquire
                0x0000000000000000       0x10 Output/nrf52832_xxaa/Obj/tag/thumb_crt0.o
 .text.__cxa_guard_release
                0x0000000000000000        0x6 Output/nrf52832_xxaa/Obj/tag/thumb_crt0.o
 .text.__cxa_guard_abort
                0x0000000000000000        0x2 Output/nrf52832_xxaa/Obj/tag/thumb_crt0.o
 .text.__sync_synchronize
                0x0000000000000000        0x2 Output/nrf52832_xxaa/Obj/tag/thumb_crt0.o
 .text.__open   0x0000000000000000        0x4 Output/nrf52832_xxaa/Obj/tag/thumb_crt0.o
 .text.__close  0x0000000000000000        0x4 Output/nrf52832_xxaa/Obj/tag/thumb_crt0.o
 .text.__write  0x0000000000000000        0xa Output/nrf52832_xxaa/Obj/tag/thumb_crt0.o
 .text.__read   0x0000000000000000        0xa Output/nrf52832_xxaa/Obj/tag/thumb_crt0.o
 .text.__seek   0x0000000000000000       0x1a Output/nrf52832_xxaa/Obj/tag/thumb_crt0.o
 .bss.__user_locale_name_buffer
                0x0000000000000000        0x4 Output/nrf52832_xxaa/Obj/tag/thumb_crt0.o
 .stack         0x0000000000000000        0x0 Output/nrf52832_xxaa/Obj/tag/thumb_crt0.o
 .stack_process
                0x0000000000000000        0x0 Output/nrf52832_xxaa/Obj/tag/thumb_crt0.o
 .heap          0x0000000000000000        0x0 Output/nrf52832_xxaa/Obj/tag/thumb_crt0.o
 .text          0x0000000000000000        0x0 Output/nrf52832_xxaa/Obj/tag/ses_nrf52_startup.o
[...]
Memory Configuration

Name             Origin             Length             Attributes
UNPLACED_SECTIONS 0x0000000100000000 0x0000000000000000 xw
RAM              0x0000000020000000 0x0000000000010000 xw
FLASH            0x0000000000000000 0x0000000000080000 xw
*default*        0x0000000000000000 0xffffffffffffffff

Linker script and memory map

                0x0000000000000000                __do_debug_operation = __do_debug_operation_mempoll
                0x0000000000030b3c                __vfprintf = __vfprintf_short_float_long
                0x0000000000000000                __vfscanf = __vfscanf_int
                0x0000000020000000                __RAM_segment_start__ = 0x20000000
                0x0000000020010000                __RAM_segment_end__ = 0x20010000
                0x0000000000010000                __RAM_segment_size__ = 0x10000
                0x0000000000000000                __FLASH_segment_start__ = 0x0
                0x0000000000080000                __FLASH_segment_end__ = 0x80000
                0x0000000000080000                __FLASH_segment_size__ = 0x80000
                0x0000000000000400                __HEAPSIZE__ = 0x400
                0x0000000000000000                __STACKSIZE_PROCESS__ = 0x0
                0x0000000000000800                __STACKSIZE__ = 0x800
                0x0000000020000000                __reserved_ram_load_start__ = 0x20000000

.reserved_ram   0x0000000020000000     0x2000
                0x0000000020000000                __reserved_ram_start__ = .
 *(.reserved_ram .reserved_ram.*)
                0x0000000020002000                . = MAX (((__reserved_ram_start__ + 0x20002000) - 0x20000000), .)
 *fill*         0x0000000020000000     0x2000 
                0x0000000020002000                __reserved_ram_end__ = (__reserved_ram_start__ + SIZEOF (.reserved_ram))
                0x0000000000002000                __reserved_ram_size__ = SIZEOF (.reserved_ram)
                0x0000000020002000                __reserved_ram_load_end__ = __reserved_ram_end__
                0x0000000000000001                . = ASSERT (((__reserved_ram_start__ == __reserved_ram_end__) || ((__reserved_ram_end__ - __RAM_segment_start__) <= __RAM_segment_size__)), error: .reserved_ram is too large to fit in RAM memory segment)
                0x0000000020002000                __vectors_ram_load_start__ = 0x20002000

.vectors_ram    0x0000000020002000        0x0
                0x0000000020002000                __vectors_ram_start__ = .
                0x0000000020002000                __app_ram_start__ = __vectors_ram_start__
 *(.vectors_ram .vectors_ram.*)
                0x0000000020002000                __vectors_ram_end__ = (__vectors_ram_start__ + SIZEOF (.vectors_ram))
                0x0000000000000000                __vectors_ram_size__ = SIZEOF (.vectors_ram)
                0x0000000020002000                __vectors_ram_load_end__ = __vectors_ram_end__
                0x0000000000000001                . = ASSERT (((__vectors_ram_start__ == __vectors_ram_end__) || ((__vectors_ram_end__ - __RAM_segment_start__) <= __RAM_segment_size__)), error: .vectors_ram is too large to fit in RAM memory segment)
                0x0000000000000001                . = ASSERT ((__reserved_ram_end__ <= __vectors_ram_start__), error: section .reserved_ram overlaps absolute placed section .vectors_ram)
                0x0000000020002000                __nrf_sections_run_load_start__ = ALIGN (__vectors_ram_end__, 0x4)

.nrf_sections_run
                0x0000000020002000        0x0
                0x0000000020002000                __nrf_sections_run_start__ = .
                0x0000000020002000                __start_nrf_sections_run = __nrf_sections_run_start__
 *(.nrf_sections_run .nrf_sections_run.*)
                0x0000000020002000                __nrf_sections_run_end__ = (__nrf_sections_run_start__ + SIZEOF (.nrf_sections_run))
                0x0000000000000000                __nrf_sections_run_size__ = SIZEOF (.nrf_sections_run)
                0x0000000020002000                __nrf_sections_run_load_end__ = __nrf_sections_run_end__
                0x0000000000000001                . = ASSERT (((__nrf_sections_run_start__ == __nrf_sections_run_end__) || ((__nrf_sections_run_end__ - __RAM_segment_start__) <= __RAM_segment_size__)), error: .nrf_sections_run is too large to fit in RAM memory segment)
                0x0000000000000000                __reserved_flash_load_start__ = 0x0

.reserved_flash
                0x0000000000000000    0x23000
                0x0000000000000000                __reserved_flash_start__ = .
 *(.reserved_flash .reserved_flash.*)
                0x0000000000023000                . = MAX (((__reserved_flash_start__ + 0x23000) - 0x0), .)
 *fill*         0x0000000000000000    0x23000 
                0x0000000000023000                __reserved_flash_end__ = (__reserved_flash_start__ + SIZEOF (.reserved_flash))
                0x0000000000023000                __reserved_flash_size__ = SIZEOF (.reserved_flash)
                0x0000000000023000                __reserved_flash_load_end__ = __reserved_flash_end__
                0x0000000000000001                . = ASSERT (((__reserved_flash_start__ == __reserved_flash_end__) || ((__reserved_flash_end__ - __FLASH_segment_start__) <= __FLASH_segment_size__)), error: .reserved_flash is too large to fit in FLASH memory segment)
                0x0000000000023000                __vectors_load_start__ = 0x23000

.vectors        0x0000000000023000       0xd8
                0x0000000000023000                __vectors_start__ = .
 *(.vectors .vectors.*)
 .vectors       0x0000000000023000       0xd8 Output/nrf52832_xxaa/Obj/tag/ses_nrf52_startup.o
                0x0000000000023000                _vectors
                0x00000000000230d8                __vectors_end__ = (__vectors_start__ + SIZEOF (.vectors))
                0x00000000000000d8                __vectors_size__ = SIZEOF (.vectors)
                0x00000000000230d8                __vectors_load_end__ = __vectors_end__
                0x0000000000000001                . = ASSERT (((__vectors_start__ == __vectors_end__) || ((__vectors_end__ - __FLASH_segment_start__) <= __FLASH_segment_size__)), error: .vectors is too large to fit in FLASH memory segment)
                0x0000000000000001                . = ASSERT ((__reserved_flash_end__ <= __vectors_start__), error: section .reserved_flash overlaps absolute placed section .vectors)
                0x00000000000230d8                __init_load_start__ = ALIGN (__vectors_end__, 0x4)

.init           0x00000000000230d8      0x1d8
                0x00000000000230d8                __init_start__ = .
 *(.init .init.*)
 .init          0x00000000000230d8      0x16c Output/nrf52832_xxaa/Obj/tag/thumb_crt0.o
                0x00000000000230d8                _start
                0x0000000000023194                exit
 .init          0x0000000000023244       0x6c Output/nrf52832_xxaa/Obj/tag/ses_nrf52_startup.o
                0x0000000000023244                NMI_Handler
                0x0000000000023248                MemoryManagement_Handler
                0x000000000002324a                BusFault_Handler
                0x000000000002324c                UsageFault_Handler
                0x0000000000023250                DebugMon_Handler
                0x0000000000023254                SysTick_Handler
                0x0000000000023258                RADIO_IRQHandler
                0x0000000000023260                NFCT_IRQHandler
                0x0000000000023264                SAADC_IRQHandler
                0x0000000000023266                TIMER0_IRQHandler
                0x0000000000023268                TIMER1_IRQHandler
                0x000000000002326a                TIMER2_IRQHandler
                0x000000000002326c                RTC0_IRQHandler
                0x000000000002326e                TEMP_IRQHandler
                0x0000000000023270                RNG_IRQHandler
                0x0000000000023272                ECB_IRQHandler
                0x0000000000023274                CCM_AAR_IRQHandler
                0x0000000000023276                WDT_IRQHandler
                0x000000000002327a                QDEC_IRQHandler
                0x000000000002327c                COMP_LPCOMP_IRQHandler
                0x000000000002327e                SWI0_EGU0_IRQHandler
                0x0000000000023280                SWI1_EGU1_IRQHandler
                0x0000000000023284                SWI3_EGU3_IRQHandler
                0x0000000000023286                SWI4_EGU4_IRQHandler
                0x0000000000023288                SWI5_EGU5_IRQHandler
                0x000000000002328a                TIMER3_IRQHandler
                0x000000000002328c                TIMER4_IRQHandler
                0x000000000002328e                PWM0_IRQHandler
                0x0000000000023290                PDM_IRQHandler
                0x0000000000023292                MWU_IRQHandler
                0x0000000000023294                PWM1_IRQHandler
                0x0000000000023296                PWM2_IRQHandler
                0x0000000000023298                SPIM2_SPIS2_SPI2_IRQHandler
                0x000000000002329a                RTC2_IRQHandler
                0x000000000002329c                I2S_IRQHandler
                0x000000000002329e                reset_handler
                0x00000000000232b0                __init_end__ = (__init_start__ + SIZEOF (.init))
                0x00000000000001d8                __init_size__ = SIZEOF (.init)
                0x00000000000232b0                __init_load_end__ = __init_end__
                0x0000000000000001                . = ASSERT (((__init_start__ == __init_end__) || ((__init_end__ - __FLASH_segment_start__) <= __FLASH_segment_size__)), error: .init is too large to fit in FLASH memory segment)
                0x00000000000232b0                __init_rodata_load_start__ = ALIGN (__init_end__, 0x4)

.init_rodata    0x00000000000232b0        0x0
                0x00000000000232b0                __init_rodata_start__ = .
 *(.init_rodata .init_rodata.*)
                0x00000000000232b0                __init_rodata_end__ = (__init_rodata_start__ + SIZEOF (.init_rodata))
                0x0000000000000000                __init_rodata_size__ = SIZEOF (.init_rodata)
                0x00000000000232b0                __init_rodata_load_end__ = __init_rodata_end__
                0x0000000000000001                . = ASSERT (((__init_rodata_start__ == __init_rodata_end__) || ((__init_rodata_end__ - __FLASH_segment_start__) <= __FLASH_segment_size__)), error: .init_rodata is too large to fit in FLASH memory segment)
                0x00000000000232b0                __text_load_start__ = ALIGN (__init_rodata_end__, 0x4)

.text           0x00000000000232b0     0xe6f4
                0x00000000000232b0                __text_start__ = .
 *(.text .text.* .glue_7t .glue_7 .gnu.linkonce.t.* .gcc_except_table .ARM.extab* .gnu.linkonce.armextab.*)
 .glue_7        0x00000000000232b0        0x0 linker stubs
 .glue_7t       0x00000000000232b0        0x0 linker stubs
 .text.__aeabi_read_tp
                0x00000000000232b0        0x8 Output/nrf52832_xxaa/Obj/tag/thumb_crt0.o
                0x00000000000232b0                __aeabi_read_tp
 .text.__heap_lock
                0x00000000000232b8        0x2 Output/nrf52832_xxaa/Obj/tag/thumb_crt0.o
                0x00000000000232b8                __heap_lock
 .text.__heap_unlock
                0x00000000000232ba        0x2 Output/nrf52832_xxaa/Obj/tag/thumb_crt0.o
                0x00000000000232ba                __heap_unlock
 .text.__printf_lock
                0x00000000000232bc        0x2 Output/nrf52832_xxaa/Obj/tag/thumb_crt0.o
                0x00000000000232bc                __printf_lock
 .text.__printf_unlock
                0x00000000000232be        0x2 Output/nrf52832_xxaa/Obj/tag/thumb_crt0.o
                0x00000000000232be                __printf_unlock
 .text.NVIC_SystemReset
                0x00000000000232c0       0x2c Output/nrf52832_xxaa/Obj/tag/system_nrf52.o
 .text.SystemCoreClockUpdate
                0x00000000000232ec       0x14 Output/nrf52832_xxaa/Obj/tag/system_nrf52.o
                0x00000000000232ec                SystemCoreClockUpdate
 .text.SystemInit
                0x0000000000023300      0x2c0 Output/nrf52832_xxaa/Obj/tag/system_nrf52.o
                0x0000000000023300                SystemInit
 .text.errata_12
                0x00000000000235c0       0x58 Output/nrf52832_xxaa/Obj/tag/system_nrf52.o
 .text.errata_16
                0x0000000000023618       0x38 Output/nrf52832_xxaa/Obj/tag/system_nrf52.o
 .text.errata_31
                0x0000000000023650       0x58 Output/nrf52832_xxaa/Obj/tag/system_nrf52.o
 .text.errata_32
                0x00000000000236a8       0x38 Output/nrf52832_xxaa/Obj/tag/system_nrf52.o
 .text.errata_36
                0x00000000000236e0       0x58 Output/nrf52832_xxaa/Obj/tag/system_nrf52.o
 .text.errata_37
                0x0000000000023738       0x38 Output/nrf52832_xxaa/Obj/tag/system_nrf52.o
 .text.errata_57
                0x0000000000023770       0x38 Output/nrf52832_xxaa/Obj/tag/system_nrf52.o
 .text.errata_66
                0x00000000000237a8       0x38 Output/nrf52832_xxaa/Obj/tag/system_nrf52.o
 .text.errata_108
                0x00000000000237e0       0x58 Output/nrf52832_xxaa/Obj/tag/system_nrf52.o
 .text.errata_136
                0x0000000000023838       0x58 Output/nrf52832_xxaa/Obj/tag/system_nrf52.o
 .text.nrf_gpio_pin_port_decode
                0x0000000000023890        0xe Output/nrf52832_xxaa/Obj/tag/main.o
 .text.nrf_gpio_cfg
                0x000000000002389e       0x62 Output/nrf52832_xxaa/Obj/tag/main.o
 .text.nrf_gpio_cfg_input
                0x0000000000023900       0x2a Output/nrf52832_xxaa/Obj/tag/main.o
 *fill*         0x000000000002392a        0x2 
 .text.nrf_delay_us
                0x000000000002392c       0xa0 Output/nrf52832_xxaa/Obj/tag/main.o
 .text.nrf_delay_ms
                0x00000000000239cc       0x1e Output/nrf52832_xxaa/Obj/tag/main.o
 .text.mainTask
                0x00000000000239ea        0xc Output/nrf52832_xxaa/Obj/tag/main.o
                0x00000000000239ea                mainTask
 *fill*         0x00000000000239f6        0x2 
 .text.uwb_recv_setup
                0x00000000000239f8       0x44 Output/nrf52832_xxaa/Obj/tag/main.o
                0x00000000000239f8                uwb_recv_setup
 .text.main     0x0000000000023a3c       0x84 Output/nrf52832_xxaa/Obj/tag/main.o
                0x0000000000023a3c                main
 .text.HardFault_Handler
                0x0000000000023ac0       0x30 Output/nrf52832_xxaa/Obj/tag/main.o
                0x0000000000023ac0                HardFault_Handler
 .text.nrf_gpio_pin_port_decode
                0x0000000000023af0        0xe Output/nrf52832_xxaa/Obj/tag/boards.o
 .text.nrf_gpio_cfg
                0x0000000000023afe       0x62 Output/nrf52832_xxaa/Obj/tag/boards.o
 .text.nrf_gpio_cfg_output
                0x0000000000023b60       0x22 Output/nrf52832_xxaa/Obj/tag/boards.o
 .text.nrf_gpio_pin_set
                0x0000000000023b82       0x28 Output/nrf52832_xxaa/Obj/tag/boards.o
 .text.nrf_gpio_pin_clear
                0x0000000000023baa       0x28 Output/nrf52832_xxaa/Obj/tag/boards.o
 .text.nrf_gpio_pin_write
                0x0000000000023bd2       0x24 Output/nrf52832_xxaa/Obj/tag/boards.o
 .text.nrf_gpio_port_out_set
                0x0000000000023bf6       0x14 Output/nrf52832_xxaa/Obj/tag/boards.o
 .text.nrf_gpio_port_out_clear
                0x0000000000023c0a       0x14 Output/nrf52832_xxaa/Obj/tag/boards.o
 *fill*         0x0000000000023c1e        0x2 
 .text.bsp_board_led_on
                0x0000000000023c20       0x24 Output/nrf52832_xxaa/Obj/tag/boards.o
                0x0000000000023c20                bsp_board_led_on
 .text.bsp_board_led_off
                0x0000000000023c44       0x24 Output/nrf52832_xxaa/Obj/tag/boards.o
                0x0000000000023c44                bsp_board_led_off
 .text.bsp_board_leds_off
                0x0000000000023c68       0x26 Output/nrf52832_xxaa/Obj/tag/boards.o
                0x0000000000023c68                bsp_board_leds_off
 *fill*         0x0000000000023c8e        0x2 
 .text.bsp_board_leds_init
                0x0000000000023c90       0x34 Output/nrf52832_xxaa/Obj/tag/boards.o
                0x0000000000023c90                bsp_board_leds_init
 .text.NVIC_EnableIRQ
                0x0000000000023cc4       0x2c Output/nrf52832_xxaa/Obj/tag/nrf_drv_common.o
 .text.NVIC_ClearPendingIRQ
                0x0000000000023cf0       0x30 Output/nrf52832_xxaa/Obj/tag/nrf_drv_common.o
 .text.NVIC_SetPriority
                0x0000000000023d20       0x50 Output/nrf52832_xxaa/Obj/tag/nrf_drv_common.o
 .text.nrf_drv_common_irq_enable
                0x0000000000023d70       0x3e Output/nrf52832_xxaa/Obj/tag/nrf_drv_common.o
                0x0000000000023d70                nrf_drv_common_irq_enable
 .text.nrf_gpiote_event_is_set
                0x0000000000023dae       0x2a Output/nrf52832_xxaa/Obj/tag/nrf_drv_gpiote.o
 .text.nrf_gpiote_event_clear
                0x0000000000023dd8       0x36 Output/nrf52832_xxaa/Obj/tag/nrf_drv_gpiote.o
 .text.nrf_gpiote_event_addr_get
                0x0000000000023e0e       0x1a Output/nrf52832_xxaa/Obj/tag/nrf_drv_gpiote.o
 .text.nrf_gpiote_int_is_enabled
                0x0000000000023e28       0x18 Output/nrf52832_xxaa/Obj/tag/nrf_drv_gpiote.o
 .text.nrf_gpiote_event_pin_get
                0x0000000000023e40       0x20 Output/nrf52832_xxaa/Obj/tag/nrf_drv_gpiote.o
 .text.nrf_gpiote_event_polarity_get
                0x0000000000023e60       0x24 Output/nrf52832_xxaa/Obj/tag/nrf_drv_gpiote.o
 .text.nrf_gpio_pin_port_decode
                0x0000000000023e84        0xe Output/nrf52832_xxaa/Obj/tag/nrf_drv_gpiote.o
 .text.nrf_gpio_cfg_sense_set
                0x0000000000023e92       0x5c Output/nrf52832_xxaa/Obj/tag/nrf_drv_gpiote.o
 .text.nrf_gpio_pin_sense_get
                0x0000000000023eee       0x2c Output/nrf52832_xxaa/Obj/tag/nrf_drv_gpiote.o
 .text.nrf_gpio_port_in_read
                0x0000000000023f1a       0x10 Output/nrf52832_xxaa/Obj/tag/nrf_drv_gpiote.o
 .text.nrf_gpio_ports_read
                0x0000000000023f2a       0x50 Output/nrf52832_xxaa/Obj/tag/nrf_drv_gpiote.o
 .text.nrf_bitmask_bit_is_set
                0x0000000000023f7a       0x30 Output/nrf52832_xxaa/Obj/tag/nrf_drv_gpiote.o
 .text.nrf_bitmask_bit_set
                0x0000000000023faa       0x40 Output/nrf52832_xxaa/Obj/tag/nrf_drv_gpiote.o
 *fill*         0x0000000000023fea        0x2 
 .text.channel_port_get
                0x0000000000023fec       0x1c Output/nrf52832_xxaa/Obj/tag/nrf_drv_gpiote.o
 .text.channel_handler_get
                0x0000000000024008       0x18 Output/nrf52832_xxaa/Obj/tag/nrf_drv_gpiote.o
 .text.GPIOTE_IRQHandler
                0x0000000000024020      0x2e0 Output/nrf52832_xxaa/Obj/tag/nrf_drv_gpiote.o
                0x0000000000024020                GPIOTE_IRQHandler
 .text.NVIC_DisableIRQ
                0x0000000000024300       0x30 Output/nrf52832_xxaa/Obj/tag/nrf_drv_spi.o
 .text.nrf_spi_event_clear
                0x0000000000024330       0x2a Output/nrf52832_xxaa/Obj/tag/nrf_drv_spi.o
 .text.nrf_spi_event_check
                0x000000000002435a       0x24 Output/nrf52832_xxaa/Obj/tag/nrf_drv_spi.o
 .text.nrf_spi_int_enable
                0x000000000002437e       0x14 Output/nrf52832_xxaa/Obj/tag/nrf_drv_spi.o
 .text.nrf_spi_int_disable
                0x0000000000024392       0x14 Output/nrf52832_xxaa/Obj/tag/nrf_drv_spi.o
 .text.nrf_spi_enable
                0x00000000000243a6       0x12 Output/nrf52832_xxaa/Obj/tag/nrf_drv_spi.o
 .text.nrf_spi_disable
                0x00000000000243b8       0x12 Output/nrf52832_xxaa/Obj/tag/nrf_drv_spi.o
 .text.nrf_spi_pins_set
                0x00000000000243ca       0x28 Output/nrf52832_xxaa/Obj/tag/nrf_drv_spi.o
 .text.nrf_spi_txd_set
                0x00000000000243f2       0x1a Output/nrf52832_xxaa/Obj/tag/nrf_drv_spi.o
 .text.nrf_spi_rxd_get
                0x000000000002440c       0x12 Output/nrf52832_xxaa/Obj/tag/nrf_drv_spi.o
 .text.nrf_spi_frequency_set
                0x000000000002441e       0x14 Output/nrf52832_xxaa/Obj/tag/nrf_drv_spi.o
 .text.nrf_spi_configure
                0x0000000000024432       0x64 Output/nrf52832_xxaa/Obj/tag/nrf_drv_spi.o
 .text.nrf_drv_common_irq_disable
                0x0000000000024496       0x1c Output/nrf52832_xxaa/Obj/tag/nrf_drv_spi.o
 .text.nrf_gpio_pin_port_decode
                0x00000000000244b2        0xe Output/nrf52832_xxaa/Obj/tag/nrf_drv_spi.o
 .text.nrf_gpio_cfg
                0x00000000000244c0       0x62 Output/nrf52832_xxaa/Obj/tag/nrf_drv_spi.o
 .text.nrf_gpio_cfg_output
                0x0000000000024522       0x22 Output/nrf52832_xxaa/Obj/tag/nrf_drv_spi.o
 .text.nrf_gpio_cfg_input
                0x0000000000024544       0x2a Output/nrf52832_xxaa/Obj/tag/nrf_drv_spi.o
 .text.nrf_gpio_pin_set
                0x000000000002456e       0x28 Output/nrf52832_xxaa/Obj/tag/nrf_drv_spi.o
 .text.nrf_gpio_pin_clear
                0x0000000000024596       0x28 Output/nrf52832_xxaa/Obj/tag/nrf_drv_spi.o
 .text.nrf_gpio_port_out_set
                0x00000000000245be       0x14 Output/nrf52832_xxaa/Obj/tag/nrf_drv_spi.o
 .text.nrf_gpio_port_out_clear
                0x00000000000245d2       0x14 Output/nrf52832_xxaa/Obj/tag/nrf_drv_spi.o
 *fill*         0x00000000000245e6        0x2 
 .text.nrf_drv_spi_init
                0x00000000000245e8      0x188 Output/nrf52832_xxaa/Obj/tag/nrf_drv_spi.o
                0x00000000000245e8                nrf_drv_spi_init
 .text.nrf_drv_spi_uninit
                0x0000000000024770       0x60 Output/nrf52832_xxaa/Obj/tag/nrf_drv_spi.o
                0x0000000000024770                nrf_drv_spi_uninit
 .text.nrf_drv_spi_transfer
                0x00000000000247d0       0x3e Output/nrf52832_xxaa/Obj/tag/nrf_drv_spi.o
                0x00000000000247d0                nrf_drv_spi_transfer
 .text.finish_transfer
                0x000000000002480e       0x3e Output/nrf52832_xxaa/Obj/tag/nrf_drv_spi.o
 .text.transfer_byte
                0x000000000002484c      0x108 Output/nrf52832_xxaa/Obj/tag/nrf_drv_spi.o
 .text.spi_xfer
                0x0000000000024954       0xca Output/nrf52832_xxaa/Obj/tag/nrf_drv_spi.o
 *fill*         0x0000000000024a1e        0x2 
 .text.nrf_drv_spi_xfer
                0x0000000000024a20       0xc4 Output/nrf52832_xxaa/Obj/tag/nrf_drv_spi.o
                0x0000000000024a20                nrf_drv_spi_xfer
 .text.irq_handler_spi
                0x0000000000024ae4       0x34 Output/nrf52832_xxaa/Obj/tag/nrf_drv_spi.o
 .text.SPIM1_SPIS1_TWIM1_TWIS1_SPI1_TWI1_IRQHandler
                0x0000000000024b18       0x20 Output/nrf52832_xxaa/Obj/tag/nrf_drv_spi.o
                0x0000000000024b18                SPIM1_SPIS1_TWIM1_TWIS1_SPI1_TWI1_IRQHandler
 .text.nrf_uart_event_clear
                0x0000000000024b38       0x2a Output/nrf52832_xxaa/Obj/tag/nrf_drv_uart.o
 .text.nrf_uart_event_check
                0x0000000000024b62       0x24 Output/nrf52832_xxaa/Obj/tag/nrf_drv_uart.o
 .text.nrf_uart_int_enable
                0x0000000000024b86       0x14 Output/nrf52832_xxaa/Obj/tag/nrf_drv_uart.o
 .text.nrf_uart_int_enable_check
                0x0000000000024b9a       0x20 Output/nrf52832_xxaa/Obj/tag/nrf_drv_uart.o
 .text.nrf_uart_int_disable
                0x0000000000024bba       0x14 Output/nrf52832_xxaa/Obj/tag/nrf_drv_uart.o
 .text.nrf_uart_errorsrc_get_and_clear
                0x0000000000024bce       0x1c Output/nrf52832_xxaa/Obj/tag/nrf_drv_uart.o
 .text.nrf_uart_enable
                0x0000000000024bea       0x12 Output/nrf52832_xxaa/Obj/tag/nrf_drv_uart.o
 .text.nrf_uart_txrx_pins_set
                0x0000000000024bfc       0x1e Output/nrf52832_xxaa/Obj/tag/nrf_drv_uart.o
 .text.nrf_uart_hwfc_pins_set
                0x0000000000024c1a       0x1e Output/nrf52832_xxaa/Obj/tag/nrf_drv_uart.o
 .text.nrf_uart_rxd_get
                0x0000000000024c38       0x12 Output/nrf52832_xxaa/Obj/tag/nrf_drv_uart.o
 .text.nrf_uart_txd_set
                0x0000000000024c4a       0x1a Output/nrf52832_xxaa/Obj/tag/nrf_drv_uart.o
 .text.nrf_uart_task_trigger
                0x0000000000024c64       0x1c Output/nrf52832_xxaa/Obj/tag/nrf_drv_uart.o
 .text.nrf_uart_configure
                0x0000000000024c80       0x2a Output/nrf52832_xxaa/Obj/tag/nrf_drv_uart.o
 .text.nrf_uart_baudrate_set
                0x0000000000024caa       0x14 Output/nrf52832_xxaa/Obj/tag/nrf_drv_uart.o
 .text.nrf_uarte_event_clear
                0x0000000000024cbe       0x2a Output/nrf52832_xxaa/Obj/tag/nrf_drv_uart.o
 .text.nrf_uarte_event_check
                0x0000000000024ce8       0x24 Output/nrf52832_xxaa/Obj/tag/nrf_drv_uart.o
 .text.nrf_uarte_shorts_enable
                0x0000000000024d0c       0x1c Output/nrf52832_xxaa/Obj/tag/nrf_drv_uart.o
 .text.nrf_uarte_shorts_disable
                0x0000000000024d28       0x1e Output/nrf52832_xxaa/Obj/tag/nrf_drv_uart.o
 .text.nrf_uarte_int_enable
                0x0000000000024d46       0x14 Output/nrf52832_xxaa/Obj/tag/nrf_drv_uart.o
 .text.nrf_uarte_int_disable
                0x0000000000024d5a       0x14 Output/nrf52832_xxaa/Obj/tag/nrf_drv_uart.o
 .text.nrf_uarte_errorsrc_get_and_clear
                0x0000000000024d6e       0x1c Output/nrf52832_xxaa/Obj/tag/nrf_drv_uart.o
 .text.nrf_uarte_enable
                0x0000000000024d8a       0x12 Output/nrf52832_xxaa/Obj/tag/nrf_drv_uart.o
 .text.nrf_uarte_txrx_pins_set
                0x0000000000024d9c       0x1e Output/nrf52832_xxaa/Obj/tag/nrf_drv_uart.o
 .text.nrf_uarte_hwfc_pins_set
                0x0000000000024dba       0x1e Output/nrf52832_xxaa/Obj/tag/nrf_drv_uart.o
 .text.nrf_uarte_task_trigger
                0x0000000000024dd8       0x1c Output/nrf52832_xxaa/Obj/tag/nrf_drv_uart.o
 .text.nrf_uarte_configure
                0x0000000000024df4       0x2a Output/nrf52832_xxaa/Obj/tag/nrf_drv_uart.o
 .text.nrf_uarte_baudrate_set
                0x0000000000024e1e       0x14 Output/nrf52832_xxaa/Obj/tag/nrf_drv_uart.o
 .text.nrf_uarte_tx_buffer_set
                0x0000000000024e32       0x24 Output/nrf52832_xxaa/Obj/tag/nrf_drv_uart.o
 .text.nrf_uarte_tx_amount_get
                0x0000000000024e56       0x10 Output/nrf52832_xxaa/Obj/tag/nrf_drv_uart.o
 .text.nrf_uarte_rx_buffer_set
                0x0000000000024e66       0x24 Output/nrf52832_xxaa/Obj/tag/nrf_drv_uart.o
 .text.nrf_uarte_rx_amount_get
                0x0000000000024e8a       0x10 Output/nrf52832_xxaa/Obj/tag/nrf_drv_uart.o
 .text.nrf_drv_get_IRQn
                0x0000000000024e9a       0x16 Output/nrf52832_xxaa/Obj/tag/nrf_drv_uart.o
 .text.nrf_drv_is_in_RAM
                0x0000000000024eb0       0x1c Output/nrf52832_xxaa/Obj/tag/nrf_drv_uart.o
 .text.nrf_gpio_pin_port_decode
                0x0000000000024ecc        0xe Output/nrf52832_xxaa/Obj/tag/nrf_drv_uart.o
 .text.nrf_gpio_cfg
                0x0000000000024eda       0x62 Output/nrf52832_xxaa/Obj/tag/nrf_drv_uart.o
 .text.nrf_gpio_cfg_output
                0x0000000000024f3c       0x22 Output/nrf52832_xxaa/Obj/tag/nrf_drv_uart.o
 .text.nrf_gpio_cfg_input
                0x0000000000024f5e       0x2a Output/nrf52832_xxaa/Obj/tag/nrf_drv_uart.o
 .text.nrf_gpio_pin_set
                0x0000000000024f88       0x28 Output/nrf52832_xxaa/Obj/tag/nrf_drv_uart.o
 .text.nrf_gpio_port_out_set
                0x0000000000024fb0       0x14 Output/nrf52832_xxaa/Obj/tag/nrf_drv_uart.o
 .text.apply_config
                0x0000000000024fc4      0x160 Output/nrf52832_xxaa/Obj/tag/nrf_drv_uart.o
 .text.interrupts_enable
                0x0000000000025124       0xd4 Output/nrf52832_xxaa/Obj/tag/nrf_drv_uart.o
 .text.uart_enable
                0x00000000000251f8       0x3c Output/nrf52832_xxaa/Obj/tag/nrf_drv_uart.o
 .text.nrf_drv_uart_init
                0x0000000000025234       0x90 Output/nrf52832_xxaa/Obj/tag/nrf_drv_uart.o
                0x0000000000025234                nrf_drv_uart_init
 .text.tx_byte  0x00000000000252c4       0x46 Output/nrf52832_xxaa/Obj/tag/nrf_drv_uart.o
 *fill*         0x000000000002530a        0x2 
 .text.nrf_drv_uart_tx_for_uart
                0x000000000002530c       0xe4 Output/nrf52832_xxaa/Obj/tag/nrf_drv_uart.o
 .text.nrf_drv_uart_tx_for_uarte
                0x00000000000253f0       0xbc Output/nrf52832_xxaa/Obj/tag/nrf_drv_uart.o
 .text.nrf_drv_uart_tx
                0x00000000000254ac       0xa0 Output/nrf52832_xxaa/Obj/tag/nrf_drv_uart.o
                0x00000000000254ac                nrf_drv_uart_tx
 .text.nrf_drv_uart_tx_in_progress
                0x000000000002554c       0x28 Output/nrf52832_xxaa/Obj/tag/nrf_drv_uart.o
                0x000000000002554c                nrf_drv_uart_tx_in_progress
 .text.rx_enable
                0x0000000000025574       0x36 Output/nrf52832_xxaa/Obj/tag/nrf_drv_uart.o
 .text.rx_byte  0x00000000000255aa       0x54 Output/nrf52832_xxaa/Obj/tag/nrf_drv_uart.o
 *fill*         0x00000000000255fe        0x2 
 .text.nrf_drv_uart_rx_for_uart
                0x0000000000025600      0x158 Output/nrf52832_xxaa/Obj/tag/nrf_drv_uart.o
 .text.nrf_drv_uart_rx_for_uarte
                0x0000000000025758      0x130 Output/nrf52832_xxaa/Obj/tag/nrf_drv_uart.o
 .text.nrf_drv_uart_rx
                0x0000000000025888      0x158 Output/nrf52832_xxaa/Obj/tag/nrf_drv_uart.o
                0x0000000000025888                nrf_drv_uart_rx
 .text.nrf_drv_uart_rx_enable
                0x00000000000259e0       0x54 Output/nrf52832_xxaa/Obj/tag/nrf_drv_uart.o
                0x00000000000259e0                nrf_drv_uart_rx_enable
 .text.rx_done_event
                0x0000000000025a34       0x36 Output/nrf52832_xxaa/Obj/tag/nrf_drv_uart.o
 .text.tx_done_event
                0x0000000000025a6a       0x3c Output/nrf52832_xxaa/Obj/tag/nrf_drv_uart.o
 .text.uart_irq_handler
                0x0000000000025aa6      0x1d4 Output/nrf52832_xxaa/Obj/tag/nrf_drv_uart.o
 .text.uarte_irq_handler
                0x0000000000025c7a      0x160 Output/nrf52832_xxaa/Obj/tag/nrf_drv_uart.o
 *fill*         0x0000000000025dda        0x2 
 .text.UARTE0_UART0_IRQHandler
                0x0000000000025ddc       0x28 Output/nrf52832_xxaa/Obj/tag/nrf_drv_uart.o
                0x0000000000025ddc                UARTE0_UART0_IRQHandler
 .text.NVIC_DisableIRQ
                0x0000000000025e04       0x30 Output/nrf52832_xxaa/Obj/tag/nrf_drv_clock.o
 .text.nrf_clock_int_enable
                0x0000000000025e34       0x14 Output/nrf52832_xxaa/Obj/tag/nrf_drv_clock.o
 .text.nrf_clock_int_disable
                0x0000000000025e48       0x14 Output/nrf52832_xxaa/Obj/tag/nrf_drv_clock.o
 .text.nrf_clock_task_trigger
                0x0000000000025e5c       0x1a Output/nrf52832_xxaa/Obj/tag/nrf_drv_clock.o
 .text.nrf_clock_event_clear
                0x0000000000025e76       0x28 Output/nrf52832_xxaa/Obj/tag/nrf_drv_clock.o
 .text.nrf_clock_event_check
                0x0000000000025e9e       0x22 Output/nrf52832_xxaa/Obj/tag/nrf_drv_clock.o
 .text.nrf_clock_lf_src_set
                0x0000000000025ec0       0x1e Output/nrf52832_xxaa/Obj/tag/nrf_drv_clock.o
 .text.nrf_clock_lf_is_running
                0x0000000000025ede       0x1c Output/nrf52832_xxaa/Obj/tag/nrf_drv_clock.o
 *fill*         0x0000000000025efa        0x2 
 .text.nrf_drv_common_irq_enable_check
                0x0000000000025efc       0x38 Output/nrf52832_xxaa/Obj/tag/nrf_drv_clock.o
 .text.nrf_drv_common_power_clock_irq_init
                0x0000000000025f34       0x20 Output/nrf52832_xxaa/Obj/tag/nrf_drv_clock.o
 .text.lfclk_start
                0x0000000000025f54       0x1a Output/nrf52832_xxaa/Obj/tag/nrf_drv_clock.o
 *fill*         0x0000000000025f6e        0x2 
 .text.lfclk_stop
                0x0000000000025f70       0x24 Output/nrf52832_xxaa/Obj/tag/nrf_drv_clock.o
 .text.nrf_drv_clock_init
                0x0000000000025f94       0x5c Output/nrf52832_xxaa/Obj/tag/nrf_drv_clock.o
                0x0000000000025f94                nrf_drv_clock_init
 .text.item_enqueue
                0x0000000000025ff0       0x38 Output/nrf52832_xxaa/Obj/tag/nrf_drv_clock.o
 .text.item_dequeue
                0x0000000000026028       0x20 Output/nrf52832_xxaa/Obj/tag/nrf_drv_clock.o
 .text.nrf_drv_clock_lfclk_request
                0x0000000000026048       0x94 Output/nrf52832_xxaa/Obj/tag/nrf_drv_clock.o
                0x0000000000026048                nrf_drv_clock_lfclk_request
 .text.nrf_drv_clock_lfclk_release
                0x00000000000260dc       0x40 Output/nrf52832_xxaa/Obj/tag/nrf_drv_clock.o
                0x00000000000260dc                nrf_drv_clock_lfclk_release
 .text.clock_clk_started_notify
                0x000000000002611c       0x4c Output/nrf52832_xxaa/Obj/tag/nrf_drv_clock.o
 .text.POWER_CLOCK_IRQHandler
                0x0000000000026168       0x5c Output/nrf52832_xxaa/Obj/tag/nrf_drv_clock.o
                0x0000000000026168                POWER_CLOCK_IRQHandler
 .text.soc_evt_handler
                0x00000000000261c4       0x1c Output/nrf52832_xxaa/Obj/tag/nrf_drv_clock.o
 .text.sd_state_evt_handler
                0x00000000000261e0       0x84 Output/nrf52832_xxaa/Obj/tag/nrf_drv_clock.o
 .text.nrf_twi_task_trigger
                0x0000000000026264       0x1c Output/nrf52832_xxaa/Obj/tag/nrf_drv_twi.o
 .text.nrf_twi_event_clear
                0x0000000000026280       0x2a Output/nrf52832_xxaa/Obj/tag/nrf_drv_twi.o
 .text.nrf_twi_event_check
                0x00000000000262aa       0x24 Output/nrf52832_xxaa/Obj/tag/nrf_drv_twi.o
 .text.nrf_twi_int_enable
                0x00000000000262ce       0x14 Output/nrf52832_xxaa/Obj/tag/nrf_drv_twi.o
 .text.nrf_twi_int_disable
                0x00000000000262e2       0x14 Output/nrf52832_xxaa/Obj/tag/nrf_drv_twi.o
 .text.nrf_twi_enable
                0x00000000000262f6       0x12 Output/nrf52832_xxaa/Obj/tag/nrf_drv_twi.o
 .text.nrf_twi_disable
                0x0000000000026308       0x12 Output/nrf52832_xxaa/Obj/tag/nrf_drv_twi.o
 .text.nrf_twi_pins_set
                0x000000000002631a       0x1e Output/nrf52832_xxaa/Obj/tag/nrf_drv_twi.o
 .text.nrf_twi_frequency_set
                0x0000000000026338       0x14 Output/nrf52832_xxaa/Obj/tag/nrf_drv_twi.o
 .text.nrf_twi_errorsrc_get_and_clear
                0x000000000002634c       0x1c Output/nrf52832_xxaa/Obj/tag/nrf_drv_twi.o
 .text.nrf_twi_address_set
                0x0000000000026368       0x1a Output/nrf52832_xxaa/Obj/tag/nrf_drv_twi.o
 .text.nrf_twi_rxd_get
                0x0000000000026382       0x12 Output/nrf52832_xxaa/Obj/tag/nrf_drv_twi.o
 .text.nrf_twi_txd_set
                0x0000000000026394       0x1a Output/nrf52832_xxaa/Obj/tag/nrf_drv_twi.o
 .text.nrf_twi_shorts_set
                0x00000000000263ae       0x14 Output/nrf52832_xxaa/Obj/tag/nrf_drv_twi.o
 .text.nrf_drv_get_IRQn
                0x00000000000263c2       0x16 Output/nrf52832_xxaa/Obj/tag/nrf_drv_twi.o
 .text.nrf_gpio_pin_port_decode
                0x00000000000263d8        0xe Output/nrf52832_xxaa/Obj/tag/nrf_drv_twi.o
 .text.nrf_gpio_pin_set
                0x00000000000263e6       0x28 Output/nrf52832_xxaa/Obj/tag/nrf_drv_twi.o
 .text.nrf_gpio_pin_clear
                0x000000000002640e       0x28 Output/nrf52832_xxaa/Obj/tag/nrf_drv_twi.o
 .text.nrf_gpio_pin_read
                0x0000000000026436       0x2a Output/nrf52832_xxaa/Obj/tag/nrf_drv_twi.o
 .text.nrf_gpio_port_in_read
                0x0000000000026460       0x10 Output/nrf52832_xxaa/Obj/tag/nrf_drv_twi.o
 .text.nrf_gpio_port_out_set
                0x0000000000026470       0x14 Output/nrf52832_xxaa/Obj/tag/nrf_drv_twi.o
 .text.nrf_gpio_port_out_clear
                0x0000000000026484       0x14 Output/nrf52832_xxaa/Obj/tag/nrf_drv_twi.o
 .text.nrf_delay_us
                0x0000000000026498       0xa0 Output/nrf52832_xxaa/Obj/tag/nrf_drv_twi.o
 .text.twi_process_error
                0x0000000000026538       0x40 Output/nrf52832_xxaa/Obj/tag/nrf_drv_twi.o
 .text.twi_clear_bus
                0x0000000000026578       0xde Output/nrf52832_xxaa/Obj/tag/nrf_drv_twi.o
 *fill*         0x0000000000026656        0x2 
 .text.nrf_drv_twi_init
                0x0000000000026658       0xf4 Output/nrf52832_xxaa/Obj/tag/nrf_drv_twi.o
                0x0000000000026658                nrf_drv_twi_init
 .text.nrf_drv_twi_enable
                0x000000000002674c       0x3c Output/nrf52832_xxaa/Obj/tag/nrf_drv_twi.o
                0x000000000002674c                nrf_drv_twi_enable
 .text.twi_send_byte
                0x0000000000026788       0x64 Output/nrf52832_xxaa/Obj/tag/nrf_drv_twi.o
 .text.twi_receive_byte
                0x00000000000267ec       0x72 Output/nrf52832_xxaa/Obj/tag/nrf_drv_twi.o
 .text.twi_transfer
                0x000000000002685e      0x172 Output/nrf52832_xxaa/Obj/tag/nrf_drv_twi.o
 .text.twi_tx_start_transfer
                0x00000000000269d0      0x112 Output/nrf52832_xxaa/Obj/tag/nrf_drv_twi.o
 .text.twi_rx_start_transfer
                0x0000000000026ae2      0x108 Output/nrf52832_xxaa/Obj/tag/nrf_drv_twi.o
 .text.twi_xfer
                0x0000000000026bea      0x110 Output/nrf52832_xxaa/Obj/tag/nrf_drv_twi.o
 *fill*         0x0000000000026cfa        0x2 
 .text.nrf_drv_twi_xfer
                0x0000000000026cfc       0x54 Output/nrf52832_xxaa/Obj/tag/nrf_drv_twi.o
                0x0000000000026cfc                nrf_drv_twi_xfer
 .text.nrf_drv_twi_tx
                0x0000000000026d50       0x56 Output/nrf52832_xxaa/Obj/tag/nrf_drv_twi.o
                0x0000000000026d50                nrf_drv_twi_tx
 .text.nrf_drv_twi_rx
                0x0000000000026da6       0x50 Output/nrf52832_xxaa/Obj/tag/nrf_drv_twi.o
                0x0000000000026da6                nrf_drv_twi_rx
 .text.irq_handler_twi
                0x0000000000026df6      0x13a Output/nrf52832_xxaa/Obj/tag/nrf_drv_twi.o
 .text.SPIM0_SPIS0_TWIM0_TWIS0_SPI0_TWI0_IRQHandler
                0x0000000000026f30       0x18 Output/nrf52832_xxaa/Obj/tag/nrf_drv_twi.o
                0x0000000000026f30                SPIM0_SPIS0_TWIM0_TWIS0_SPI0_TWI0_IRQHandler
 .text.app_error_handler_bare
                0x0000000000026f48       0x2a Output/nrf52832_xxaa/Obj/tag/app_error.o
                0x0000000000026f48                app_error_handler_bare
 *fill*         0x0000000000026f72        0x2 
 .text.NVIC_SystemReset
                0x0000000000026f74       0x2c Output/nrf52832_xxaa/Obj/tag/app_error_weak.o
 .text.app_error_fault_handler
                0x0000000000026fa0       0x28 Output/nrf52832_xxaa/Obj/tag/app_error_weak.o
                0x0000000000026fa0                app_error_fault_handler
 .text.__sd_nvic_irq_disable
                0x0000000000026fc8       0x18 Output/nrf52832_xxaa/Obj/tag/app_util_platform.o
 .text.__sd_nvic_irq_enable
                0x0000000000026fe0        0x8 Output/nrf52832_xxaa/Obj/tag/app_util_platform.o
 .text.sd_nvic_critical_region_enter
                0x0000000000026fe8       0x74 Output/nrf52832_xxaa/Obj/tag/app_util_platform.o
 .text.sd_nvic_critical_region_exit
                0x000000000002705c       0x54 Output/nrf52832_xxaa/Obj/tag/app_util_platform.o
 .text.app_util_critical_region_enter
                0x00000000000270b0       0x14 Output/nrf52832_xxaa/Obj/tag/app_util_platform.o
                0x00000000000270b0                app_util_critical_region_enter
 .text.app_util_critical_region_exit
                0x00000000000270c4       0x1c Output/nrf52832_xxaa/Obj/tag/app_util_platform.o
                0x00000000000270c4                app_util_critical_region_exit
 .text.fifo_length
                0x00000000000270e0       0x18 Output/nrf52832_xxaa/Obj/tag/app_fifo.o
 .text.fifo_put
                0x00000000000270f8       0x30 Output/nrf52832_xxaa/Obj/tag/app_fifo.o
 .text.fifo_peek
                0x0000000000027128       0x2e Output/nrf52832_xxaa/Obj/tag/app_fifo.o
 .text.fifo_get
                0x0000000000027156       0x24 Output/nrf52832_xxaa/Obj/tag/app_fifo.o
 .text.app_fifo_init
                0x000000000002717a       0x58 Output/nrf52832_xxaa/Obj/tag/app_fifo.o
                0x000000000002717a                app_fifo_init
 .text.app_fifo_put
                0x00000000000271d2       0x36 Output/nrf52832_xxaa/Obj/tag/app_fifo.o
                0x00000000000271d2                app_fifo_put
 .text.app_fifo_get
                0x0000000000027208       0x2a Output/nrf52832_xxaa/Obj/tag/app_fifo.o
                0x0000000000027208                app_fifo_get
 .text.__putchar
                0x0000000000027232       0x1c Output/nrf52832_xxaa/Obj/tag/retarget.o
                0x0000000000027232                __putchar
 .text.nrf_section_iter_init
                0x000000000002724e       0x30 Output/nrf52832_xxaa/Obj/tag/nrf_section_iter.o
                0x000000000002724e                nrf_section_iter_init
 .text.nrf_section_iter_next
                0x000000000002727e       0x3c Output/nrf52832_xxaa/Obj/tag/nrf_section_iter.o
                0x000000000002727e                nrf_section_iter_next
 .text.fifo_length
                0x00000000000272ba       0x18 Output/nrf52832_xxaa/Obj/tag/app_uart_fifo.o
 *fill*         0x00000000000272d2        0x2 
 .text.uart_event_handler
                0x00000000000272d4       0xfc Output/nrf52832_xxaa/Obj/tag/app_uart_fifo.o
 .text.app_uart_init
                0x00000000000273d0      0x128 Output/nrf52832_xxaa/Obj/tag/app_uart_fifo.o
                0x00000000000273d0                app_uart_init
 .text.app_uart_put
                0x00000000000274f8       0x60 Output/nrf52832_xxaa/Obj/tag/app_uart_fifo.o
                0x00000000000274f8                app_uart_put
 .text.is_word_aligned
                0x0000000000027558       0x1a Output/nrf52832_xxaa/Obj/tag/fds.o
 .text.nrf_atomic_u32_fetch_or
                0x0000000000027572       0x30 Output/nrf52832_xxaa/Obj/tag/fds.o
 .text.nrf_atomic_u32_fetch_add
                0x00000000000275a2       0x30 Output/nrf52832_xxaa/Obj/tag/fds.o
 .text.nrf_atomic_u32_add
                0x00000000000275d2       0x30 Output/nrf52832_xxaa/Obj/tag/fds.o
 .text.nrf_atomic_u32_sub
                0x0000000000027602       0x30 Output/nrf52832_xxaa/Obj/tag/fds.o
 .text.nrf_atomic_flag_set_fetch
                0x0000000000027632       0x18 Output/nrf52832_xxaa/Obj/tag/fds.o
 *fill*         0x000000000002764a        0x2 
 .text.event_send
                0x000000000002764c       0x40 Output/nrf52832_xxaa/Obj/tag/fds.o
 .text.event_prepare
                0x000000000002768c       0xdc Output/nrf52832_xxaa/Obj/tag/fds.o
 .text.header_has_next
                0x0000000000027768       0x2e Output/nrf52832_xxaa/Obj/tag/fds.o
 .text.header_jump
                0x0000000000027796       0x16 Output/nrf52832_xxaa/Obj/tag/fds.o
 .text.header_check
                0x00000000000277ac       0x3c Output/nrf52832_xxaa/Obj/tag/fds.o
 .text.address_is_valid
                0x00000000000277e8       0x48 Output/nrf52832_xxaa/Obj/tag/fds.o
 .text.page_identify
                0x0000000000027830       0x48 Output/nrf52832_xxaa/Obj/tag/fds.o
 .text.page_is_erased
                0x0000000000027878       0x34 Output/nrf52832_xxaa/Obj/tag/fds.o
 .text.page_has_space
                0x00000000000278ac       0x68 Output/nrf52832_xxaa/Obj/tag/fds.o
 .text.page_from_record
                0x0000000000027914       0x78 Output/nrf52832_xxaa/Obj/tag/fds.o
 .text.page_scan
                0x000000000002798c       0xa4 Output/nrf52832_xxaa/Obj/tag/fds.o
 .text.page_offsets_update
                0x0000000000027a30       0x38 Output/nrf52832_xxaa/Obj/tag/fds.o
 .text.page_tag_write_swap
                0x0000000000027a68       0x30 Output/nrf52832_xxaa/Obj/tag/fds.o
 .text.page_tag_write_data
                0x0000000000027a98       0x28 Output/nrf52832_xxaa/Obj/tag/fds.o
 .text.write_space_reserve
                0x0000000000027ac0       0xd0 Output/nrf52832_xxaa/Obj/tag/fds.o
 .text.write_space_free
                0x0000000000027b90       0x50 Output/nrf52832_xxaa/Obj/tag/fds.o
 .text.record_id_new
                0x0000000000027be0       0x14 Output/nrf52832_xxaa/Obj/tag/fds.o
 .text.record_find_next
                0x0000000000027bf4       0xa8 Output/nrf52832_xxaa/Obj/tag/fds.o
 .text.record_find_by_desc
                0x0000000000027c9c       0xb4 Output/nrf52832_xxaa/Obj/tag/fds.o
 .text.record_find
                0x0000000000027d50       0xdc Output/nrf52832_xxaa/Obj/tag/fds.o
 .text.records_stat
                0x0000000000027e2c       0xe4 Output/nrf52832_xxaa/Obj/tag/fds.o
 .text.queue_buf_get
                0x0000000000027f10       0x2c Output/nrf52832_xxaa/Obj/tag/fds.o
 .text.queue_buf_store
                0x0000000000027f3c       0x1c Output/nrf52832_xxaa/Obj/tag/fds.o
 .text.queue_load
                0x0000000000027f58       0x20 Output/nrf52832_xxaa/Obj/tag/fds.o
 .text.queue_free
                0x0000000000027f78       0x1c Output/nrf52832_xxaa/Obj/tag/fds.o
 .text.queue_has_next
                0x0000000000027f94       0x20 Output/nrf52832_xxaa/Obj/tag/fds.o
 .text.pages_init
                0x0000000000027fb4      0x240 Output/nrf52832_xxaa/Obj/tag/fds.o
 .text.record_header_write_begin
                0x00000000000281f4       0x3c Output/nrf52832_xxaa/Obj/tag/fds.o
 .text.record_header_write_id
                0x0000000000028230       0x4c Output/nrf52832_xxaa/Obj/tag/fds.o
 .text.record_header_write_finalize
                0x000000000002827c       0x4c Output/nrf52832_xxaa/Obj/tag/fds.o
 .text.record_header_flag_dirty
                0x00000000000282c8       0x54 Output/nrf52832_xxaa/Obj/tag/fds.o
 .text.record_find_and_delete
                0x000000000002831c       0x5e Output/nrf52832_xxaa/Obj/tag/fds.o
 *fill*         0x000000000002837a        0x2 
 .text.file_find_and_delete
                0x000000000002837c       0x48 Output/nrf52832_xxaa/Obj/tag/fds.o
 .text.record_write_data
                0x00000000000283c4       0x44 Output/nrf52832_xxaa/Obj/tag/fds.o
 .text.gc_init  0x0000000000028408       0x6c Output/nrf52832_xxaa/Obj/tag/fds.o
 .text.gc_page_next
                0x0000000000028474       0x90 Output/nrf52832_xxaa/Obj/tag/fds.o
 .text.gc_swap_erase
                0x0000000000028504       0x30 Output/nrf52832_xxaa/Obj/tag/fds.o
 .text.gc_page_erase
                0x0000000000028534       0x6c Output/nrf52832_xxaa/Obj/tag/fds.o
 .text.gc_record_copy
                0x00000000000285a0       0x54 Output/nrf52832_xxaa/Obj/tag/fds.o
 .text.gc_record_find_next
                0x00000000000285f4       0x38 Output/nrf52832_xxaa/Obj/tag/fds.o
 .text.gc_swap_promote
                0x000000000002862c       0x34 Output/nrf52832_xxaa/Obj/tag/fds.o
 .text.gc_tag_new_swap
                0x0000000000028660       0x1c Output/nrf52832_xxaa/Obj/tag/fds.o
 .text.gc_next_page
                0x000000000002867c       0x40 Output/nrf52832_xxaa/Obj/tag/fds.o
 .text.gc_update_swap_offset
                0x00000000000286bc       0x30 Output/nrf52832_xxaa/Obj/tag/fds.o
 .text.gc_swap_pages
                0x00000000000286ec       0x70 Output/nrf52832_xxaa/Obj/tag/fds.o
 .text.gc_state_advance
                0x000000000002875c       0x70 Output/nrf52832_xxaa/Obj/tag/fds.o
 .text.init_execute
                0x00000000000287cc      0x1b0 Output/nrf52832_xxaa/Obj/tag/fds.o
 .text.write_execute
                0x000000000002897c      0x114 Output/nrf52832_xxaa/Obj/tag/fds.o
 .text.delete_execute
                0x0000000000028a90       0x68 Output/nrf52832_xxaa/Obj/tag/fds.o
 .text.gc_execute
                0x0000000000028af8       0x94 Output/nrf52832_xxaa/Obj/tag/fds.o
 .text.queue_process
                0x0000000000028b8c       0xf8 Output/nrf52832_xxaa/Obj/tag/fds.o
 .text.queue_start
                0x0000000000028c84       0x20 Output/nrf52832_xxaa/Obj/tag/fds.o
 .text.fs_event_handler
                0x0000000000028ca4       0x18 Output/nrf52832_xxaa/Obj/tag/fds.o
 .text.write_enqueue
                0x0000000000028cbc      0x168 Output/nrf52832_xxaa/Obj/tag/fds.o
 .text.fds_register
                0x0000000000028e24       0x40 Output/nrf52832_xxaa/Obj/tag/fds.o
                0x0000000000028e24                fds_register
 .text.flash_end_addr
                0x0000000000028e64       0x34 Output/nrf52832_xxaa/Obj/tag/fds.o
 .text.flash_bounds_set
                0x0000000000028e98       0x2c Output/nrf52832_xxaa/Obj/tag/fds.o
 .text.flash_subsystem_init
                0x0000000000028ec4       0x20 Output/nrf52832_xxaa/Obj/tag/fds.o
 .text.queue_init
                0x0000000000028ee4       0x1c Output/nrf52832_xxaa/Obj/tag/fds.o
 .text.fds_init
                0x0000000000028f00      0x120 Output/nrf52832_xxaa/Obj/tag/fds.o
                0x0000000000028f00                fds_init
 .text.fds_record_open
                0x0000000000029020       0x78 Output/nrf52832_xxaa/Obj/tag/fds.o
                0x0000000000029020                fds_record_open
 .text.fds_record_close
                0x0000000000029098       0x90 Output/nrf52832_xxaa/Obj/tag/fds.o
                0x0000000000029098                fds_record_close
 .text.fds_record_write
                0x0000000000029128       0x1e Output/nrf52832_xxaa/Obj/tag/fds.o
                0x0000000000029128                fds_record_write
 *fill*         0x0000000000029146        0x2 
 .text.fds_gc   0x0000000000029148       0x60 Output/nrf52832_xxaa/Obj/tag/fds.o
                0x0000000000029148                fds_gc
 .text.fds_record_find
                0x00000000000291a8       0x2c Output/nrf52832_xxaa/Obj/tag/fds.o
                0x00000000000291a8                fds_record_find
 .text.fds_stat
                0x00000000000291d4      0x158 Output/nrf52832_xxaa/Obj/tag/fds.o
                0x00000000000291d4                fds_stat
 .text.nrf_fstorage_init
                0x000000000002932c       0x36 Output/nrf52832_xxaa/Obj/tag/nrf_fstorage.o
                0x000000000002932c                nrf_fstorage_init
 .text.nrf_fstorage_write
                0x0000000000029362       0xa4 Output/nrf52832_xxaa/Obj/tag/nrf_fstorage.o
                0x0000000000029362                nrf_fstorage_write
 .text.nrf_fstorage_erase
                0x0000000000029406       0x7a Output/nrf52832_xxaa/Obj/tag/nrf_fstorage.o
                0x0000000000029406                nrf_fstorage_erase
 .text.addr_within_bounds
                0x0000000000029480       0x34 Output/nrf52832_xxaa/Obj/tag/nrf_fstorage.o
 .text.addr_is_aligned32
                0x00000000000294b4       0x1a Output/nrf52832_xxaa/Obj/tag/nrf_fstorage.o
 .text.nrf_atfifo_wspace_req
                0x00000000000294ce       0x54 Output/nrf52832_xxaa/Obj/tag/nrf_atfifo.o
 .text.nrf_atfifo_wspace_close
                0x0000000000029522       0x20 Output/nrf52832_xxaa/Obj/tag/nrf_atfifo.o
 .text.nrf_atfifo_rspace_req
                0x0000000000029542       0x56 Output/nrf52832_xxaa/Obj/tag/nrf_atfifo.o
 .text.nrf_atfifo_rspace_close
                0x0000000000029598       0x20 Output/nrf52832_xxaa/Obj/tag/nrf_atfifo.o
 .text.nrf_atfifo_space_clear
                0x00000000000295b8       0x48 Output/nrf52832_xxaa/Obj/tag/nrf_atfifo.o
 .text.nrf_atfifo_init
                0x0000000000029600       0x66 Output/nrf52832_xxaa/Obj/tag/nrf_atfifo.o
                0x0000000000029600                nrf_atfifo_init
 .text.nrf_atfifo_clear
                0x0000000000029666       0x28 Output/nrf52832_xxaa/Obj/tag/nrf_atfifo.o
                0x0000000000029666                nrf_atfifo_clear
 .text.nrf_atfifo_item_alloc
                0x000000000002968e       0x2e Output/nrf52832_xxaa/Obj/tag/nrf_atfifo.o
                0x000000000002968e                nrf_atfifo_item_alloc
 .text.nrf_atfifo_item_put
                0x00000000000296bc       0x28 Output/nrf52832_xxaa/Obj/tag/nrf_atfifo.o
                0x00000000000296bc                nrf_atfifo_item_put
 .text.nrf_atfifo_item_get
                0x00000000000296e4       0x2e Output/nrf52832_xxaa/Obj/tag/nrf_atfifo.o
                0x00000000000296e4                nrf_atfifo_item_get
 .text.nrf_atfifo_item_free
                0x0000000000029712       0x28 Output/nrf52832_xxaa/Obj/tag/nrf_atfifo.o
                0x0000000000029712                nrf_atfifo_item_free
 .text.sd_flash_write
                0x000000000002973a        0x8 Output/nrf52832_xxaa/Obj/tag/nrf_fstorage_sd.o
 .text.sd_flash_page_erase
                0x0000000000029742        0x8 Output/nrf52832_xxaa/Obj/tag/nrf_fstorage_sd.o
 .text.nrf_atomic_u32_fetch_store
                0x000000000002974a       0x2e Output/nrf52832_xxaa/Obj/tag/nrf_fstorage_sd.o
 .text.nrf_atomic_u32_fetch_or
                0x0000000000029778       0x30 Output/nrf52832_xxaa/Obj/tag/nrf_fstorage_sd.o
 .text.nrf_atomic_flag_set_fetch
                0x00000000000297a8       0x18 Output/nrf52832_xxaa/Obj/tag/nrf_fstorage_sd.o
 .text.event_send
                0x00000000000297c0       0x7e Output/nrf52832_xxaa/Obj/tag/nrf_fstorage_sd.o
 .text.write_execute
                0x000000000002983e       0x5a Output/nrf52832_xxaa/Obj/tag/nrf_fstorage_sd.o
 .text.erase_execute
                0x0000000000029898       0x20 Output/nrf52832_xxaa/Obj/tag/nrf_fstorage_sd.o
 .text.queue_free
                0x00000000000298b8       0x18 Output/nrf52832_xxaa/Obj/tag/nrf_fstorage_sd.o
 .text.queue_load_next
                0x00000000000298d0       0x30 Output/nrf52832_xxaa/Obj/tag/nrf_fstorage_sd.o
 .text.queue_process
                0x0000000000029900       0xb4 Output/nrf52832_xxaa/Obj/tag/nrf_fstorage_sd.o
 .text.queue_start
                0x00000000000299b4       0x38 Output/nrf52832_xxaa/Obj/tag/nrf_fstorage_sd.o
 .text.on_operation_success
                0x00000000000299ec       0x78 Output/nrf52832_xxaa/Obj/tag/nrf_fstorage_sd.o
 .text.on_operation_failure
                0x0000000000029a64       0x2c Output/nrf52832_xxaa/Obj/tag/nrf_fstorage_sd.o
 .text.init     0x0000000000029a90       0x4c Output/nrf52832_xxaa/Obj/tag/nrf_fstorage_sd.o
 .text.uninit   0x0000000000029adc       0x2c Output/nrf52832_xxaa/Obj/tag/nrf_fstorage_sd.o
 .text.write    0x0000000000029b08       0x70 Output/nrf52832_xxaa/Obj/tag/nrf_fstorage_sd.o
 .text.read     0x0000000000029b78       0x22 Output/nrf52832_xxaa/Obj/tag/nrf_fstorage_sd.o
 *fill*         0x0000000000029b9a        0x2 
 .text.erase    0x0000000000029b9c       0x74 Output/nrf52832_xxaa/Obj/tag/nrf_fstorage_sd.o
 .text.rmap     0x0000000000029c10        0xe Output/nrf52832_xxaa/Obj/tag/nrf_fstorage_sd.o
 .text.wmap     0x0000000000029c1e        0xe Output/nrf52832_xxaa/Obj/tag/nrf_fstorage_sd.o
 .text.is_busy  0x0000000000029c2c       0x1c Output/nrf52832_xxaa/Obj/tag/nrf_fstorage_sd.o
 .text.nrf_fstorage_sys_evt_handler
                0x0000000000029c48       0xa8 Output/nrf52832_xxaa/Obj/tag/nrf_fstorage_sd.o
                0x0000000000029c48                nrf_fstorage_sys_evt_handler
 .text.nrf_fstorage_sdh_req_handler
                0x0000000000029cf0       0x28 Output/nrf52832_xxaa/Obj/tag/nrf_fstorage_sd.o
                0x0000000000029cf0                nrf_fstorage_sdh_req_handler
 .text.nrf_fstorage_sdh_state_handler
                0x0000000000029d18       0x44 Output/nrf52832_xxaa/Obj/tag/nrf_fstorage_sd.o
                0x0000000000029d18                nrf_fstorage_sdh_state_handler
 .text.nrf_ble_gatt_on_ble_evt
                0x0000000000029d5c       0x18 Output/nrf52832_xxaa/Obj/tag/nrf_ble_gatt.o
                0x0000000000029d5c                nrf_ble_gatt_on_ble_evt
 .text.ble_evt_handler
                0x0000000000029d74       0xb8 Output/nrf52832_xxaa/Obj/tag/os_ble.o
 .text.NVIC_EnableIRQ
                0x0000000000029e2c       0x2c Output/nrf52832_xxaa/Obj/tag/nrf_sdh.o
 .text.NVIC_DisableIRQ
                0x0000000000029e58       0x30 Output/nrf52832_xxaa/Obj/tag/nrf_sdh.o
 .text.NVIC_SetPriority
                0x0000000000029e88       0x50 Output/nrf52832_xxaa/Obj/tag/nrf_sdh.o
 .text.NVIC_GetPriority
                0x0000000000029ed8       0x48 Output/nrf52832_xxaa/Obj/tag/nrf_sdh.o
 .text.nrf_section_iter_get
                0x0000000000029f20        0xe Output/nrf52832_xxaa/Obj/tag/nrf_sdh.o
 .text.sd_softdevice_enable
                0x0000000000029f2e        0x8 Output/nrf52832_xxaa/Obj/tag/nrf_sdh.o
 .text.sd_softdevice_disable
                0x0000000000029f36        0x8 Output/nrf52832_xxaa/Obj/tag/nrf_sdh.o
 *fill*         0x0000000000029f3e        0x2 
 .text.__sd_nvic_app_accessible_irq
                0x0000000000029f40       0x58 Output/nrf52832_xxaa/Obj/tag/nrf_sdh.o
 .text.__sd_nvic_is_app_accessible_priority
                0x0000000000029f98       0x2c Output/nrf52832_xxaa/Obj/tag/nrf_sdh.o
 .text.sd_nvic_EnableIRQ
                0x0000000000029fc4       0x8c Output/nrf52832_xxaa/Obj/tag/nrf_sdh.o
 .text.sd_nvic_DisableIRQ
                0x000000000002a050       0x6c Output/nrf52832_xxaa/Obj/tag/nrf_sdh.o
 .text.sd_nvic_SetPriority
                0x000000000002a0bc       0x4a Output/nrf52832_xxaa/Obj/tag/nrf_sdh.o
 *fill*         0x000000000002a106        0x2 
 .text.sdh_request_observer_notify
                0x000000000002a108       0x64 Output/nrf52832_xxaa/Obj/tag/nrf_sdh.o
 .text.sdh_state_observer_notify
                0x000000000002a16c       0x58 Output/nrf52832_xxaa/Obj/tag/nrf_sdh.o
 .text.softdevices_evt_irq_enable
                0x000000000002a1c4       0x24 Output/nrf52832_xxaa/Obj/tag/nrf_sdh.o
 .text.softdevice_evt_irq_disable
                0x000000000002a1e8       0x24 Output/nrf52832_xxaa/Obj/tag/nrf_sdh.o
 .text.swi_interrupt_priority_workaround
                0x000000000002a20c       0x40 Output/nrf52832_xxaa/Obj/tag/nrf_sdh.o
 .text.nrf_sdh_enable_request
                0x000000000002a24c       0x88 Output/nrf52832_xxaa/Obj/tag/nrf_sdh.o
                0x000000000002a24c                nrf_sdh_enable_request
 .text.nrf_sdh_disable_request
                0x000000000002a2d4       0x6c Output/nrf52832_xxaa/Obj/tag/nrf_sdh.o
                0x000000000002a2d4                nrf_sdh_disable_request
 .text.nrf_sdh_request_continue
                0x000000000002a340       0x38 Output/nrf52832_xxaa/Obj/tag/nrf_sdh.o
                0x000000000002a340                nrf_sdh_request_continue
 .text.nrf_sdh_is_enabled
                0x000000000002a378        0xc Output/nrf52832_xxaa/Obj/tag/nrf_sdh.o
                0x000000000002a378                nrf_sdh_is_enabled
 .text.nrf_sdh_evts_poll
                0x000000000002a384       0x50 Output/nrf52832_xxaa/Obj/tag/nrf_sdh.o
                0x000000000002a384                nrf_sdh_evts_poll
 .text.SWI2_EGU2_IRQHandler
                0x000000000002a3d4        0xa Output/nrf52832_xxaa/Obj/tag/nrf_sdh.o
                0x000000000002a3d4                SWI2_EGU2_IRQHandler
 .text.sd_ble_evt_get
                0x000000000002a3de        0x8 Output/nrf52832_xxaa/Obj/tag/nrf_sdh_ble.o
 .text.nrf_section_iter_get
                0x000000000002a3e6        0xe Output/nrf52832_xxaa/Obj/tag/nrf_sdh_ble.o
 .text.nrf_sdh_ble_evts_poll
                0x000000000002a3f4       0x80 Output/nrf52832_xxaa/Obj/tag/nrf_sdh_ble.o
 .text.nrf_section_iter_get
                0x000000000002a474        0xe Output/nrf52832_xxaa/Obj/tag/nrf_sdh_soc.o
 .text.sd_evt_get
                0x000000000002a482        0x8 Output/nrf52832_xxaa/Obj/tag/nrf_sdh_soc.o
 *fill*         0x000000000002a48a        0x2 
 .text.nrf_sdh_soc_evts_poll
                0x000000000002a48c       0x70 Output/nrf52832_xxaa/Obj/tag/nrf_sdh_soc.o
 .text.dwt_initialise
                0x000000000002a4fc      0x184 Output/nrf52832_xxaa/Obj/tag/deca_device.o
                0x000000000002a4fc                dwt_initialise
 .text.dwt_readdevid
                0x000000000002a680       0x10 Output/nrf52832_xxaa/Obj/tag/deca_device.o
                0x000000000002a680                dwt_readdevid
 .text.dwt_configure
                0x000000000002a690      0x304 Output/nrf52832_xxaa/Obj/tag/deca_device.o
                0x000000000002a690                dwt_configure
 .text.dwt_setrxantennadelay
                0x000000000002a994       0x22 Output/nrf52832_xxaa/Obj/tag/deca_device.o
                0x000000000002a994                dwt_setrxantennadelay
 .text.dwt_settxantennadelay
                0x000000000002a9b6       0x20 Output/nrf52832_xxaa/Obj/tag/deca_device.o
                0x000000000002a9b6                dwt_settxantennadelay
 .text.dwt_readrxdata
                0x000000000002a9d6       0x2a Output/nrf52832_xxaa/Obj/tag/deca_device.o
                0x000000000002a9d6                dwt_readrxdata
 .text.dwt_readrxtimestamp
                0x000000000002aa00       0x1a Output/nrf52832_xxaa/Obj/tag/deca_device.o
                0x000000000002aa00                dwt_readrxtimestamp
 .text.dwt_writetodevice
                0x000000000002aa1a       0xbc Output/nrf52832_xxaa/Obj/tag/deca_device.o
                0x000000000002aa1a                dwt_writetodevice
 .text.dwt_readfromdevice
                0x000000000002aad6       0xb6 Output/nrf52832_xxaa/Obj/tag/deca_device.o
                0x000000000002aad6                dwt_readfromdevice
 .text.dwt_read32bitoffsetreg
                0x000000000002ab8c       0x48 Output/nrf52832_xxaa/Obj/tag/deca_device.o
                0x000000000002ab8c                dwt_read32bitoffsetreg
 .text.dwt_read16bitoffsetreg
                0x000000000002abd4       0x40 Output/nrf52832_xxaa/Obj/tag/deca_device.o
                0x000000000002abd4                dwt_read16bitoffsetreg
 .text.dwt_read8bitoffsetreg
                0x000000000002ac14       0x26 Output/nrf52832_xxaa/Obj/tag/deca_device.o
                0x000000000002ac14                dwt_read8bitoffsetreg
 .text.dwt_write8bitoffsetreg
                0x000000000002ac3a       0x28 Output/nrf52832_xxaa/Obj/tag/deca_device.o
                0x000000000002ac3a                dwt_write8bitoffsetreg
 .text.dwt_write16bitoffsetreg
                0x000000000002ac62       0x3e Output/nrf52832_xxaa/Obj/tag/deca_device.o
                0x000000000002ac62                dwt_write16bitoffsetreg
 .text.dwt_write32bitoffsetreg
                0x000000000002aca0       0x48 Output/nrf52832_xxaa/Obj/tag/deca_device.o
                0x000000000002aca0                dwt_write32bitoffsetreg
 .text._dwt_otpread
                0x000000000002ace8       0x3c Output/nrf52832_xxaa/Obj/tag/deca_device.o
                0x000000000002ace8                _dwt_otpread
 .text._dwt_aonarrayupload
                0x000000000002ad24       0x1a Output/nrf52832_xxaa/Obj/tag/deca_device.o
                0x000000000002ad24                _dwt_aonarrayupload
 .text._dwt_configlde
                0x000000000002ad3e       0x3e Output/nrf52832_xxaa/Obj/tag/deca_device.o
                0x000000000002ad3e                _dwt_configlde
 .text._dwt_loaducodefromrom
                0x000000000002ad7c       0x24 Output/nrf52832_xxaa/Obj/tag/deca_device.o
                0x000000000002ad7c                _dwt_loaducodefromrom
 .text._dwt_enableclocks
                0x000000000002ada0      0x158 Output/nrf52832_xxaa/Obj/tag/deca_device.o
                0x000000000002ada0                _dwt_enableclocks
 .text._dwt_disablesequencing
                0x000000000002aef8       0x16 Output/nrf52832_xxaa/Obj/tag/deca_device.o
                0x000000000002aef8                _dwt_disablesequencing
 *fill*         0x000000000002af0e        0x2 
 .text.dwt_forcetrxoff
                0x000000000002af10       0x60 Output/nrf52832_xxaa/Obj/tag/deca_device.o
                0x000000000002af10                dwt_forcetrxoff
 .text.dwt_syncrxbufptrs
                0x000000000002af70       0x38 Output/nrf52832_xxaa/Obj/tag/deca_device.o
                0x000000000002af70                dwt_syncrxbufptrs
 .text.dwt_rxenable
                0x000000000002afa8       0x8e Output/nrf52832_xxaa/Obj/tag/deca_device.o
                0x000000000002afa8                dwt_rxenable
 *fill*         0x000000000002b036        0x2 
 .text.dwt_setrxtimeout
                0x000000000002b038       0x90 Output/nrf52832_xxaa/Obj/tag/deca_device.o
                0x000000000002b038                dwt_setrxtimeout
 .text.dwt_rxreset
                0x000000000002b0c8       0x1a Output/nrf52832_xxaa/Obj/tag/deca_device.o
                0x000000000002b0c8                dwt_rxreset
 *fill*         0x000000000002b0e2        0x2 
 .text.dwt_softreset
                0x000000000002b0e4       0x48 Output/nrf52832_xxaa/Obj/tag/deca_device.o
                0x000000000002b0e4                dwt_softreset
 .text.dwt_setxtaltrim
                0x000000000002b12c       0x34 Output/nrf52832_xxaa/Obj/tag/deca_device.o
                0x000000000002b12c                dwt_setxtaltrim
 .text.nrf_gpio_pin_port_decode
                0x000000000002b160        0xe Output/nrf52832_xxaa/Obj/tag/port_platform.o
 .text.nrf_gpio_cfg
                0x000000000002b16e       0x62 Output/nrf52832_xxaa/Obj/tag/port_platform.o
 .text.nrf_gpio_cfg_output
                0x000000000002b1d0       0x22 Output/nrf52832_xxaa/Obj/tag/port_platform.o
 .text.nrf_gpio_cfg_input
                0x000000000002b1f2       0x2a Output/nrf52832_xxaa/Obj/tag/port_platform.o
 .text.nrf_gpio_pin_clear
                0x000000000002b21c       0x28 Output/nrf52832_xxaa/Obj/tag/port_platform.o
 .text.nrf_gpio_port_out_clear
                0x000000000002b244       0x14 Output/nrf52832_xxaa/Obj/tag/port_platform.o
 .text.nrf_delay_us
                0x000000000002b258       0xa0 Output/nrf52832_xxaa/Obj/tag/port_platform.o
 .text.nrf_delay_ms
                0x000000000002b2f8       0x1e Output/nrf52832_xxaa/Obj/tag/port_platform.o
 *fill*         0x000000000002b316        0x2 
 .text.spi_event_handler
                0x000000000002b318       0x18 Output/nrf52832_xxaa/Obj/tag/port_platform.o
                0x000000000002b318                spi_event_handler
 .text.readfromspi
                0x000000000002b330      0x144 Output/nrf52832_xxaa/Obj/tag/port_platform.o
                0x000000000002b330                readfromspi
 .text.writetospi
                0x000000000002b474      0x130 Output/nrf52832_xxaa/Obj/tag/port_platform.o
                0x000000000002b474                writetospi
 .text.reset_DW1000
                0x000000000002b5a4       0x26 Output/nrf52832_xxaa/Obj/tag/port_platform.o
                0x000000000002b5a4                reset_DW1000
 *fill*         0x000000000002b5ca        0x2 
 .text.port_set_dw1000_slowrate
                0x000000000002b5cc       0x48 Output/nrf52832_xxaa/Obj/tag/port_platform.o
                0x000000000002b5cc                port_set_dw1000_slowrate
 .text.port_set_dw1000_fastrate
                0x000000000002b614       0x4c Output/nrf52832_xxaa/Obj/tag/port_platform.o
                0x000000000002b614                port_set_dw1000_fastrate
 .text.deca_sleep
                0x000000000002b660       0x14 Output/nrf52832_xxaa/Obj/tag/port_platform.o
                0x000000000002b660                deca_sleep
 .text.decamutexon
                0x000000000002b674        0x6 Output/nrf52832_xxaa/Obj/tag/port_platform.o
                0x000000000002b674                decamutexon
 .text.decamutexoff
                0x000000000002b67a        0xa Output/nrf52832_xxaa/Obj/tag/port_platform.o
                0x000000000002b67a                decamutexoff
 .text.vListInitialise
                0x000000000002b684       0x36 Output/nrf52832_xxaa/Obj/tag/list.o
                0x000000000002b684                vListInitialise
 .text.vListInitialiseItem
                0x000000000002b6ba       0x10 Output/nrf52832_xxaa/Obj/tag/list.o
                0x000000000002b6ba                vListInitialiseItem
 .text.vListInsertEnd
                0x000000000002b6ca       0x3e Output/nrf52832_xxaa/Obj/tag/list.o
                0x000000000002b6ca                vListInsertEnd
 .text.vListInsert
                0x000000000002b708       0x68 Output/nrf52832_xxaa/Obj/tag/list.o
                0x000000000002b708                vListInsert
 .text.uxListRemove
                0x000000000002b770       0x4a Output/nrf52832_xxaa/Obj/tag/list.o
                0x000000000002b770                uxListRemove
 .text.ulPortRaiseBASEPRI
                0x000000000002b7ba       0x20 Output/nrf52832_xxaa/Obj/tag/queue.o
 *fill*         0x000000000002b7da        0x2 
 .text.xQueueGenericReset
                0x000000000002b7dc       0xb8 Output/nrf52832_xxaa/Obj/tag/queue.o
                0x000000000002b7dc                xQueueGenericReset
 .text.xQueueGenericCreate
                0x000000000002b894       0x7a Output/nrf52832_xxaa/Obj/tag/queue.o
                0x000000000002b894                xQueueGenericCreate
 *fill*         0x000000000002b90e        0x2 
 .text.xQueueGenericSend
                0x000000000002b910      0x15c Output/nrf52832_xxaa/Obj/tag/queue.o
                0x000000000002b910                xQueueGenericSend
 .text.xQueueGenericSendFromISR
                0x000000000002ba6c       0x8c Output/nrf52832_xxaa/Obj/tag/queue.o
                0x000000000002ba6c                xQueueGenericSendFromISR
 .text.xQueueGenericReceive
                0x000000000002baf8      0x1a8 Output/nrf52832_xxaa/Obj/tag/queue.o
                0x000000000002baf8                xQueueGenericReceive
 .text.prvCopyDataToQueue
                0x000000000002bca0       0xd4 Output/nrf52832_xxaa/Obj/tag/queue.o
 .text.prvCopyDataFromQueue
                0x000000000002bd74       0x4a Output/nrf52832_xxaa/Obj/tag/queue.o
 .text.prvUnlockQueue
                0x000000000002bdbe       0x96 Output/nrf52832_xxaa/Obj/tag/queue.o
 .text.prvIsQueueEmpty
                0x000000000002be54       0x2a Output/nrf52832_xxaa/Obj/tag/queue.o
 .text.prvIsQueueFull
                0x000000000002be7e       0x2e Output/nrf52832_xxaa/Obj/tag/queue.o
 .text.vQueueAddToRegistry
                0x000000000002beac       0x48 Output/nrf52832_xxaa/Obj/tag/queue.o
                0x000000000002beac                vQueueAddToRegistry
 .text.vQueueWaitForMessageRestricted
                0x000000000002bef4       0x56 Output/nrf52832_xxaa/Obj/tag/queue.o
                0x000000000002bef4                vQueueWaitForMessageRestricted
 *fill*         0x000000000002bf4a        0x2 
 .text.xTaskGenericCreate
                0x000000000002bf4c      0x154 Output/nrf52832_xxaa/Obj/tag/tasks.o
                0x000000000002bf4c                xTaskGenericCreate
 .text.vTaskStartScheduler
                0x000000000002c0a0       0x6c Output/nrf52832_xxaa/Obj/tag/tasks.o
                0x000000000002c0a0                vTaskStartScheduler
 .text.vTaskSuspendAll
                0x000000000002c10c       0x14 Output/nrf52832_xxaa/Obj/tag/tasks.o
                0x000000000002c10c                vTaskSuspendAll
 .text.xTaskResumeAll
                0x000000000002c120      0x114 Output/nrf52832_xxaa/Obj/tag/tasks.o
                0x000000000002c120                xTaskResumeAll
 .text.xTaskGetTickCount
                0x000000000002c234       0x14 Output/nrf52832_xxaa/Obj/tag/tasks.o
                0x000000000002c234                xTaskGetTickCount
 .text.xTaskIncrementTick
                0x000000000002c248      0x13c Output/nrf52832_xxaa/Obj/tag/tasks.o
                0x000000000002c248                xTaskIncrementTick
 .text.vTaskSwitchContext
                0x000000000002c384       0x90 Output/nrf52832_xxaa/Obj/tag/tasks.o
                0x000000000002c384                vTaskSwitchContext
 .text.vTaskPlaceOnEventList
                0x000000000002c414       0x60 Output/nrf52832_xxaa/Obj/tag/tasks.o
                0x000000000002c414                vTaskPlaceOnEventList
 .text.vTaskPlaceOnEventListRestricted
                0x000000000002c474       0x44 Output/nrf52832_xxaa/Obj/tag/tasks.o
                0x000000000002c474                vTaskPlaceOnEventListRestricted
 .text.xTaskRemoveFromEventList
                0x000000000002c4b8       0xa8 Output/nrf52832_xxaa/Obj/tag/tasks.o
                0x000000000002c4b8                xTaskRemoveFromEventList
 .text.vTaskSetTimeOutState
                0x000000000002c560       0x24 Output/nrf52832_xxaa/Obj/tag/tasks.o
                0x000000000002c560                vTaskSetTimeOutState
 .text.xTaskCheckForTimeOut
                0x000000000002c584       0x88 Output/nrf52832_xxaa/Obj/tag/tasks.o
                0x000000000002c584                xTaskCheckForTimeOut
 .text.vTaskMissedYield
                0x000000000002c60c       0x10 Output/nrf52832_xxaa/Obj/tag/tasks.o
                0x000000000002c60c                vTaskMissedYield
 .text.prvIdleTask
                0x000000000002c61c       0x34 Output/nrf52832_xxaa/Obj/tag/tasks.o
 .text.prvInitialiseTCBVariables
                0x000000000002c650       0xa6 Output/nrf52832_xxaa/Obj/tag/tasks.o
 *fill*         0x000000000002c6f6        0x2 
 .text.prvInitialiseTaskLists
                0x000000000002c6f8       0x7c Output/nrf52832_xxaa/Obj/tag/tasks.o
 .text.prvCheckTasksWaitingTermination
                0x000000000002c774       0x78 Output/nrf52832_xxaa/Obj/tag/tasks.o
 .text.prvAddCurrentTaskToDelayedList
                0x000000000002c7ec       0x6c Output/nrf52832_xxaa/Obj/tag/tasks.o
 .text.prvAllocateTCBAndStack
                0x000000000002c858       0x70 Output/nrf52832_xxaa/Obj/tag/tasks.o
 .text.prvDeleteTCB
                0x000000000002c8c8       0x1e Output/nrf52832_xxaa/Obj/tag/tasks.o
 *fill*         0x000000000002c8e6        0x2 
 .text.prvResetNextTaskUnblockTime
                0x000000000002c8e8       0x40 Output/nrf52832_xxaa/Obj/tag/tasks.o
 .text.xTaskGetSchedulerState
                0x000000000002c928       0x34 Output/nrf52832_xxaa/Obj/tag/tasks.o
                0x000000000002c928                xTaskGetSchedulerState
 .text.vTaskPriorityInherit
                0x000000000002c95c       0xbc Output/nrf52832_xxaa/Obj/tag/tasks.o
                0x000000000002c95c                vTaskPriorityInherit
 .text.xTaskPriorityDisinherit
                0x000000000002ca18       0x98 Output/nrf52832_xxaa/Obj/tag/tasks.o
                0x000000000002ca18                xTaskPriorityDisinherit
 .text.pvTaskIncrementMutexHeldCount
                0x000000000002cab0       0x20 Output/nrf52832_xxaa/Obj/tag/tasks.o
                0x000000000002cab0                pvTaskIncrementMutexHeldCount
 .text.xTimerCreateTimerTask
                0x000000000002cad0       0x4c Output/nrf52832_xxaa/Obj/tag/timers.o
                0x000000000002cad0                xTimerCreateTimerTask
 .text.xTimerGenericCommand
                0x000000000002cb1c       0x78 Output/nrf52832_xxaa/Obj/tag/timers.o
                0x000000000002cb1c                xTimerGenericCommand
 .text.prvProcessExpiredTimer
                0x000000000002cb94       0x64 Output/nrf52832_xxaa/Obj/tag/timers.o
 .text.prvTimerTask
                0x000000000002cbf8       0x20 Output/nrf52832_xxaa/Obj/tag/timers.o
 .text.prvProcessTimerOrBlockTask
                0x000000000002cc18       0x80 Output/nrf52832_xxaa/Obj/tag/timers.o
 .text.prvGetNextExpireTime
                0x000000000002cc98       0x40 Output/nrf52832_xxaa/Obj/tag/timers.o
 .text.prvSampleTimeNow
                0x000000000002ccd8       0x3c Output/nrf52832_xxaa/Obj/tag/timers.o
 .text.prvInsertTimerInActiveList
                0x000000000002cd14       0x84 Output/nrf52832_xxaa/Obj/tag/timers.o
 .text.prvProcessReceivedCommands
                0x000000000002cd98      0x104 Output/nrf52832_xxaa/Obj/tag/timers.o
 .text.prvSwitchTimerLists
                0x000000000002ce9c       0xa4 Output/nrf52832_xxaa/Obj/tag/timers.o
 .text.prvCheckForValidListAndQueue
                0x000000000002cf40       0x6c Output/nrf52832_xxaa/Obj/tag/timers.o
 .text.pvPortMalloc
                0x000000000002cfac       0x88 Output/nrf52832_xxaa/Obj/tag/heap_1.o
                0x000000000002cfac                pvPortMalloc
 .text.vPortFree
                0x000000000002d034        0xa Output/nrf52832_xxaa/Obj/tag/heap_1.o
                0x000000000002d034                vPortFree
 *fill*         0x000000000002d03e        0x2 
 .text.NVIC_SetPriority
                0x000000000002d040       0x50 Output/nrf52832_xxaa/Obj/tag/port_cmsis.o
 .text.pxPortInitialiseStack
                0x000000000002d090       0x60 Output/nrf52832_xxaa/Obj/tag/port_cmsis.o
                0x000000000002d090                pxPortInitialiseStack
 .text.prvTaskExitError
                0x000000000002d0f0       0x10 Output/nrf52832_xxaa/Obj/tag/port_cmsis.o
 .text.xPortStartScheduler
                0x000000000002d100       0x4c Output/nrf52832_xxaa/Obj/tag/port_cmsis.o
                0x000000000002d100                xPortStartScheduler
 .text.vPortEnterCritical
                0x000000000002d14c       0x24 Output/nrf52832_xxaa/Obj/tag/port_cmsis.o
                0x000000000002d14c                vPortEnterCritical
 .text.vPortExitCritical
                0x000000000002d170       0x2c Output/nrf52832_xxaa/Obj/tag/port_cmsis.o
                0x000000000002d170                vPortExitCritical
 .text.vPortEnableVFP
                0x000000000002d19c       0x18 Output/nrf52832_xxaa/Obj/tag/port_cmsis.o
 .text.NVIC_EnableIRQ
                0x000000000002d1b4       0x2c Output/nrf52832_xxaa/Obj/tag/port_cmsis_systick.o
 .text.NVIC_SetPriority
                0x000000000002d1e0       0x50 Output/nrf52832_xxaa/Obj/tag/port_cmsis_systick.o
 .text.ulPortRaiseBASEPRI
                0x000000000002d230       0x20 Output/nrf52832_xxaa/Obj/tag/port_cmsis_systick.o
 .text.nrf_rtc_int_enable
                0x000000000002d250       0x14 Output/nrf52832_xxaa/Obj/tag/port_cmsis_systick.o
 .text.nrf_rtc_event_clear
                0x000000000002d264       0x2a Output/nrf52832_xxaa/Obj/tag/port_cmsis_systick.o
 .text.nrf_rtc_counter_get
                0x000000000002d28e       0x10 Output/nrf52832_xxaa/Obj/tag/port_cmsis_systick.o
 .text.nrf_rtc_prescaler_set
                0x000000000002d29e       0x14 Output/nrf52832_xxaa/Obj/tag/port_cmsis_systick.o
 .text.nrf_rtc_task_trigger
                0x000000000002d2b2       0x1e Output/nrf52832_xxaa/Obj/tag/port_cmsis_systick.o
 .text.nrf_rtc_event_enable
                0x000000000002d2d0       0x14 Output/nrf52832_xxaa/Obj/tag/port_cmsis_systick.o
 .text.RTC1_IRQHandler
                0x000000000002d2e4       0x88 Output/nrf52832_xxaa/Obj/tag/port_cmsis_systick.o
                0x000000000002d2e4                RTC1_IRQHandler
 .text.vPortSetupTimerInterrupt
                0x000000000002d36c       0x48 Output/nrf52832_xxaa/Obj/tag/port_cmsis_systick.o
                0x000000000002d36c                vPortSetupTimerInterrupt
 .text.vPortStartFirstTask
                0x000000000002d3b4       0x28 Output/nrf52832_xxaa/Obj/tag/port.o
                0x000000000002d3b4                vPortStartFirstTask
 .text.SVC_Handler
                0x000000000002d3dc       0x24 Output/nrf52832_xxaa/Obj/tag/port.o
                0x000000000002d3dc                SVC_Handler
 .text.PendSV_Handler
                0x000000000002d400       0x64 Output/nrf52832_xxaa/Obj/tag/port.o
                0x000000000002d400                PendSV_Handler
 .text.boUART_Init
                0x000000000002d464       0x4c Output/nrf52832_xxaa/Obj/tag/UART.o
                0x000000000002d464                boUART_Init
 .text.vUartErrorHandle
                0x000000000002d4b0       0x34 Output/nrf52832_xxaa/Obj/tag/UART.o
 .text.vHandleUartInternalErrors
                0x000000000002d4e4        0xa Output/nrf52832_xxaa/Obj/tag/UART.o
 .text.nrf_gpio_pin_port_decode
                0x000000000002d4ee        0xe Output/nrf52832_xxaa/Obj/tag/TDOA.o
 .text.nrf_gpio_pin_set
                0x000000000002d4fc       0x28 Output/nrf52832_xxaa/Obj/tag/TDOA.o
 .text.nrf_gpio_pin_clear
                0x000000000002d524       0x28 Output/nrf52832_xxaa/Obj/tag/TDOA.o
 .text.nrf_gpio_port_out_set
                0x000000000002d54c       0x14 Output/nrf52832_xxaa/Obj/tag/TDOA.o
 .text.nrf_gpio_port_out_clear
                0x000000000002d560       0x14 Output/nrf52832_xxaa/Obj/tag/TDOA.o
 .text.tag_tdoa_run
                0x000000000002d574      0x4a0 Output/nrf52832_xxaa/Obj/tag/TDOA.o
                0x000000000002d574                tag_tdoa_run
 .text.get_rx_timestamp_u64
                0x000000000002da14       0xde Output/nrf52832_xxaa/Obj/tag/TDOA.o
 *fill*         0x000000000002daf2        0x6 
 .text.rTDoA    0x000000000002daf8      0x7c4 Output/nrf52832_xxaa/Obj/tag/rTDoA_est.o
                0x000000000002daf8                rTDoA
 .text.transpose
                0x000000000002e2bc       0x62 Output/nrf52832_xxaa/Obj/tag/linear_algebra.o
                0x000000000002e2bc                transpose
 .text.matrix_mult
                0x000000000002e31e       0xc6 Output/nrf52832_xxaa/Obj/tag/linear_algebra.o
                0x000000000002e31e                matrix_mult
 .text.get_cofactor
                0x000000000002e3e4       0x96 Output/nrf52832_xxaa/Obj/tag/linear_algebra.o
                0x000000000002e3e4                get_cofactor
 .text.determinant
                0x000000000002e47a      0x266 Output/nrf52832_xxaa/Obj/tag/linear_algebra.o
                0x000000000002e47a                determinant
 .text.adjoint  0x000000000002e6e0      0x138 Output/nrf52832_xxaa/Obj/tag/linear_algebra.o
                0x000000000002e6e0                adjoint
 .text.inverse  0x000000000002e818      0x110 Output/nrf52832_xxaa/Obj/tag/linear_algebra.o
                0x000000000002e818                inverse
 .text.pseudoinverse
                0x000000000002e928      0x1c0 Output/nrf52832_xxaa/Obj/tag/linear_algebra.o
                0x000000000002e928                pseudoinverse
 .text.vTWI_Init
                0x000000000002eae8       0x64 Output/nrf52832_xxaa/Obj/tag/twi.o
                0x000000000002eae8                vTWI_Init
 .text.vTWI_Read
                0x000000000002eb4c       0x84 Output/nrf52832_xxaa/Obj/tag/twi.o
                0x000000000002eb4c                vTWI_Read
 .text.vSetSubAdd
                0x000000000002ebd0       0x6c Output/nrf52832_xxaa/Obj/tag/twi.o
 .text.vEventHandler
                0x000000000002ec3c       0x54 Output/nrf52832_xxaa/Obj/tag/twi.o
 .text.vTWI_Write_my
                0x000000000002ec90       0xb8 Output/nrf52832_xxaa/Obj/tag/twi.o
                0x000000000002ec90                vTWI_Write_my
 .text.lis2dh12_read_reg
                0x000000000002ed48       0x34 Output/nrf52832_xxaa/Obj/tag/lis2dh12_reg.o
                0x000000000002ed48                lis2dh12_read_reg
 .text.lis2dh12_write_reg
                0x000000000002ed7c       0x34 Output/nrf52832_xxaa/Obj/tag/lis2dh12_reg.o
                0x000000000002ed7c                lis2dh12_write_reg
 .text.lis2dh12_temperature_meas_set
                0x000000000002edb0       0x5a Output/nrf52832_xxaa/Obj/tag/lis2dh12_reg.o
                0x000000000002edb0                lis2dh12_temperature_meas_set
 .text.lis2dh12_operating_mode_set
                0x000000000002ee0a       0xc0 Output/nrf52832_xxaa/Obj/tag/lis2dh12_reg.o
                0x000000000002ee0a                lis2dh12_operating_mode_set
 .text.lis2dh12_data_rate_set
                0x000000000002eeca       0x4e Output/nrf52832_xxaa/Obj/tag/lis2dh12_reg.o
                0x000000000002eeca                lis2dh12_data_rate_set
 .text.lis2dh12_full_scale_set
                0x000000000002ef18       0x4e Output/nrf52832_xxaa/Obj/tag/lis2dh12_reg.o
                0x000000000002ef18                lis2dh12_full_scale_set
 .text.lis2dh12_block_data_update_set
                0x000000000002ef66       0x4e Output/nrf52832_xxaa/Obj/tag/lis2dh12_reg.o
                0x000000000002ef66                lis2dh12_block_data_update_set
 .text.lis2dh12_device_id_get
                0x000000000002efb4       0x20 Output/nrf52832_xxaa/Obj/tag/lis2dh12_reg.o
                0x000000000002efb4                lis2dh12_device_id_get
 .text.lis2dh12_self_test_set
                0x000000000002efd4       0x4e Output/nrf52832_xxaa/Obj/tag/lis2dh12_reg.o
                0x000000000002efd4                lis2dh12_self_test_set
 .text.lis2dh12_fifo_mode_set
                0x000000000002f022       0x4e Output/nrf52832_xxaa/Obj/tag/lis2dh12_reg.o
                0x000000000002f022                lis2dh12_fifo_mode_set
 .text.platform_write
                0x000000000002f070       0x36 Output/nrf52832_xxaa/Obj/tag/lis2dh12_reg.o
 .text.platform_read
                0x000000000002f0a6       0x36 Output/nrf52832_xxaa/Obj/tag/lis2dh12_reg.o
 .text.lis2dh12_enable_all_acc_axis
                0x000000000002f0dc       0x56 Output/nrf52832_xxaa/Obj/tag/lis2dh12_reg.o
                0x000000000002f0dc                lis2dh12_enable_all_acc_axis
 *fill*         0x000000000002f132        0x2 
 .text.lis2dh_init_bypass
                0x000000000002f134      0x170 Output/nrf52832_xxaa/Obj/tag/lis2dh12_reg.o
                0x000000000002f134                lis2dh_init_bypass
 .text.sd_app_evt_wait
                0x000000000002f2a4        0x8 Output/nrf52832_xxaa/Obj/tag/fds_manager.o
 .text.man_fds_power_manage
                0x000000000002f2ac        0xa Output/nrf52832_xxaa/Obj/tag/fds_manager.o
 *fill*         0x000000000002f2b6        0x2 
 .text.man_fds_evt_handler
                0x000000000002f2b8       0xd4 Output/nrf52832_xxaa/Obj/tag/fds_manager.o
 .text.man_fds_load_config
                0x000000000002f38c       0xfc Output/nrf52832_xxaa/Obj/tag/fds_manager.o
                0x000000000002f38c                man_fds_load_config
 .text.man_fds_init
                0x000000000002f488       0x74 Output/nrf52832_xxaa/Obj/tag/fds_manager.o
                0x000000000002f488                man_fds_init
 .text.man_fds_load_config_all
                0x000000000002f4fc       0x50 Output/nrf52832_xxaa/Obj/tag/fds_manager.o
                0x000000000002f4fc                man_fds_load_config_all
 .text.man_fds_gc
                0x000000000002f54c       0x30 Output/nrf52832_xxaa/Obj/tag/fds_manager.o
                0x000000000002f54c                man_fds_gc
 .text.man_fds_get_acc_config
                0x000000000002f57c        0xc Output/nrf52832_xxaa/Obj/tag/fds_manager.o
                0x000000000002f57c                man_fds_get_acc_config
 .text.__aeabi_dadd
                0x000000000002f588      0x244 E:/Program Files/SEGGER/SEGGER Embedded Studio for ARM 5.70a/lib/libm_v7em_fpv4_sp_d16_hard_t_le_eabi.a(libm_asm.o)
                0x000000000002f588                __aeabi_dadd
 .text.__aeabi_dsub
                0x000000000002f7cc        0x8 E:/Program Files/SEGGER/SEGGER Embedded Studio for ARM 5.70a/lib/libm_v7em_fpv4_sp_d16_hard_t_le_eabi.a(libm_asm.o)
                0x000000000002f7cc                __aeabi_dsub
 .text.__aeabi_dmul
                0x000000000002f7d4      0x138 E:/Program Files/SEGGER/SEGGER Embedded Studio for ARM 5.70a/lib/libm_v7em_fpv4_sp_d16_hard_t_le_eabi.a(libm_asm.o)
                0x000000000002f7d4                __aeabi_dmul
 .text.__aeabi_ddiv
                0x000000000002f90c      0x1cc E:/Program Files/SEGGER/SEGGER Embedded Studio for ARM 5.70a/lib/libm_v7em_fpv4_sp_d16_hard_t_le_eabi.a(libm_asm.o)
                0x000000000002f90c                __aeabi_ddiv
 .text.__aeabi_dcmple
                0x000000000002fad8       0x3c E:/Program Files/SEGGER/SEGGER Embedded Studio for ARM 5.70a/lib/libm_v7em_fpv4_sp_d16_hard_t_le_eabi.a(libm_asm.o)
                0x000000000002fad8                __aeabi_dcmple
 .text.__aeabi_dcmpeq
                0x000000000002fb14       0x34 E:/Program Files/SEGGER/SEGGER Embedded Studio for ARM 5.70a/lib/libm_v7em_fpv4_sp_d16_hard_t_le_eabi.a(libm_asm.o)
                0x000000000002fb14                __aeabi_dcmpeq
 .text.__aeabi_dcmpge
                0x000000000002fb48       0x3c E:/Program Files/SEGGER/SEGGER Embedded Studio for ARM 5.70a/lib/libm_v7em_fpv4_sp_d16_hard_t_le_eabi.a(libm_asm.o)
                0x000000000002fb48                __aeabi_dcmpge
 .text.__aeabi_dcmpgt
                0x000000000002fb84       0x38 E:/Program Files/SEGGER/SEGGER Embedded Studio for ARM 5.70a/lib/libm_v7em_fpv4_sp_d16_hard_t_le_eabi.a(libm_asm.o)
                0x000000000002fb84                __aeabi_dcmpgt
 .text.__aeabi_dcmplt
                0x000000000002fbbc       0x38 E:/Program Files/SEGGER/SEGGER Embedded Studio for ARM 5.70a/lib/libm_v7em_fpv4_sp_d16_hard_t_le_eabi.a(libm_asm.o)
                0x000000000002fbbc                __aeabi_dcmplt
 .text.__aeabi_d2iz
                0x000000000002fbf4       0x4c E:/Program Files/SEGGER/SEGGER Embedded Studio for ARM 5.70a/lib/libm_v7em_fpv4_sp_d16_hard_t_le_eabi.a(libm_asm.o)
                0x000000000002fbf4                __aeabi_d2iz
 .text.__aeabi_i2d
                0x000000000002fc40       0x28 E:/Program Files/SEGGER/SEGGER Embedded Studio for ARM 5.70a/lib/libm_v7em_fpv4_sp_d16_hard_t_le_eabi.a(libm_asm.o)
                0x000000000002fc40                __aeabi_i2d
 .text.__aeabi_ul2d
                0x000000000002fc68       0x5c E:/Program Files/SEGGER/SEGGER Embedded Studio for ARM 5.70a/lib/libm_v7em_fpv4_sp_d16_hard_t_le_eabi.a(libm_asm.o)
                0x000000000002fc68                __aeabi_ul2d
 .text.__aeabi_f2d
                0x000000000002fcc4       0x34 E:/Program Files/SEGGER/SEGGER Embedded Studio for ARM 5.70a/lib/libm_v7em_fpv4_sp_d16_hard_t_le_eabi.a(libm_asm.o)
                0x000000000002fcc4                __aeabi_f2d
 .text.__aeabi_d2f
                0x000000000002fcf8       0x54 E:/Program Files/SEGGER/SEGGER Embedded Studio for ARM 5.70a/lib/libm_v7em_fpv4_sp_d16_hard_t_le_eabi.a(libm_asm.o)
                0x000000000002fcf8                __aeabi_d2f
 .text.__float64_isfinite
                0x000000000002fd4c       0x14 E:/Program Files/SEGGER/SEGGER Embedded Studio for ARM 5.70a/lib/libm_v7em_fpv4_sp_d16_hard_t_le_eabi.a(libm_asm.o)
                0x000000000002fd4c                __float64_isfinite
 .text.__float32_isinf
                0x000000000002fd60       0x14 E:/Program Files/SEGGER/SEGGER Embedded Studio for ARM 5.70a/lib/libm_v7em_fpv4_sp_d16_hard_t_le_eabi.a(libm_asm.o)
                0x000000000002fd60                __float32_isinf
 .text.__float32_isnan
                0x000000000002fd74       0x14 E:/Program Files/SEGGER/SEGGER Embedded Studio for ARM 5.70a/lib/libm_v7em_fpv4_sp_d16_hard_t_le_eabi.a(libm_asm.o)
                0x000000000002fd74                __float32_isnan
 .text.__float64_isnan
                0x000000000002fd88       0x14 E:/Program Files/SEGGER/SEGGER Embedded Studio for ARM 5.70a/lib/libm_v7em_fpv4_sp_d16_hard_t_le_eabi.a(libm_asm.o)
                0x000000000002fd88                __float64_isnan
 .text.__float32_signbit
                0x000000000002fd9c        0xc E:/Program Files/SEGGER/SEGGER Embedded Studio for ARM 5.70a/lib/libm_v7em_fpv4_sp_d16_hard_t_le_eabi.a(libm_asm.o)
                0x000000000002fd9c                __float32_signbit
 .text.fabs     0x000000000002fda8       0x10 E:/Program Files/SEGGER/SEGGER Embedded Studio for ARM 5.70a/lib/libm_v7em_fpv4_sp_d16_hard_t_le_eabi.a(libm_asm.o)
                0x000000000002fda8                fabs(double)
                0x000000000002fda8                fabs
 .text.fabsf    0x000000000002fdb8        0x8 E:/Program Files/SEGGER/SEGGER Embedded Studio for ARM 5.70a/lib/libm_v7em_fpv4_sp_d16_hard_t_le_eabi.a(libm_asm.o)
                0x000000000002fdb8                fabsf
                0x000000000002fdb8                fabs(float)
 .text.floorf   0x000000000002fdc0       0x70 E:/Program Files/SEGGER/SEGGER Embedded Studio for ARM 5.70a/lib/libm_v7em_fpv4_sp_d16_hard_t_le_eabi.a(libm_asm.o)
                0x000000000002fdc0                floorf
                0x000000000002fdc0                floor(float)
 .text.frexpf   0x000000000002fe30       0x3c E:/Program Files/SEGGER/SEGGER Embedded Studio for ARM 5.70a/lib/libm_v7em_fpv4_sp_d16_hard_t_le_eabi.a(libm_asm.o)
                0x000000000002fe30                frexpf
                0x000000000002fe30                frexp(float, int*)
 .text.ldexpf   0x000000000002fe6c       0x48 E:/Program Files/SEGGER/SEGGER Embedded Studio for ARM 5.70a/lib/libm_v7em_fpv4_sp_d16_hard_t_le_eabi.a(libm_asm.o)
                0x000000000002fe6c                ldexp(float, int)
                0x000000000002fe6c                ldexpf
 .text.libc.frexp
                0x000000000002feb4       0x50 E:/Program Files/SEGGER/SEGGER Embedded Studio for ARM 5.70a/lib/libm_v7em_fpv4_sp_d16_hard_t_le_eabi.a(libm2.o)
                0x000000000002feb4                frexpl(long double, int*)
                0x000000000002feb4                frexpl
                0x000000000002feb4                frexp
                0x000000000002feb4                frexp(double, int*)
 *fill*         0x000000000002ff04        0x4 
 .text.libc.ldexp
                0x000000000002ff08       0x7c E:/Program Files/SEGGER/SEGGER Embedded Studio for ARM 5.70a/lib/libm_v7em_fpv4_sp_d16_hard_t_le_eabi.a(libm2.o)
                0x000000000002ff08                ldexpl(long double, int)
                0x000000000002ff08                ldexp
                0x000000000002ff08                ldexpl
                0x000000000002ff08                ldexp(double, int)
 *fill*         0x000000000002ff84        0x4 
 .text.libc.exp
                0x000000000002ff88      0x200 E:/Program Files/SEGGER/SEGGER Embedded Studio for ARM 5.70a/lib/libm_v7em_fpv4_sp_d16_hard_t_le_eabi.a(libm2.o)
                0x000000000002ff88                expl(long double)
                0x000000000002ff88                exp
                0x000000000002ff88                expl
                0x000000000002ff88                exp(double)
 .text.libc.log
                0x0000000000030188      0x230 E:/Program Files/SEGGER/SEGGER Embedded Studio for ARM 5.70a/lib/libm_v7em_fpv4_sp_d16_hard_t_le_eabi.a(libm2.o)
                0x0000000000030188                log(double)
                0x0000000000030188                logl
                0x0000000000030188                logl(long double)
                0x0000000000030188                log
 .text.libc.modff
                0x00000000000303b8       0x5c E:/Program Files/SEGGER/SEGGER Embedded Studio for ARM 5.70a/lib/libm_v7em_fpv4_sp_d16_hard_t_le_eabi.a(libm2.o)
                0x00000000000303b8                modf(float, float*)